.	O=0.9999933242797852|NORM=5.12461747348425e-06
@hitakshibawa	O=0.9999927282333374|NORM=4.892236574960407e-06
she	O=0.9999911785125732|NORM=7.636143891431857e-06
u/s	O=0.9999476671218872|NORM=5.0827773520722985e-05
d	NORM=0.999913215637207|O=7.736890984233469e-05
effect	O=0.9998766183853149|NORM=0.0001201423947350122
of	O=0.9999943971633911|NORM=4.421962785272626e-06
hungry	O=0.9999750852584839|NORM=2.0611125364666805e-05
-->	O=0.9999880790710449|NORM=8.99170663615223e-06
sleepy	O=0.9999922513961792|NORM=6.487513473985018e-06
->	O=0.9999915361404419|NORM=6.1130431276978925e-06
waking	O=0.9999841451644897|NORM=1.2921251254738308e-05
up	O=0.9999938011169434|NORM=5.228525424172403e-06
hungry	O=0.9999682903289795|NORM=2.7302698072162457e-05
cycle	O=0.9999619722366333|NORM=3.656615081126802e-05
:-d	O=0.9999948740005493|NORM=4.313708814152051e-06
n	NORM=0.9999316930770874|O=6.341523840092123e-05
upsc	NORM=0.9967145919799805|O=0.0032799704931676388
chaat	O=0.9999868869781494|NORM=1.2077399333065841e-05
wala	O=0.999987006187439|NORM=1.1387998711143155e-05
isnt	NORM=0.9999673366546631|O=2.656713877513539e-05
good	O=0.9999945163726807|NORM=4.3829300011566374e-06
nw	NORM=0.9996531009674072|O=0.0003390488272998482
@wearenewdelhi	O=0.9999957084655762|NORM=2.8412473511707503e-06
@beinganupama	O=0.9999951124191284|NORM=3.3139372135337908e-06

holds	O=0.9999806880950928|NORM=1.688222255324945e-05
head	O=0.9999637603759766|NORM=3.3449545298935845e-05
in	O=0.9999722242355347|NORM=2.3924832930788398e-05
hands	O=0.9999573230743408|NORM=3.9947299228515476e-05
har	NORM=0.9950644373893738|O=0.004927260335534811
u	NORM=0.999954104423523|O=4.062131483806297e-05
k	NORM=0.9962093830108643|O=0.003783663734793663
a	O=0.7797339558601379|NORM=0.22022683918476105

seeing	O=0.9999860525131226|NORM=1.1041186553484295e-05
oll	NORM=0.9847871661186218|O=0.01519520953297615
dogg	O=0.9999233484268188|NORM=7.302072481252253e-05
again	O=0.9999886751174927|NORM=9.375885383633431e-06
was	O=0.9999891519546509|NORM=9.863816558208782e-06
good'o	O=0.9978571534156799|NORM=0.0021370314061641693

