well	O=0.999901294708252|NORM=5.729881740990095e-05
.	O=0.9998821020126343|NORM=5.26559233549051e-05
baru	O=0.999687910079956|NORM=0.0002547531621530652
aja	NORM=0.9996411800384521|O=0.00020990226767025888
tengok	NORM=0.9565626978874207|O=0.04285251349210739
trending	O=0.9998313188552856|NORM=0.0001274039241252467
,	O=0.999890923500061|NORM=3.189218114130199e-05
ternyata	O=0.9999209642410278|NORM=4.886427632300183e-05
instagram	O=0.9997472167015076|NORM=0.00020208355272188783
down	O=0.999883770942688|NORM=9.050096559803933e-05
bersamaan	O=0.9947755336761475|NORM=0.00490442244336009
dengan	O=0.9998992681503296|NORM=5.332246291800402e-05
facebook	O=0.9998873472213745|NORM=7.039863703539595e-05
&	O=0.9999260902404785|NORM=3.753514829440974e-05
whatsapp	O=0.9998396635055542|NORM=0.0001121348759625107

@kearaeist	O=0.9999339580535889|NORM=3.8976228097453713e-05
itu	O=0.9999309778213501|NORM=4.175179128651507e-05
dia	O=0.9999474287033081|NORM=3.0824805435258895e-05
abis	NORM=0.9993956089019775|O=0.0004278827691450715
melakukan	O=0.9999328851699829|NORM=3.728545198100619e-05
nazar	O=0.9996744394302368|NORM=0.0002971788926515728
,	O=0.9998390674591064|NORM=4.592966797645204e-05
kalo	NORM=0.9997180104255676|O=0.00013541773660108447
dia	O=0.9999502897262573|NORM=3.062657197006047e-05
jadi	O=0.999943733215332|NORM=3.4745193261187524e-05
member	O=0.9999228715896606|NORM=4.703742160927504e-05
of	O=0.9999293088912964|NORM=4.313547833589837e-05
the	O=0.9999350309371948|NORM=3.301355900475755e-05
month	O=0.9999208450317383|NORM=4.3568972614593804e-05
dia	O=0.9999488592147827|NORM=3.201009167241864e-05
bakal	O=0.9999102354049683|NORM=6.536292494274676e-05
ngeplot	NORM=0.8937369585037231|O=0.10577143728733063
itu	O=0.9999200105667114|NORM=5.566767504205927e-05
dan	O=0.999942421913147|NORM=3.785896115005016e-05
ts	O=0.999843955039978|NORM=0.00012499371950980276
jadi	O=0.9999426603317261|NORM=3.634457607404329e-05
atta	O=0.9998632669448853|NORM=0.00011425886623328552
halilintar	O=0.9999111890792847|NORM=7.146846473915502e-05
2	O=0.999911904335022|NORM=6.16326360614039e-05
hari	O=0.9999158382415771|NORM=5.906106162001379e-05
:d	O=0.9996758699417114|NORM=0.0002761614741757512

kayaknya	NORM=0.9977800250053406|O=0.0020909488666802645
ada	O=0.9994309544563293|NORM=0.0004655968223232776
dua	O=0.9997374415397644|NORM=0.00018597304006107152
kavling	O=0.9780896902084351|NORM=0.021612124517560005
yg	NORM=0.9997480511665344|O=0.0001707089104456827
depan	O=0.9991430044174194|NORM=0.0006672126473858953
depanan	NORM=0.6598764657974243|O=0.339727520942688
sama	O=0.9996509552001953|NORM=0.0003207423724234104
stasiun	O=0.999496340751648|NORM=0.00040727463783696294
mrt	O=0.9959585070610046|NORM=0.003910247702151537
fatmawati	O=0.9976781010627747|NORM=0.002144257538020611
msh	NORM=0.9996895790100098|O=0.00021768586884718388
dibiarkan	O=0.9995459914207458|NORM=0.00038720728480257094
kosong	O=0.9997569918632507|NORM=0.0001928922429215163
.	O=0.9999074935913086|NORM=4.550079393084161e-05
property	O=0.9987664222717285|NORM=0.0009254562901332974
market	O=0.9997630715370178|NORM=0.0001487381086917594
has	O=0.9998992681503296|NORM=6.342533743008971e-05
not	O=0.9998871088027954|NORM=6.119097815826535e-05
catching	O=0.9997854828834534|NORM=0.00013924982340540737
up	O=0.9998577833175659|NORM=0.00010423899220768362
atau	O=0.9999127388000488|NORM=5.603719182545319e-05
emang	NORM=0.9997369647026062|O=0.00017845878028310835
lokasi	O=0.9994637370109558|NORM=0.0004061194777023047
stasiunnya	O=0.9998807907104492|NORM=9.448622586205602e-05
butut	O=0.9995887875556946|NORM=0.00036924643791280687
.	O=0.9998441934585571|NORM=6.773765926482156e-05

kalo	NORM=0.9996521472930908|O=0.00018178342725150287
selfi	O=0.9997566342353821|NORM=0.00013340839359443635
sukanya	O=0.9997798800468445|NORM=0.00019417572184465826
metik	O=0.9996824264526367|NORM=0.0002652123512234539
bunga	O=0.998969316482544|NORM=0.0009069079533219337
kebun	O=0.9988491535186768|NORM=0.00098420400172472
orang	O=0.9996765851974487|NORM=0.00022470766270998865
.	O=0.9998824596405029|NORM=3.796533201239072e-05
not	O=0.9998929500579834|NORM=5.851432797499001e-05
etis	O=0.9997044205665588|NORM=0.0002567826595623046
sama	O=0.9993545413017273|NORM=0.0005199588485993445
sekali	O=0.9999126195907593|NORM=4.473374065128155e-05

@fowtuna	O=0.9999027252197266|NORM=4.625365909305401e-05
sepertinya	O=0.9999239444732666|NORM=4.119720688322559e-05
begitu	O=0.9999531507492065|NORM=3.0536572012351826e-05
tuna	O=0.9999350309371948|NORM=4.8848985898075625e-05
:)	O=0.9999023675918579|NORM=3.334083521622233e-05
tp	NORM=0.999795138835907|O=0.00013667583698406816
kemaren	NORM=0.9988406300544739|O=0.0010573125910013914
ada	O=0.9999216794967651|NORM=5.521896673599258e-05
temen	NORM=0.9995360374450684|O=0.0003338312963023782
gue	NORM=0.9997822642326355|O=0.00011710773833328858
yg	NORM=0.9997320771217346|O=0.00015001543215475976
telat	O=0.9997437596321106|NORM=0.00023552046332042664
ngevote	NORM=0.6857383847236633|O=0.3138810694217682
tp	NORM=0.9998074173927307|O=0.00011313235154375434
pilih	O=0.9999351501464844|NORM=4.161787364864722e-05
pink	O=0.9998929500579834|NORM=7.044302765280008e-05
.	O=0.9998998641967773|NORM=3.1080053304322064e-05
tenang	O=0.9998093247413635|NORM=0.0001569420419400558
tun	O=0.9877285957336426|NORM=0.012209965847432613
kamu	O=0.9999477863311768|NORM=3.2244352041743696e-05
tidak	O=0.999947190284729|NORM=3.2120402465807274e-05
sendiri	O=0.9999487400054932|NORM=3.132035999442451e-05
.	O=0.9999102354049683|NORM=2.6456526029505767e-05
you	O=0.999932050704956|NORM=3.063951226067729e-05
are	O=0.9997021555900574|NORM=0.0002158156130462885
not	O=0.9999451637268066|NORM=2.5675226424937136e-05
alone	O=0.9999430179595947|NORM=3.098281376878731e-05
~	O=0.9999258518218994|NORM=3.629124694271013e-05
i	O=0.9999376535415649|NORM=2.31714057008503e-05
am	O=0.9998778104782104|NORM=7.194434874691069e-05
here	O=0.9999412298202515|NORM=2.7120278900838457e-05
with	O=0.9999420642852783|NORM=2.2302530851447955e-05
you	O=0.9999488592147827|NORM=2.0462190150283277e-05
~	O=0.9999262094497681|NORM=3.611297870520502e-05

berbondong	O=0.9735027551651001|NORM=0.02598775178194046
nyobain	NORM=0.9994237422943115|O=0.0004732852685265243
mrt	O=0.9995706677436829|NORM=0.0003906541387550533
,	O=0.9998936653137207|NORM=3.154025398544036e-05
dari	O=0.9999231100082397|NORM=4.372320472612046e-05
yg	NORM=0.9997678399085999|O=0.00015992217231541872
"	O=0.9997743964195251|NORM=0.00018587724480312318
excited	O=0.999834418296814|NORM=0.00010891670535784215
"	O=0.9999300241470337|NORM=3.8933056202949956e-05
atopun	O=0.9967494010925293|NORM=0.00313377077691257
mencaci	O=0.999786913394928|NORM=0.00018404102593194693
"	O=0.9999082088470459|NORM=6.474783731391653e-05
pembangunan	O=0.9997739195823669|NORM=0.00011635600094450638
infrastruktur	O=0.9994224309921265|NORM=0.000420260796090588
dari	O=0.9998971223831177|NORM=5.364782555261627e-05
hutang	O=0.999194324016571|NORM=0.0006267663557082415
!	O=0.9998741149902344|NORM=5.067626989330165e-05
"	O=0.999942421913147|NORM=3.093637860729359e-05
ikut	O=0.999925971031189|NORM=5.059265095042065e-05
menikmati	O=0.9997521042823792|NORM=0.00017852376913651824
.	O=0.9999024868011475|NORM=3.458524224697612e-05
and	O=0.9999467134475708|NORM=2.6666857593227178e-05
am	O=0.9998776912689209|NORM=6.192663568072021e-05
going	O=0.9999397993087769|NORM=3.837298936559819e-05
no	O=0.9999182224273682|NORM=5.688718010787852e-05
where	O=0.9998623132705688|NORM=7.97559623606503e-05
,	O=0.999919056892395|NORM=2.5453773560002446e-05
sahm	O=0.9998410940170288|NORM=0.00013904950174037367
,	O=0.9999216794967651|NORM=2.5724941224325448e-05
trying	O=0.9999258518218994|NORM=4.3083571654278785e-05
hard	O=0.9998993873596191|NORM=5.69695548620075e-05
to	O=0.999929666519165|NORM=3.415427272557281e-05
feed	O=0.9998965263366699|NORM=6.238066271180287e-05
my	O=0.9999136924743652|NORM=3.919752998626791e-05
kemilau	O=0.9996411800384521|NORM=0.0003186167450621724

@epicregista	O=0.9999375343322754|NORM=3.104300776612945e-05
not	O=0.9999421834945679|NORM=2.910860530391801e-05
lucky	O=0.9999169111251831|NORM=5.90788695262745e-05
broh	O=0.999871015548706|NORM=0.00010319654393242672
,	O=0.9998536109924316|NORM=4.4350334064802155e-05
penalti	O=0.9998912811279297|NORM=8.128499030135572e-05
aja	NORM=0.9996139407157898|O=0.00025192557950504124
bangga	O=0.9999117851257324|NORM=6.995710282353684e-05
wkwk	O=0.9998258948326111|NORM=9.55380528466776e-05

love	O=0.9998629093170166|NORM=6.109451351221651e-05
refuses	O=0.9998869895935059|NORM=6.358031532727182e-05
to	O=0.9998949766159058|NORM=4.8708821850595996e-05
be	O=0.9999415874481201|NORM=2.6023955797427334e-05
not	O=0.9999346733093262|NORM=3.056199420825578e-05
the	O=0.9999128580093384|NORM=4.142960096942261e-05
only	O=0.9999233484268188|NORM=3.087401273660362e-05
one	O=0.999923586845398|NORM=3.024765828740783e-05
.	O=0.9998576641082764|NORM=3.552263297024183e-05
cinta	O=0.9998972415924072|NORM=6.608916737604886e-05
menolak	O=0.9998574256896973|NORM=9.409277845406905e-05
menjadi	O=0.9999434947967529|NORM=2.993911039084196e-05
bukan	O=0.9999260902404785|NORM=3.501211176626384e-05
yang	O=0.9998562335968018|NORM=8.859416266204789e-05
satu-satunya	O=0.999893069267273|NORM=5.1256069127703086e-05
.	O=0.999690055847168|NORM=8.165831968653947e-05

jangan	O=0.9998798370361328|NORM=7.88215475040488e-05
lupa	O=0.999904990196228|NORM=5.323222649167292e-05
terus	O=0.9998903274536133|NORM=6.356847006827593e-05
bersyukur	O=0.9996116757392883|NORM=0.00027889356715604663
pada	O=0.9997785687446594|NORM=0.00011695764260366559
tuhan	O=0.9997609257698059|NORM=0.0001521115773357451
.	O=0.9998008608818054|NORM=5.691843034583144e-05

@pujangga1123	O=0.9999350309371948|NORM=2.9427346817101352e-05
@ferdinand_haean	O=0.999954342842102|NORM=2.374703217356e-05
astaghfirullah	O=0.9999221563339233|NORM=5.1613438699860126e-05
.	O=0.9999197721481323|NORM=2.094009323627688e-05
memang	O=0.9999136924743652|NORM=4.623224958777428e-05
hanya	O=0.9999080896377563|NORM=4.4883829104946926e-05
sekedar	O=0.9999096393585205|NORM=5.072599014965817e-05
sesempit	O=0.9998440742492676|NORM=0.00012171053822385147
ini	O=0.9999414682388306|NORM=2.658094854268711e-05
cara	O=0.9999172687530518|NORM=4.3540199840208516e-05
berpikirnya	O=0.9998871088027954|NORM=9.115255670621991e-05
gerombolan	O=0.999873161315918|NORM=9.424189192941412e-05
sono	O=0.9998262524604797|NORM=0.00014237916911952198
itu	O=0.9999127388000488|NORM=4.5311451685847715e-05
.	O=0.9999363422393799|NORM=1.964646980923135e-05
not	O=0.9999520778656006|NORM=1.8980648746946827e-05
respect	O=0.999927282333374|NORM=4.46277808805462e-05
at	O=0.9999345541000366|NORM=4.627039743354544e-05
at	O=0.9999346733093262|NORM=4.117188655072823e-05
.	O=0.999932050704956|NORM=2.1559048036579043e-05
losing	O=0.999962329864502|NORM=2.0018764189444482e-05
logical	O=0.9999532699584961|NORM=2.635092278069351e-05
and	O=0.9999524354934692|NORM=2.1379841200541705e-05
i	O=0.9999206066131592|NORM=3.548065069480799e-05
hope	O=0.9998533725738525|NORM=6.379598198691383e-05
alloh	O=0.999839186668396|NORM=0.00013036280870437622
will	O=0.9999344348907471|NORM=3.3765700209187344e-05
heal	O=0.9999054670333862|NORM=6.206694524735212e-05
their	O=0.9999210834503174|NORM=4.144309787079692e-05
minds	O=0.9999266862869263|NORM=3.340310286148451e-05
from	O=0.9999514818191528|NORM=2.394161310803611e-05
hatric	O=0.9998751878738403|NORM=0.00010016254236688837
.	O=0.9999293088912964|NORM=2.059084908978548e-05
#segerwaras	O=0.9999361038208008|NORM=3.1434508855454624e-05

pertama2	NORM=0.9997598528862|O=0.0001407199160894379
gw	NORM=0.999735414981842|O=0.00017009217117447406
gamau	NORM=0.9994768500328064|O=0.00036373038892634213
kalian	O=0.9994064569473267|NORM=0.0005104215233586729
yg	NORM=0.9997809529304504|O=0.00012340841931290925
baca	O=0.9996910095214844|NORM=0.0002725185768213123
ini	O=0.9999340772628784|NORM=3.890756852342747e-05
mikir	NORM=0.9993491768836975|O=0.00045041486737318337
kalo	NORM=0.9997838139533997|O=0.00011111266212537885
gw	NORM=0.9996582269668579|O=0.00023903284454718232
itu	O=0.9999361038208008|NORM=3.703826587297954e-05
homophobic	O=0.999879002571106|NORM=7.311406079679728e-05
or	O=0.9999279975891113|NORM=3.391632708371617e-05
else	O=0.9999176263809204|NORM=4.8882386181503534e-05
,	O=0.9998867511749268|NORM=3.1772498914506286e-05
itu	O=0.9999332427978516|NORM=4.0427119529340416e-05
semua	O=0.9999099969863892|NORM=5.1846895075868815e-05
"	O=0.9998624324798584|NORM=8.532414358342066e-05
choice	O=0.9998338222503662|NORM=7.828887464711443e-05
"	O=0.9999197721481323|NORM=3.717889921972528e-05
atau	O=0.9999446868896484|NORM=2.8048805688740686e-05
pilihan	O=0.9997805953025818|NORM=0.00012389397306833416
mereka	O=0.9998917579650879|NORM=6.041483720764518e-05
utk	NORM=0.9997329115867615|O=0.00017459728405810893
jadi	O=0.9998998641967773|NORM=6.301305256783962e-05
seperti	O=0.9998842477798462|NORM=7.452742283931002e-05
itu	O=0.9998893737792969|NORM=6.311383913271129e-05
.	O=0.9998853206634521|NORM=3.848087362712249e-05
i'm	NORM=0.9996950626373291|O=0.0002108601911459118
not	O=0.9999268054962158|NORM=3.0466682801488787e-05
a	O=0.9999295473098755|NORM=2.9573704523500055e-05
homophobic	O=0.9998131394386292|NORM=0.00010199974349234253
,	O=0.9998894929885864|NORM=3.108719829469919e-05
gw	NORM=0.9996378421783447|O=0.000251206336542964
gabisa	NORM=0.9995853304862976|O=0.0002793068124447018
dan	O=0.9999253749847412|NORM=5.7377303164685145e-05
gamau	NORM=0.9995419979095459|O=0.0002998481213580817
ngeganggu	NORM=0.9938371777534485|O=0.005945345852524042
urusan	O=0.9998791217803955|NORM=8.487796731060371e-05
mereka	O=0.9999330043792725|NORM=3.5619410482468084e-05
karna	NORM=0.9996801614761353|O=0.0002171436935896054
itu	O=0.9999415874481201|NORM=3.83461665478535e-05
pilihan	O=0.9999213218688965|NORM=4.321311280364171e-05
jalan	O=0.9998181462287903|NORM=0.00011604807514231652
hidup	O=0.9998868703842163|NORM=6.221258081495762e-05
mereka	O=0.9999250173568726|NORM=3.797505996772088e-05
yg	NORM=0.9997305274009705|O=0.0001593024644535035
gbs	NORM=0.9997331500053406|O=0.00014436246419791132
gw	NORM=0.999702513217926|O=0.0002025288704317063
ganggu	O=0.9997668862342834|NORM=0.00015914943651296198
gugat	O=0.9996877908706665|NORM=0.00024514630786143243
!	O=0.9999097585678101|NORM=4.15784161305055e-05

kan	O=0.9998763799667358|NORM=0.00010110355651704594
itu	O=0.9999300241470337|NORM=5.139879431226291e-05
sampah	O=0.9997316002845764|NORM=0.0002325294481124729
warga	O=0.9998601675033569|NORM=0.0001135987913585268
lokal	O=0.9999247789382935|NORM=5.213459371589124e-05
,	O=0.999816358089447|NORM=5.975661042612046e-05
kalau	O=0.9195414781570435|NORM=0.0800066888332367
uda	NORM=0.9996685981750488|O=0.00018981033645104617
enak	O=0.999784529209137|NORM=0.0001979003136511892
buang	O=0.9998283386230469|NORM=0.00013883967767469585
sampah	O=0.9988470077514648|NORM=0.0010561920935288072
tinggal	O=0.9999325275421143|NORM=5.334834713721648e-05
kesana	O=0.999811589717865|NORM=0.00015804875874891877
ya	O=0.9999276399612427|NORM=5.776131001766771e-05
ofc	O=0.9990643858909607|NORM=0.0009005580213852227
mereka	O=0.9999374151229858|NORM=4.647843525162898e-05
gabakal	O=0.9998619556427002|NORM=0.00012339794193394482
nanggep	NORM=0.9992308616638184|O=0.0006288381409831345
.	O=0.9999017715454102|NORM=4.180953692412004e-05
indonesians	O=0.9999068975448608|NORM=6.808764737797901e-05
and	O=0.9999396800994873|NORM=3.025495243491605e-05
their	O=0.9999494552612305|NORM=2.507497265469283e-05
comfort	O=0.9998778104782104|NORM=8.47454575705342e-05
zone	O=0.9999349117279053|NORM=3.7200708902673796e-05
.	O=0.9998766183853149|NORM=5.421571768238209e-05
https://t.co/tsmi2x5amt	O=0.9999129772186279|NORM=5.193345350562595e-05

art	O=0.9998718500137329|NORM=9.159286855719984e-05
is	O=0.999879002571106|NORM=7.33992419554852e-05
not	O=0.9999051094055176|NORM=4.397738666739315e-05
illegal	O=0.9998304843902588|NORM=8.241088653448969e-05
@username	O=0.9999353885650635|NORM=3.312208718853071e-05
pasar	O=0.9998505115509033|NORM=0.00011539529805304483
tasik	O=0.9994839429855347|NORM=0.0004927248228341341
kebon	O=0.999812662601471|NORM=0.00015585360233671963
jahe	O=0.9999011754989624|NORM=6.441860750783235e-05
,	O=0.9998400211334229|NORM=5.9729136410169303e-05
cideng	O=0.8981801867485046|NORM=0.10125276446342468
https://t.co/6qkjrqz3on	O=0.9999321699142456|NORM=4.3092266423627734e-05

subhanallah	O=0.9998854398727417|NORM=8.692988922121003e-05
.	O=0.9999114274978638|NORM=2.844178379746154e-05
a	O=0.9999397993087769|NORM=2.5957135221688077e-05
real	O=0.9999288320541382|NORM=3.5373770515434444e-05
human	O=0.9999186992645264|NORM=3.461045344010927e-05
,	O=0.9999299049377441|NORM=2.1610359908663668e-05
a	O=0.9999477863311768|NORM=2.2965370590100065e-05
real	O=0.9999369382858276|NORM=3.243500759708695e-05
muslim	O=0.9999003410339355|NORM=5.597272684099153e-05
.	O=0.9999217987060547|NORM=2.473785752954427e-05
able	O=0.9999217987060547|NORM=4.155639908276498e-05
to	O=0.9998568296432495|NORM=9.023120219353586e-05
forgive	O=0.9980334639549255|NORM=0.0016956367762759328
,	O=0.9999138116836548|NORM=2.717309871513862e-05
not	O=0.999933123588562|NORM=2.4204797227866948e-05
to	O=0.9998971223831177|NORM=5.208653601584956e-05
hate	O=0.9998579025268555|NORM=8.504486322635785e-05
back	O=0.9999063014984131|NORM=5.589714419329539e-05
.	O=0.9999278783798218|NORM=2.5718230972415768e-05
something	O=0.9999223947525024|NORM=3.7942780181765556e-05
that	O=0.9999380111694336|NORM=3.051570092793554e-05
we	O=0.9999256134033203|NORM=4.769606312038377e-05
all	O=0.999846339225769|NORM=7.310316868824884e-05
.	O=0.9999268054962158|NORM=2.4415639927610755e-05
must	O=0.999931812286377|NORM=3.762176856980659e-05
learn	O=0.9999226331710815|NORM=4.0826569602359086e-05
:	O=0.9999222755432129|NORM=3.897860005963594e-05
forgivenes	O=0.9976115226745605|NORM=0.0021205125376582146
.	O=0.9999079704284668|NORM=3.305403151898645e-05
suami	O=0.9999192953109741|NORM=5.296257950249128e-05
korban	O=0.9999127388000488|NORM=6.006239345879294e-05
teroris	O=0.9999052286148071|NORM=6.374352233251557e-05
selandia	O=0.9997074007987976|NORM=0.00019119192438665777
baru	O=0.9999309778213501|NORM=3.553598071448505e-05
maafkan	O=0.9998561143875122|NORM=9.603195212548599e-05
pembunuh	O=0.9986183643341064|NORM=0.001250564237125218
istrinya	O=0.9999080896377563|NORM=6.137309537734836e-05
https://t.co/wzxtjoisl3	O=0.9999287128448486|NORM=3.8029167626518756e-05

@areumtae	O=0.9999138116836548|NORM=4.4766482460545376e-05
aku	O=0.9999332427978516|NORM=3.6673991417046636e-05
tetep	NORM=0.9990942478179932|O=0.0008004843257367611
vote	O=0.9994224309921265|NORM=0.0005229386733844876
jk	O=0.9865975975990295|NORM=0.013344114646315575
seperti	O=0.9999420642852783|NORM=3.530679896357469e-05
kemarin	O=0.9998995065689087|NORM=6.0037607909180224e-05
.	O=0.9999088048934937|NORM=2.8077905881218612e-05
aku	O=0.999923825263977|NORM=4.2128584027523175e-05
tuh	O=0.9999254941940308|NORM=5.2467366913333535e-05
yakin	O=0.9997367262840271|NORM=0.00017362738435622305
ini	O=0.9999488592147827|NORM=3.020717304025311e-05
juki	O=0.9995693564414978|NORM=0.0003955047286581248
yg	NORM=0.9997691512107849|O=0.00015087469364516437
galau	O=0.9997813105583191|NORM=0.00018717315106187016
.	O=0.9999135732650757|NORM=2.655874595802743e-05
ada	O=0.9999514818191528|NORM=3.0174340281519108e-05
vibe	O=0.9997455477714539|NORM=0.00014897924847900867
jelly	O=0.9998903274536133|NORM=7.702135189902037e-05
gitu	NORM=0.9993953704833984|O=0.00048761736252345145
.	O=0.9998888969421387|NORM=3.69792032870464e-05
lagian	NORM=0.9990873336791992|O=0.0008306110394187272
ini	O=0.9999492168426514|NORM=3.3411692129448056e-05
anak	O=0.9998021721839905|NORM=0.0001598255184944719
berdua	O=0.9997687935829163|NORM=0.00018193350115325302
aneh	O=0.9998345375061035|NORM=0.00011563415318960324
,	O=0.9998891353607178|NORM=3.485666456981562e-05
lagi	O=0.9999086856842041|NORM=6.829607445979491e-05
pendekatan	O=0.9997989535331726|NORM=0.00016310554929077625
tapi	O=0.999936580657959|NORM=4.0261464164359495e-05
nge-spill	O=0.9353897571563721|NORM=0.06435181945562363
sama	O=0.9998185038566589|NORM=0.00016620334645267576
rival	O=0.9989467263221741|NORM=0.0009259033249691129
,	O=0.9998818635940552|NORM=4.125904888496734e-05
kaya	O=0.9663288593292236|NORM=0.033569205552339554
yg	NORM=0.9998084902763367|O=0.00011462137626949698
cuma	O=0.9998787641525269|NORM=8.353119483217597e-05
buat	O=0.9999065399169922|NORM=6.193119043018669e-05
ngomporin	NORM=0.9990566372871399|O=0.0008376597543247044
satu	O=0.9997450709342957|NORM=0.00022155660553835332
sama	O=0.9701305031776428|NORM=0.029674267396330833
lain	O=0.9997500777244568|NORM=0.00016315747052431107
.	O=0.9999150037765503|NORM=2.9524211640818976e-05
cuma	O=0.9999250173568726|NORM=4.5354507165029645e-05
nebak	O=0.9996039271354675|NORM=0.0003771677438635379
ya	O=0.9999426603317261|NORM=3.8568206946365535e-05
hehe	O=0.9998770952224731|NORM=7.590785389766097e-05
.	O=0.9999159574508667|NORM=2.4104061594698578e-05
well	O=0.9999371767044067|NORM=3.8994203350739554e-05
ku	O=0.9998666048049927|NORM=0.00010767743515316397
serahkan	O=0.9997382760047913|NORM=0.00018834724323824048
padamu	O=0.999788224697113|NORM=0.00016279019473586231
saja	O=0.9999216794967651|NORM=5.454094207379967e-05
lah	O=0.9999291896820068|NORM=4.740863369079307e-05
wahai	O=0.9997454285621643|NORM=0.00020539379329420626
author	O=0.99982750415802|NORM=0.00012369944306556135
~	O=0.999887228012085|NORM=7.333015673793852e-05
~	O=0.9998698234558105|NORM=7.209095929283649e-05

maret	O=0.9998683929443359|NORM=9.354409849038348e-05
.	O=0.9998977184295654|NORM=3.694177576107904e-05
bulannya	O=0.9998261332511902|NORM=0.0001465592795284465
boros	NORM=0.6134452223777771|O=0.3862002193927765
,	O=0.9998999834060669|NORM=3.938449299312197e-05
bulannya	O=0.9998138546943665|NORM=0.00015602527128066868
mager	NORM=0.9991496801376343|O=0.0007437373860739172
,	O=0.9998921155929565|NORM=4.170698593952693e-05
bulannya	O=0.9998325109481812|NORM=0.00013829144882038236
baperan	NORM=0.9989051818847656|O=0.000984909012913704
,	O=0.9999028444290161|NORM=3.633533196989447e-05
bulannya	O=0.9999080896377563|NORM=7.079781062202528e-05
tidak	O=0.9999372959136963|NORM=4.024928421131335e-05
produktif	O=0.6286437511444092|NORM=0.37108102440834045
!	O=0.9999020099639893|NORM=4.85838099848479e-05
.	O=0.9999152421951294|NORM=3.368882244103588e-05
for	O=0.9999333620071411|NORM=3.556826777639799e-05
me	O=0.9999396800994873|NORM=3.3066680771298707e-05

yuqi	O=0.9998586177825928|NORM=9.258580394089222e-05
emang	NORM=0.9996455907821655|O=0.00024405666044913232
mainnya	O=0.9983489513397217|NORM=0.0016051445854827762
bagus	O=0.9998856782913208|NORM=7.676170207560062e-05
sih	O=0.9999305009841919|NORM=4.986178828403354e-05
akhir	O=0.9999016523361206|NORM=7.274889503605664e-05
akhir	O=0.9996063113212585|NORM=0.00032293141703121364
ini	O=0.9999094009399414|NORM=4.441452256287448e-05
,	O=0.9998014569282532|NORM=6.227552512427792e-05
dan	O=0.999933123588562|NORM=3.509539601509459e-05
dia	O=0.9999186992645264|NORM=5.271497866488062e-05
menurutku	O=0.9996604919433594|NORM=0.00030368115403689444
layak	O=0.9998692274093628|NORM=8.809361315798014e-05
untuk	O=0.9999144077301025|NORM=6.09437920502387e-05
gelar	O=0.999800980091095|NORM=0.00014451827155426145
juara	O=0.9996737241744995|NORM=0.00026861074729822576
di	O=0.999924898147583|NORM=4.841498957830481e-05
atas	O=0.9999182224273682|NORM=5.061634146841243e-05
s300	O=0.9998750686645508|NORM=9.516483987681568e-05
,	O=0.9997662901878357|NORM=8.120068378048018e-05
well	O=0.999864935874939|NORM=0.00010836913133971393
done	O=0.9998399019241333|NORM=0.0001334780390607193
bang	O=0.9993299245834351|NORM=0.0006186662940308452
juki	O=0.9998735189437866|NORM=9.927595965564251e-05
si	O=0.9999184608459473|NORM=5.5178043112391606e-05
anak	O=0.9995496869087219|NORM=0.00040513603016734123
baik	O=0.9999452829360962|NORM=3.749386814888567e-05

jual	O=0.9995620846748352|NORM=0.00035786337684839964
macbook	O=0.9974108338356018|NORM=0.002416385104879737
air	O=0.9997530579566956|NORM=0.00019793541287072003
md760	O=0.9997813105583191|NORM=0.00018191980780102313
mid	O=0.9990930557250977|NORM=0.0008154806564562023
2013	O=0.9996102452278137|NORM=0.0003250284062232822
murah	O=0.9996176958084106|NORM=0.00030402778065763414
https://t.co/yk7fxlcprw	O=0.9994194507598877|NORM=0.00048178996075876057

reposted	O=0.9998834133148193|NORM=9.18562727747485e-05
from	O=0.9999443292617798|NORM=3.214850221411325e-05
wilson_mci	O=0.9999386072158813|NORM=3.752867633011192e-05
-	O=0.999915599822998|NORM=3.668351928354241e-05
persiapan	O=0.9999029636383057|NORM=5.91577663726639e-05
vietnam	O=0.9999167919158936|NORM=6.35860997135751e-05
semakin	O=0.999940037727356|NORM=3.399792331038043e-05
matang	O=0.9998363256454468|NORM=0.00010614352504489943
,	O=0.999915599822998|NORM=2.7750926165026613e-05
ittin	O=0.9999141693115234|NORM=6.770565232727677e-05
sudah	O=0.999936580657959|NORM=3.55613992724102e-05
ada	O=0.9999537467956543|NORM=2.6400615752208978e-05
dan	O=0.9999455213546753|NORM=3.2383541110903025e-05
bs	NORM=0.9997088313102722|O=0.00017257708532270044
dilihat	O=0.999845027923584|NORM=0.00011186566553078592
di	O=0.9999169111251831|NORM=5.4282263590721413e-05
website	O=0.9999068975448608|NORM=6.557148299179971e-05
.	O=0.9999054670333862|NORM=4.005253140348941e-05
plakat	O=0.9998034834861755|NORM=0.00016652245540171862
sudah	O=0.9999252557754517|NORM=4.735575566883199e-05
mulai	O=0.999922513961792|NORM=5.546241663978435e-05
terlihat	O=0.9999048709869385|NORM=7.114873005775735e-05
hasilnya	O=0.9988409876823425|NORM=0.0011026524007320404
,	O=0.9999051094055176|NORM=3.7341596907936037e-05
tshirt	O=0.9899958372116089|NORM=0.009776252321898937
model	O=0.9999128580093384|NORM=6.466015474870801e-05
jersey	O=0.9998144507408142|NORM=0.00015876816178206354
untuk	O=0.9999328851699829|NORM=3.795139491558075e-05
vietnam	O=0.9997062087059021|NORM=0.0002305618254467845
juga	O=0.9999451637268066|NORM=3.0000295737409033e-05
.	O=0.9998592138290405|NORM=7.259424455696717e-05
https://t.co/3hfeqnow9a	O=0.9999434947967529|NORM=2.7923199013457634e-05

not	O=0.9999195337295532|NORM=3.468955765129067e-05
talking	O=0.9998821020126343|NORM=5.749412230215967e-05
about	O=0.999923586845398|NORM=3.354992077220231e-05
the	O=0.9999359846115112|NORM=2.8012125767418183e-05
political	O=0.9998965263366699|NORM=4.6494227717630565e-05
content	O=0.9997794032096863|NORM=9.948050137609243e-05
,	O=0.9997760653495789|NORM=6.248608406167477e-05
tapi	O=0.9999113082885742|NORM=3.9476472011301666e-05
konsep	O=0.9997789263725281|NORM=0.00015892596275079995
kontennya	O=0.9981766939163208|NORM=0.0017544853035360575
sendiri	O=0.9999340772628784|NORM=3.584780642995611e-05
keren	O=0.9997221827507019|NORM=0.0002436850918456912
lho	O=0.9910047054290771|NORM=0.008865020237863064
ini	O=0.9999037981033325|NORM=5.523025174625218e-05
!	O=0.9997881054878235|NORM=8.824090036796406e-05
https://t.co/oqvd7rxesh	O=0.9998825788497925|NORM=8.456872456008568e-05

hal	O=0.9998067021369934|NORM=0.0001345492055406794
apa	O=0.999884843826294|NORM=7.93800936662592e-05
yg	NORM=0.9997414946556091|O=0.0001535950432298705
paling	O=0.9998654127120972|NORM=8.190977678168565e-05
bikin	NORM=0.9994906187057495|O=0.0003514993586577475
kamu	O=0.9999016523361206|NORM=7.06664941390045e-05
sakit	O=0.9998477697372437|NORM=0.00011480070679681376
hati	O=0.9998306035995483|NORM=0.00012416468234732747
?	O=0.999884843826294|NORM=3.473545439192094e-05
dikhianati	O=0.9997232556343079|NORM=0.00023868391872383654
,	O=0.999868631362915|NORM=3.5307810321683064e-05
not	O=0.9999268054962158|NORM=3.626806574175134e-05
abt	NORM=0.9133688807487488|O=0.0863671526312828
bf	O=0.9768574237823486|NORM=0.02281886897981167
ya	O=0.9999198913574219|NORM=5.394594700192101e-05
,	O=0.9998514652252197|NORM=4.5297016185941175e-05
tp	NORM=0.9997500777244568|O=0.00016840649186633527
dikhianatin	O=0.9933620691299438|NORM=0.006534476298838854
tmn	NORM=0.9995570778846741|O=0.00035022510564886034
jg	NORM=0.9997624754905701|O=0.00014948115858715028
include	O=0.9999128580093384|NORM=4.611507756635547e-05
https://t.co/e3ke9vtbga	O=0.9998937845230103|NORM=7.526137778768316e-05

hari	O=0.9998227953910828|NORM=0.00011190927762072533
ini	O=0.9998898506164551|NORM=4.700730278273113e-05
ijin	O=0.692466139793396|NORM=0.30705469846725464
ga	NORM=0.999763548374176|O=0.0001415312144672498
masuk	O=0.9998539686203003|NORM=8.636402344563976e-05
kantor	O=0.9999234676361084|NORM=4.509384962148033e-05
karena	O=0.999934196472168|NORM=2.9856830224161968e-05
sakit	O=0.9999279975891113|NORM=4.324729161453433e-05
,	O=0.9998832941055298|NORM=3.428063428145833e-05
tapi	O=0.9999381303787231|NORM=2.762873009487521e-05
karena	O=0.9999402761459351|NORM=3.135712177027017e-05
emg	NORM=0.9997658133506775|O=0.00013933023728895932
lg	NORM=0.9997407793998718|O=0.00016454258002340794
hectic	NORM=0.9066759943962097|O=0.09285946190357208
di	O=0.9999228715896606|NORM=4.5841443352401257e-05
kantor	O=0.999915599822998|NORM=5.03951778227929e-05
jadinya	O=0.9998990297317505|NORM=7.401931361528113e-05
tetep	NORM=0.9992761015892029|O=0.0006024115718901157
aja	NORM=0.9997499585151672|O=0.00016026529192458838
kerja	O=0.9999350309371948|NORM=4.052937219967134e-05
.	O=0.9999094009399414|NORM=3.053258478757925e-05
terus	O=0.999916672706604|NORM=5.855719427927397e-05
w	NORM=0.9997535347938538|O=0.0001631079358048737
mikir	NORM=0.999546229839325|O=0.0003329555911477655
.	O=0.9999021291732788|NORM=3.1565799872623757e-05
lebih	O=0.9999043941497803|NORM=4.505550896283239e-05
enak	O=0.9996994733810425|NORM=0.0002599832077976316
kerja	O=0.9999169111251831|NORM=5.009064625483006e-05
remote	O=0.9998279809951782|NORM=0.00011827783600892872
gini	NORM=0.9991366267204285|O=0.000713625515345484
sih	O=0.9999252557754517|NORM=4.46430167357903e-05
,	O=0.9998936653137207|NORM=3.064204429392703e-05
kayaknya	NORM=0.9970877766609192|O=0.0027702744118869305
w	NORM=0.9997021555900574|O=0.00019975029863417149
lelah	O=0.999891996383667|NORM=7.775048288749531e-05
sama	O=0.999906063079834|NORM=6.633842713199556e-05
kantornya	O=0.9999111890792847|NORM=6.0337471950333565e-05
,	O=0.9999089241027832|NORM=2.6704505216912366e-05
bukan	O=0.9999442100524902|NORM=2.678717100934591e-05
kerjaannya	O=0.9999125003814697|NORM=6.578274042112753e-05
.	O=0.9999159574508667|NORM=2.6909752705250867e-05
tapi	O=0.9999387264251709|NORM=2.6318592063034885e-05
lelah	O=0.9998594522476196|NORM=0.00010412520350655541
sama	O=0.9999157190322876|NORM=6.110181857366115e-05
cara	O=0.9999289512634277|NORM=3.801626735366881e-05
kerjanya	O=0.9999284744262695|NORM=4.69127444375772e-05
kantor	O=0.9999386072158813|NORM=3.510934766381979e-05
juga	O=0.9999465942382812|NORM=2.7137319193570875e-05
deng	O=0.9999197721481323|NORM=5.707969830837101e-05
.	O=0.9999098777770996|NORM=2.564141141192522e-05
resign	O=0.9998695850372314|NORM=9.403874719282612e-05
or	O=0.9999256134033203|NORM=3.167721297359094e-05
not	O=0.9999374151229858|NORM=2.380174737481866e-05
to	O=0.9999133348464966|NORM=3.479871520539746e-05
resign	O=0.9998762607574463|NORM=7.607047882629558e-05

gw	NORM=0.9997574687004089|O=0.00014613012899644673
samperin	NORM=0.9995895028114319|O=0.00027773098554462194
ke	O=0.9999430179595947|NORM=3.6574558180291206e-05
ruangannya	O=0.9999278783798218|NORM=4.887296017841436e-05
,	O=0.999884843826294|NORM=3.63778744940646e-05
mastiin	NORM=0.998711109161377|O=0.0010858993045985699
ini	O=0.9999469518661499|NORM=3.003782512678299e-05
bener	NORM=0.9991243481636047|O=0.0007035455200821161
ga	NORM=0.9997413754463196|O=0.0001426228554919362
gw	NORM=0.9997367262840271|O=0.00015270471340045333
pergi	O=0.9999202489852905|NORM=5.14385974383913e-05
.	O=0.9998936653137207|NORM=3.494592601782642e-05
kira2	NORM=0.9997472167015076|O=0.00014665133494418114
begini	O=0.9998533725738525|NORM=0.00011759452900150791
pembicaraannya	O=0.9999309778213501|NORM=4.694817107520066e-05
:	O=0.9999114274978638|NORM=3.861024742946029e-05
.	O=0.9998862743377686|NORM=3.780250335694291e-05
"	O=0.9999165534973145|NORM=3.537977681844495e-05
bpk	O=0.9995662569999695|NORM=0.0004033025761600584
yakin	O=0.9998637437820435|NORM=8.396274643018842e-05
saya	O=0.9999470710754395|NORM=2.983726153615862e-05
ikut	O=0.9999467134475708|NORM=3.0997882277006283e-05
training	O=0.9998923540115356|NORM=6.512978143291548e-05
?	O=0.9999114274978638|NORM=3.162370194331743e-05
"	O=0.9999343156814575|NORM=2.891646909120027e-05
.	O=0.9998894929885864|NORM=3.456412014202215e-05
"	O=0.9999217987060547|NORM=3.147878669551574e-05
yes	O=0.9999440908432007|NORM=2.5275192456319928e-05
,	O=0.9999107122421265|NORM=2.6701523893279955e-05
you	O=0.9999520778656006|NORM=2.0752400814672e-05
are	O=0.9999470710754395|NORM=2.3376938770525157e-05
.	O=0.9998735189437866|NORM=3.9575093978783116e-05
"	O=0.9999209642410278|NORM=3.3105061447713524e-05
ini	O=0.999945878982544|NORM=2.46500476350775e-05
isinya	O=0.9999392032623291|NORM=3.6880966945318505e-05
pujian	O=0.9998871088027954|NORM=6.359093822538853e-05
semua	O=0.9999191761016846|NORM=4.1706880438141525e-05
.	O=0.9998760223388672|NORM=3.637596091721207e-05
"	O=0.9998935461044312|NORM=4.350317976786755e-05
but	O=0.9999483823776245|NORM=2.2767899281461723e-05
my	O=0.9999492168426514|NORM=2.0984993170714006e-05
english	O=0.9999206066131592|NORM=3.779525650315918e-05
isnt	NORM=0.9984985589981079|O=0.0013715685345232487
well	O=0.9999542236328125|NORM=2.618738290038891e-05
"	O=0.9999228715896606|NORM=3.537710290402174e-05
.	O=0.9998738765716553|NORM=3.530307731125504e-05
"	O=0.999889612197876|NORM=3.9546262996736914e-05
don't	NORM=0.9993346333503723|O=0.0005312322755344212
worry	O=0.9994587302207947|NORM=0.0004064533859491348
.	O=0.9999080896377563|NORM=2.546160430938471e-05
jangan	O=0.9999394416809082|NORM=4.0532373532187194e-05
pikirin	NORM=0.9986023306846619|O=0.0012122868793085217
soal	O=0.9999209642410278|NORM=4.76301611342933e-05
bahasa	O=0.9999251365661621|NORM=3.854010356008075e-05
,	O=0.9998946189880371|NORM=2.7048552510677837e-05
nanti	O=0.9999381303787231|NORM=3.5037915949942544e-05
kalau	O=0.9991093277931213|NORM=0.0008359600906260312
kamu	O=0.9998045563697815|NORM=0.00015876005636528134
liat	NORM=0.9993264675140381|O=0.0005532842478714883
juga	O=0.9999347925186157|NORM=4.043493390781805e-05
ngerti	NORM=0.9957022070884705|O=0.0041336980648338795
"	O=0.9998846054077148|NORM=6.306763680186123e-05

ready	O=0.9995563626289368|NORM=0.0004115691699553281
bos	NORM=0.6317132115364075|O=0.3676145076751709
am	O=0.9998767375946045|NORM=9.438660345040262e-05
uk	O=0.9998924732208252|NORM=8.28201009426266e-05
.	O=0.999651312828064|NORM=0.00014058045053388923
30x40	O=0.9998922348022461|NORM=7.698132685618475e-05
dan	O=0.9999116659164429|NORM=5.5686061386950314e-05
jam	O=0.9998772144317627|NORM=0.00010048613330582157
uk	O=0.9998012185096741|NORM=0.0001726180489640683
.	O=0.9997000694274902|NORM=0.00011537726095411927
40x40	O=0.9998747110366821|NORM=8.868465374689549e-05

@korantempo	O=0.9999184608459473|NORM=4.996166899218224e-05
mungkin	O=0.9999299049377441|NORM=3.535371070029214e-05
sama	O=0.9998756647109985|NORM=0.00010221685806754977
komennya	O=0.9971593618392944|NORM=0.002767805941402912
dia	O=0.9999468326568604|NORM=2.9855156753910705e-05
waktu	O=0.9998927116394043|NORM=7.200500112958252e-05
dapet	NORM=0.9993539452552795|O=0.0004552418540697545
gelar	O=0.9995157718658447|NORM=0.00030856236116960645
santri	O=0.9994992017745972|NORM=0.00041495481855235994
trus	NORM=0.9851523637771606|O=0.014535939320921898
gak	NORM=0.9997010827064514|O=0.00018616091983858496
lama	O=0.9995310306549072|NORM=0.0003652821178548038
jd	NORM=0.9995602965354919|O=0.000301092368317768
ulama	O=0.9993701577186584|NORM=0.0005705178482457995
.	O=0.9999237060546875|NORM=2.2604126570513472e-05
it's	NORM=0.999160647392273|O=0.0005782590014860034
not	O=0.9999464750289917|NORM=2.3018579668132588e-05
a	O=0.9999449253082275|NORM=2.6336107112001628e-05
good	O=0.9999518394470215|NORM=2.039353785221465e-05
example	O=0.999930739402771|NORM=4.0990566049003974e-05
definitely	O=0.9999406337738037|NORM=3.101868787780404e-05
.	O=0.9998973608016968|NORM=3.0345418053912e-05

@jarakndaberarti	O=0.9998915195465088|NORM=6.655500328633934e-05
iyaaa	NORM=0.98796147108078|O=0.011849602684378624
aku	O=0.999920129776001|NORM=5.056848385720514e-05
k	NORM=0.9947740435600281|O=0.005125914700329304
sana	O=0.9998947381973267|NORM=9.037078416440636e-05
acara	O=0.9999047517776489|NORM=6.344921712297946e-05
kampus	O=0.9996181726455688|NORM=0.00025833415566012263
gt	NORM=0.9995216131210327|O=0.0003515438293106854
kan	O=0.9999347925186157|NORM=4.61106828879565e-05
,	O=0.9998216032981873|NORM=5.144338501850143e-05
(	O=0.9998886585235596|NORM=6.957219011383131e-05
curcol	NORM=0.9940930008888245|O=0.005754060111939907
ni	O=0.9998782873153687|NORM=9.754891652846709e-05
)	O=0.9998373985290527|NORM=7.879648183006793e-05
dia	O=0.9999486207962036|NORM=3.057524736505002e-05
nanya	NORM=0.99770587682724|O=0.002176861045882106
apk	O=0.9979733824729919|NORM=0.001902261981740594
di	O=0.999916672706604|NORM=5.627884456771426e-05
email	O=0.9998568296432495|NORM=8.44087844598107e-05
perlu	O=0.9999116659164429|NORM=6.79148142808117e-05
tulisin	NORM=0.9953762292861938|O=0.004501615650951862
detil	NORM=0.9917575716972351|O=0.008119817823171616
harga	O=0.9997618794441223|NORM=0.0001823061757022515
,	O=0.9998459815979004|NORM=4.6250988816609606e-05
trus	NORM=0.9978814721107483|O=0.002020808169618249
gue	NORM=0.9996527433395386|O=0.0002296997408848256
jwb	NORM=0.9994176626205444|O=0.000516344967763871
,	O=0.9998879432678223|NORM=3.48698886227794e-05
kl	NORM=0.999764621257782|O=0.00014364023809321225
baru	O=0.9999202489852905|NORM=5.503000284079462e-05
undangan	O=0.9997945427894592|NORM=0.00017458853835705668
gausa	NORM=0.9996614456176758|O=0.0002425869897706434
,	O=0.9998818635940552|NORM=3.777325400733389e-05
kl	NORM=0.9997650980949402|O=0.00013660371769219637
uda	NORM=0.9997735619544983|O=0.00012984605564270169
lanjut	O=0.9997569918632507|NORM=0.00021612734417431056
baru	O=0.9999147653579712|NORM=6.04143860982731e-05
masukin	NORM=0.8650102615356445|O=0.13458892703056335
.	O=0.9998950958251953|NORM=3.34722972183954e-05
eh	O=0.9999394416809082|NORM=3.855072645819746e-05
dia	O=0.9999508857727051|NORM=2.7342714020051062e-05
bilang	O=0.9999256134033203|NORM=3.524589556036517e-05
"	O=0.9999258518218994|NORM=3.8847145333420485e-05
answer	O=0.9999110698699951|NORM=4.520468064583838e-05
with	O=0.9999291896820068|NORM=3.044241566385608e-05
what	O=0.9999496936798096|NORM=2.1204341464908794e-05
i	O=0.999941349029541|NORM=2.463606870151125e-05
want	O=0.9999523162841797|NORM=2.1749685402028263e-05
,	O=0.9998958110809326|NORM=2.723357465583831e-05
oke	O=0.9998233914375305|NORM=0.00011557343532331288
or	O=0.999934196472168|NORM=3.4460699680494145e-05
not	O=0.9999395608901978|NORM=2.8576134354807436e-05
oke	O=0.9998891353607178|NORM=6.710792513331398e-05
"	O=0.9999423027038574|NORM=2.8273499992792495e-05
.	O=0.9999054670333862|NORM=2.677014890650753e-05
jd	NORM=0.999760091304779|O=0.00014891706814523786
doi	O=0.9999305009841919|NORM=4.2900290281977504e-05
kyk	NORM=0.9980871677398682|O=0.001827229862101376
membatasi	O=0.9999213218688965|NORM=5.776507532573305e-05
gt	NORM=0.9997088313102722|O=0.00017529547039885074
,	O=0.9998941421508789|NORM=3.202662992407568e-05
kayak	NORM=0.9996602535247803|O=0.00023658579448238015
ga	NORM=0.9998001456260681|O=0.00010892128193518147
terima	O=0.9999167919158936|NORM=6.488303188234568e-05
perkembangan	O=0.9999276399612427|NORM=5.285131192067638e-05
gt	NORM=0.9996851682662964|O=0.00019469075778033584

dp	O=0.9997022747993469|NORM=0.00027209860854782164
#expobekasi	O=0.9998977184295654|NORM=6.21309009147808e-05
20-21	O=0.999881386756897|NORM=7.423390343319625e-05
.	O=0.9999303817749023|NORM=2.6577103199088015e-05
#bekasi	O=0.9999217987060547|NORM=5.011081520933658e-05
meet	O=0.9998457431793213|NORM=0.00010829317761817947
up	O=0.9996215105056763|NORM=0.00032943603582680225
bareng	NORM=0.8635575175285339|O=0.13606154918670654
novi	O=0.9990707039833069|NORM=0.0008943102438934147
yuk	NORM=0.7996553182601929|O=0.19984611868858337
.	O=0.999925971031189|NORM=2.9928081858088262e-05
info	O=0.9898887276649475|NORM=0.00999443233013153
rr	NORM=0.5311626195907593|O=0.4684697389602661
by	O=0.9998494386672974|NORM=0.00013425078941509128
dm	O=0.9999057054519653|NORM=6.279331137193367e-05
.	O=0.9999171495437622|NORM=2.685277104319539e-05
#availbekasi	O=0.9999293088912964|NORM=3.8876267353771254e-05
#bobekasi	O=0.9999254941940308|NORM=3.8029331335565075e-05
#openbobekasi	O=0.999933123588562|NORM=3.281048338976689e-05
#wpbekasi	O=0.9999372959136963|NORM=3.0327737476909533e-05
#includebekasi	O=0.999931812286377|NORM=3.346522862557322e-05
#bisyarbekasi	O=0.9999229907989502|NORM=3.6805176932830364e-05
#bispakbekasi	O=0.9999186992645264|NORM=3.8292997487587854e-05
https://t.co/1gzlrtzdsk	O=0.9998136162757874|NORM=0.00011816632468253374

eh	O=0.9999053478240967|NORM=7.290974463103339e-05
ya	O=0.9998806715011597|NORM=9.923152538249269e-05
udah	NORM=0.9997639060020447|O=0.00014374317834153771
ada	O=0.9999451637268066|NORM=3.5979828680865467e-05
sampah	O=0.999861478805542|NORM=0.00011789035488618538
senator	O=0.9999269247055054|NORM=5.741351924370974e-05
australia	O=0.9999358654022217|NORM=3.7437381251947954e-05
manasin	NORM=0.9981208443641663|O=0.001770585309714079
kompor	O=0.9999052286148071|NORM=7.937262125778943e-05
benci	O=0.9999082088470459|NORM=5.795567994937301e-05
sama	O=0.9999282360076904|NORM=5.180641892366111e-05
muslim	O=0.9999309778213501|NORM=4.438008545548655e-05
.	O=0.9999184608459473|NORM=2.6370646082796156e-05
zaman	O=0.9998862743377686|NORM=8.149710629368201e-05
gw	NORM=0.9998096823692322|O=0.00011306833039270714
di	O=0.9999209642410278|NORM=5.173638055566698e-05
sana	O=0.9999383687973022|NORM=3.831110370811075e-05
ada	O=0.999953031539917|NORM=2.9932116376585327e-05
pauline	O=0.999893069267273|NORM=9.026089537655935e-05
hanson	O=0.9999158382415771|NORM=5.399241126724519e-05
.	O=0.9999268054962158|NORM=2.7025391318602487e-05
ngemengnya	NORM=0.9461140036582947|O=0.053624674677848816
dulu	O=0.9999465942382812|NORM=3.7471967516466975e-05
blm	NORM=0.9997795224189758|O=0.0001502315717516467
benci	O=0.9998478889465332|NORM=0.00010407625086372718
muslim	O=0.9999232292175293|NORM=5.57913190277759e-05
.	O=0.9999243021011353|NORM=2.603537359391339e-05
benci	O=0.9998252987861633|NORM=0.00010560983355389908
org	NORM=0.9997066855430603|O=0.0002096167445415631
asia	O=0.9998047947883606|NORM=0.00016526774561498314
!	O=0.9999290704727173|NORM=3.14011522277724e-05
"	O=0.9999336004257202|NORM=3.296399154351093e-05
they	O=0.9999289512634277|NORM=3.585029116948135e-05
should	O=0.9999462366104126|NORM=3.151241617160849e-05
now	O=0.9999394416809082|NORM=3.0203369533410296e-05
be	O=0.999942421913147|NORM=2.9014519896009006e-05
allowed	O=0.999937891960144|NORM=3.325408761156723e-05
here	O=0.9999440908432007|NORM=3.0642626370536163e-05
.	O=0.9999252557754517|NORM=2.6583229555399157e-05
we	O=0.9999467134475708|NORM=3.339383329148404e-05
were	O=0.9999427795410156|NORM=3.6172445106785744e-05
here	O=0.9999518394470215|NORM=2.826942909450736e-05
first	O=0.9999517202377319|NORM=2.3260561647475697e-05
.	O=0.9999121427536011|NORM=2.9479899239959195e-05
"	O=0.9999306201934814|NORM=3.486272908048704e-05
diketawain	O=0.9690313935279846|NORM=0.030741499736905098
aborigine	O=0.9998695850372314|NORM=9.452969970880076e-05

@12csl	O=0.9997850060462952|NORM=0.0001670702185947448
terkes	O=0.9967730641365051|NORM=0.003025758545845747
ia	O=0.9245339632034302|NORM=0.07486096769571304
wonderfull	NORM=0.8942260146141052|O=0.10543593019247055

@noseclorum	O=0.999915361404419|NORM=5.143466842127964e-05
@divhumas_polri	O=0.9999160766601562|NORM=4.9645848775980994e-05
yang	O=0.9999357461929321|NORM=3.7191090086707845e-05
pidioin	O=0.9999175071716309|NORM=6.0812075389549136e-05
yang	O=0.9999357461929321|NORM=3.595057933125645e-05
dicari	O=0.9998922348022461|NORM=6.99469237588346e-05
,	O=0.9998840093612671|NORM=3.717941581271589e-05
yang	O=0.9999086856842041|NORM=5.7393528550164774e-05
beberkan	O=0.9894228577613831|NORM=0.010438598692417145
bukti	O=0.9989439845085144|NORM=0.0008241059258580208
yang	O=0.99986732006073|NORM=8.697234443388879e-05
dicari	O=0.9998290538787842|NORM=0.00011412058665882796
.	O=0.999896764755249|NORM=4.02466939704027e-05
we	O=0.9998300075531006|NORM=0.00013860204489901662
do	O=0.986012876033783|NORM=0.013786219991743565
not	O=0.9998444318771362|NORM=7.94652005424723e-05
believe	O=0.9999047517776489|NORM=4.247985634719953e-05
!	O=0.9998785257339478|NORM=4.867036477662623e-05

@munbukalapak	O=0.9998819828033447|NORM=7.261265272973105e-05
album	O=0.9999041557312012|NORM=6.251811282709241e-05
exo	O=0.9999053478240967|NORM=6.466441845986992e-05
dmumt	O=0.9998742341995239|NORM=9.986753138946369e-05
ready	O=0.9999212026596069|NORM=5.5678254284430295e-05
all	O=0.9999395608901978|NORM=3.1935578590491787e-05
version	O=0.9999170303344727|NORM=5.111363861942664e-05
+	O=0.9998999834060669|NORM=6.203121301950887e-05
poster	O=0.9998325109481812|NORM=0.00012608992983587086
,	O=0.9998835325241089|NORM=3.786767410929315e-05
250k	O=0.9998430013656616|NORM=0.00011404144606785849
/	O=0.999835729598999|NORM=0.0001085119802155532
pcs	O=0.999839186668396|NORM=0.00012135308497818187
,	O=0.9998637437820435|NORM=4.8227564548142254e-05
ada	O=0.9998708963394165|NORM=0.00010013565770350397
shopee	O=0.9998579025268555|NORM=0.00011152678052894771
https://t.co/uqzx3u0pen	O=0.9998960494995117|NORM=7.483420631615445e-05

@m_ihsanm	O=0.9998981952667236|NORM=4.953590178047307e-05
ehhh	NORM=0.8495309948921204|O=0.1501678079366684
welcome	O=0.9998350143432617|NORM=9.589018736733124e-05
back	O=0.9998878240585327|NORM=6.221199146239087e-05
a	O=0.9999350309371948|NORM=4.016414823126979e-05
.	O=0.999925971031189|NORM=2.303104156453628e-05
sering	O=0.9998903274536133|NORM=5.668760422850028e-05
sering	O=0.9997623562812805|NORM=0.00014803270460106432
tengokin	NORM=0.997489333152771|O=0.002338873688131571
twitternya	O=0.9998397827148438|NORM=0.0001289794745389372
,	O=0.9998645782470703|NORM=3.520330210449174e-05
udah	NORM=0.999506950378418|O=0.0003966891672462225
berdebu	O=0.9927541613578796|NORM=0.006856911815702915
itu	O=0.9999232292175293|NORM=4.9558308091945946e-05
haha	O=0.9998631477355957|NORM=8.369120769202709e-05

dari	O=0.9998941421508789|NORM=5.984167364658788e-05
aku	O=0.9999148845672607|NORM=5.170272197574377e-05
:	O=0.9998823404312134|NORM=5.5776901717763394e-05
yang	O=0.9999252557754517|NORM=4.289462594897486e-05
suka	O=0.9999338388442993|NORM=4.167294537182897e-05
ngabisin	NORM=0.99913090467453|O=0.0007280476274900138
sisa	O=0.9999057054519653|NORM=7.10941239958629e-05
makanan	O=0.9999154806137085|NORM=5.1935909141320735e-05
kamu	O=0.9999351501464844|NORM=4.111152156838216e-05
.	O=0.9998877048492432|NORM=3.8969672459643334e-05
kamu	O=0.9999402761459351|NORM=3.230758011341095e-05
itu	O=0.9999163150787354|NORM=4.6367349568754435e-05
spesial	O=0.9998829364776611|NORM=8.547770994482562e-05
.	O=0.9998728036880493|NORM=3.9603379264008254e-05
kamu	O=0.9999251365661621|NORM=4.251326754456386e-05
itu	O=0.99989914894104|NORM=6.314167694654316e-05
beda	O=0.9978942275047302|NORM=0.0020289726089686155
.	O=0.9998553991317749|NORM=4.82641116832383e-05
kamu	O=0.9999121427536011|NORM=4.971832822775468e-05
itu	O=0.9998977184295654|NORM=5.9125814004801214e-05
unik	O=0.9996976852416992|NORM=0.0002653234114404768
.	O=0.9998658895492554|NORM=4.5723787479801103e-05
kamu	O=0.9999228715896606|NORM=4.695195457316004e-05
itu	O=0.9999265670776367|NORM=4.675369200413115e-05
seru	O=0.9994919300079346|NORM=0.000464040000224486
.	O=0.9998993873596191|NORM=2.994844180648215e-05
but	O=0.9999250173568726|NORM=3.3231564884772524e-05
.	O=0.9999027252197266|NORM=3.251395537517965e-05
it's	NORM=0.9996931552886963|O=0.00021612054842989892
not	O=0.9999383687973022|NORM=2.90939788101241e-05
a	O=0.999925971031189|NORM=3.3618991437833756e-05
reason	O=0.9999339580535889|NORM=3.243806349928491e-05
for	O=0.9999165534973145|NORM=4.372846524347551e-05
me	O=0.9999350309371948|NORM=2.8492979254224338e-05
to	O=0.9998733997344971|NORM=6.571841367986053e-05
fall	O=0.9999219179153442|NORM=4.1393090214114636e-05
in	O=0.9998973608016968|NORM=6.181155913509429e-05
love	O=0.9998981952667236|NORM=4.744397665490396e-05
with	O=0.9999004602432251|NORM=4.109583096578717e-05
you	O=0.999932050704956|NORM=2.7262523872195743e-05
.	O=0.9999001026153564|NORM=3.2295378332491964e-05
buatku	O=0.9998722076416016|NORM=0.00010129510337719694
,	O=0.9998778104782104|NORM=3.07061527564656e-05
gaperlu	NORM=0.9993599057197571|O=0.0005140771390870214
alasan	O=0.999900221824646|NORM=7.059330528136343e-05
buat	O=0.9998961687088013|NORM=7.094626926118508e-05
jatuh	O=0.9998927116394043|NORM=8.376162440981716e-05
cinta	O=0.9999188184738159|NORM=5.536777462111786e-05
sama	O=0.9997640252113342|NORM=0.00014811501023359597
kamu	O=0.9999247789382935|NORM=4.210572660667822e-05
.	O=0.9998482465744019|NORM=5.195734047447331e-05
https://t.co/nazetfhxub	O=0.9999207258224487|NORM=4.619749233825132e-05

"	O=0.9999146461486816|NORM=3.4312979551032186e-05
ur	NORM=0.9996756315231323|O=0.00018459302373230457
not	O=0.9999457597732544|NORM=2.762525218713563e-05
me	O=0.9999432563781738|NORM=2.941827187896706e-05
,	O=0.9999020099639893|NORM=2.6297329895896837e-05
loe	NORM=0.9979559183120728|O=0.001883000019006431
straight	O=0.9998877048492432|NORM=7.821823965059593e-05
.	O=0.9999067783355713|NORM=2.6595011149765924e-05
u	NORM=0.9997711777687073|O=0.0001331930689048022
cant	NORM=0.9995902180671692|O=0.00030576984863728285
judge	O=0.9998412132263184|NORM=8.211129897972569e-05
me	O=0.9999383687973022|NORM=2.843886068149004e-05
"	O=0.9999325275421143|NORM=3.273910624557175e-05
.	O=0.9998869895935059|NORM=3.261567326262593e-05
misal	O=0.9994051456451416|NORM=0.0005564272287301719
suka	O=0.9998935461044312|NORM=6.949275848455727e-05
sama	O=0.998511016368866|NORM=0.001446699257940054
lawan	O=0.9961913824081421|NORM=0.003463414264842868
jenis	O=0.9997778534889221|NORM=0.00010585872951196507
salah	O=0.9999340772628784|NORM=4.1563966078683734e-05
dimata	O=0.9995834231376648|NORM=0.00037309189792722464
tuhan	O=0.9999063014984131|NORM=6.011730874888599e-05
&	O=0.92496258020401|NORM=0.07460739463567734
suka	O=0.9998176693916321|NORM=0.00014554226072505116
sesama	O=0.9835378527641296|NORM=0.015575732104480267
jenis	O=0.9996864795684814|NORM=0.00018880235438700765
itu	O=0.9999278783798218|NORM=4.6580764319514856e-05
benar	O=0.9999366998672485|NORM=3.8179477996891364e-05
dimata	O=0.9996151924133301|NORM=0.0003429351490922272
tuhan	O=0.9998899698257446|NORM=7.007396197877824e-05
.	O=0.9998812675476074|NORM=3.287398794782348e-05
gua	NORM=0.9997913241386414|O=0.00012109871749999002
akan	O=0.9999363422393799|NORM=3.440432919887826e-05
pilih	O=0.9998552799224854|NORM=8.393736789003015e-05
apapun	O=0.9999117851257324|NORM=5.169501673663035e-05
yg	NORM=0.9997588992118835|O=0.00014769333938602358
menurut	O=0.9998980760574341|NORM=6.93934052833356e-05
tuhan	O=0.9998947381973267|NORM=7.124455441953614e-05
itu	O=0.999923825263977|NORM=4.55502922704909e-05
benar	O=0.9999275207519531|NORM=3.941860995837487e-05
.	O=0.9998598098754883|NORM=3.9098053093766794e-05
trlepas	O=0.9266506433486938|NORM=0.07309365272521973
dari	O=0.9992502331733704|NORM=0.0006567949312739074
itu	O=0.99992835521698|NORM=4.208552127238363e-05
bkn	NORM=0.9997852444648743|O=0.00012515955313574523
adlh	NORM=0.9997182488441467|O=0.00020172205404378474
hasrat	O=0.9998077750205994|NORM=0.00012061395682394505
gue	NORM=0.9997381567955017|O=0.00016025942750275135
yg	NORM=0.9997314810752869|O=0.00017476826906204224
sbnrnya	NORM=0.9600239992141724|O=0.03963738679885864
.	O=0.9998807907104492|NORM=3.8847545511089265e-05
why	O=0.9999288320541382|NORM=3.485575143713504e-05
?	O=0.9998854398727417|NORM=2.822391252266243e-05
cz	NORM=0.9997174143791199|O=0.00016210060857702047
i	O=0.9998781681060791|NORM=6.603038491448388e-05
love	O=0.9999268054962158|NORM=3.138051397399977e-05
god	O=0.9999127388000488|NORM=5.4716285376343876e-05
more	O=0.9999300241470337|NORM=2.670575850061141e-05
than	O=0.9999412298202515|NORM=2.5637105864007026e-05
myself	O=0.9999375343322754|NORM=2.3745162252453156e-05
or	O=0.999940037727356|NORM=3.010667751368601e-05
anything	O=0.9999366998672485|NORM=3.312071203254163e-05
!	O=0.9998776912689209|NORM=4.0566334064351395e-05

chelsea	O=0.9998584985733032|NORM=8.607916242908686e-05
is	O=0.999927282333374|NORM=3.802834908128716e-05
blue	O=0.999942421913147|NORM=3.237239070585929e-05
.	O=0.9998118281364441|NORM=8.065724250627682e-05
real	O=0.9996545314788818|NORM=0.00024345002020709217
madrid	O=0.999914288520813|NORM=5.100938506075181e-05
is	O=0.9999145269393921|NORM=4.683091174229048e-05
white	O=0.9999396800994873|NORM=3.5812608984997496e-05
.	O=0.9998327493667603|NORM=6.0436170315369964e-05
hazard	O=0.999438464641571|NORM=0.0004147632571402937
is	O=0.9999513626098633|NORM=2.5036742954398505e-05
bored	O=0.9999579191207886|NORM=2.1660529455402866e-05
in	O=0.9999256134033203|NORM=4.3003965402022004e-05
blue	O=0.9999386072158813|NORM=3.7092268030392006e-05
.	O=0.9998836517333984|NORM=3.916399145964533e-05
so	O=0.9999364614486694|NORM=3.080492388107814e-05
he	O=0.9999476671218872|NORM=2.5226396246580407e-05
wants	O=0.9999517202377319|NORM=2.303829023730941e-05
to	O=0.9999417066574097|NORM=2.929319452960044e-05
move	O=0.9999539852142334|NORM=2.5746119717950933e-05
to	O=0.9999063014984131|NORM=5.510916525963694e-05
the	O=0.9999195337295532|NORM=4.385266947792843e-05
white	O=0.9999338388442993|NORM=4.399920362629928e-05
.	O=0.9998947381973267|NORM=3.665226176963188e-05
puisi	O=0.9998522996902466|NORM=0.00010907572868745774
apa	O=0.9999350309371948|NORM=4.125231134821661e-05
sih	O=0.9998840093612671|NORM=8.168826752807945e-05
nih	O=0.9999103546142578|NORM=5.911031985306181e-05
.	O=0.9999115467071533|NORM=2.6948000595439225e-05
#worldpoetryday	O=0.9999023675918579|NORM=5.736821185564622e-05
#haripuisisedunia	O=0.9998495578765869|NORM=7.130904850782827e-05

halo	O=0.9803196787834167|NORM=0.019524333998560905
@jnecare	O=0.9999169111251831|NORM=4.540802547126077e-05
pengiriman	O=0.9999146461486816|NORM=5.102599607198499e-05
resi	O=0.9999089241027832|NORM=5.475349826156162e-05
120990003734319	O=0.9998928308486938|NORM=5.163752575754188e-05
menggunakan	O=0.9999374151229858|NORM=3.266799831180833e-05
yes	O=0.9999361038208008|NORM=3.5499710065778345e-05
kenapa	O=0.9999408721923828|NORM=3.517108780215494e-05
belum	O=0.9999127388000488|NORM=5.256721851765178e-05
sampai	O=0.9999077320098877|NORM=6.16822944721207e-05
ya	O=0.9999055862426758|NORM=6.962427869439125e-05
?	O=0.999822199344635|NORM=5.747685645474121e-05
dari	O=0.9999229907989502|NORM=4.2671876144595444e-05
kemaren	NORM=0.998751163482666|O=0.001103716203942895
di	O=0.9999330043792725|NORM=4.265208190190606e-05
check	O=0.9998886585235596|NORM=6.689536530757323e-05
tracking	O=0.9999282360076904|NORM=4.017866012873128e-05
stuck	O=0.9991289973258972|NORM=0.000760361086577177
di	O=0.9999374151229858|NORM=3.4600536309881136e-05
boyolali	O=0.9999113082885742|NORM=5.6766151828924194e-05
,	O=0.9998615980148315|NORM=3.641903094830923e-05
sekarang	O=0.9999301433563232|NORM=3.458134597167373e-05
di	O=0.9999343156814575|NORM=4.199328395770863e-05
check	O=0.9999217987060547|NORM=4.822212940780446e-05
tracking	O=0.999924898147583|NORM=3.794634903897531e-05
not	O=0.9999198913574219|NORM=3.724125781445764e-05
found	O=0.9998525381088257|NORM=7.779725274303928e-05
,	O=0.9998778104782104|NORM=3.475884295767173e-05
tolong	O=0.9996389150619507|NORM=0.00031519189360551536
bantu	O=0.9994925260543823|NORM=0.00046092772390693426
penjelasannya	O=0.9998230338096619|NORM=0.0001530635927338153
.	O=0.9998008608818054|NORM=6.981351907597855e-05

@elina_vay	O=0.9999145269393921|NORM=4.012373756268062e-05
ini	O=0.9999351501464844|NORM=2.7905261958949268e-05
wajah	O=0.999934196472168|NORM=3.923236363334581e-05
islam	O=0.9997531771659851|NORM=0.00019543064991012216
sesungguhnya	O=0.9999340772628784|NORM=3.878150164382532e-05
.	O=0.9998970031738281|NORM=2.890080759243574e-05
aku	O=0.9999450445175171|NORM=2.2414393242797814e-05
bangga	O=0.9998931884765625|NORM=6.246349948924035e-05
we	O=0.9999154806137085|NORM=4.347725916886702e-05
are	O=0.9999091625213623|NORM=3.673481842270121e-05
not	O=0.999932050704956|NORM=2.627220055728685e-05
taught	O=0.9999010562896729|NORM=4.9984155339188874e-05
to	O=0.9998233914375305|NORM=8.973167859949172e-05
keep	O=0.9998979568481445|NORM=4.8655947466613725e-05
hatred	O=0.9996283054351807|NORM=0.00025286985328420997
,	O=0.9998849630355835|NORM=3.18250858981628e-05
we	O=0.9999067783355713|NORM=4.7616860683774576e-05
are	O=0.9999066591262817|NORM=4.48948958364781e-05
not	O=0.9999364614486694|NORM=2.779202623059973e-05
taught	O=0.9998925924301147|NORM=6.000725261401385e-05
to	O=0.9998452663421631|NORM=8.595055260229856e-05
take	O=0.9999228715896606|NORM=4.251223799656145e-05
vengeance	O=0.9998722076416016|NORM=8.226606587413698e-05
.	O=0.9998340606689453|NORM=4.7767305659363046e-05

@f_ollajkt48	O=0.999906063079834|NORM=4.672674913308583e-05
ada	O=0.9999005794525146|NORM=6.386869790730998e-05
sirkuitnya	O=0.9863049983978271|NORM=0.013584171421825886
kan	O=0.9999399185180664|NORM=3.847901098197326e-05
buat	O=0.9999313354492188|NORM=3.252958049415611e-05
ngedrift	NORM=0.6551262140274048|O=0.3440956771373749
atau	O=0.9999104738235474|NORM=4.7431440179934725e-05
latian	O=0.9997795224189758|NORM=0.0001726235350361094
aja	NORM=0.9997214674949646|O=0.0001820257311919704
,	O=0.9998373985290527|NORM=4.6213513996917754e-05
kenapa	O=0.999922513961792|NORM=4.78875263070222e-05
ngga	NORM=0.9996769428253174|O=0.00020447076531127095
cobain	O=0.9222954511642456|NORM=0.07741176337003708
dulu	O=0.9999402761459351|NORM=3.647692210506648e-05
.	O=0.9998815059661865|NORM=3.6301062209531665e-05
ngga	NORM=0.9996926784515381|O=0.00018517608987167478
mungkin	O=0.9997963309288025|NORM=0.0001529036817373708
kan	O=0.999924898147583|NORM=5.7165900216205046e-05
ditilang	O=0.9997066855430603|NORM=0.00025963824009522796
di	O=0.99991774559021|NORM=5.7589131756685674e-05
situ	O=0.9999140501022339|NORM=5.428754593594931e-05
.	O=0.9998711347579956|NORM=3.833904702332802e-05
sepertinya	O=0.999885082244873|NORM=7.004422514000908e-05
banyak	O=0.9998805522918701|NORM=6.341284461086616e-05
juga	O=0.9998948574066162|NORM=6.646572728641331e-05
loh	O=0.9999115467071533|NORM=6.705735722789541e-05
yang	O=0.9999197721481323|NORM=4.9798669351730496e-05
penasaran	O=0.9995498061180115|NORM=0.00034629966830834746
.	O=0.9998548030853271|NORM=4.393225026433356e-05
why	O=0.9999196529388428|NORM=4.7226731112459674e-05
not	O=0.9998939037322998|NORM=4.5620359742315486e-05
(	O=0.9999375343322754|NORM=3.105511859757826e-05
?	O=0.9998732805252075|NORM=3.8106711144791916e-05
)	O=0.9998273253440857|NORM=5.092193168820813e-05

omg	O=0.9998393058776855|NORM=0.00011614265531534329
,	O=0.999839186668396|NORM=5.2309715101728216e-05
say	O=0.9999170303344727|NORM=5.1769340643659234e-05
big	O=0.999902606010437|NORM=7.289667701115832e-05
no	O=0.9998816251754761|NORM=7.928481500130147e-05
!	O=0.9998693466186523|NORM=5.597408380708657e-05
https://t.co/2bpstnlru9	O=0.9998892545700073|NORM=6.765743455616757e-05

@samaliap	O=0.9999247789382935|NORM=3.0503688321914524e-05
but	O=0.999922513961792|NORM=2.740694435487967e-05
not	O=0.9999309778213501|NORM=2.351924922550097e-05
today	O=0.9999387264251709|NORM=2.6540019462117925e-05
sipski	O=0.999893069267273|NORM=7.028097752481699e-05
,	O=0.999887228012085|NORM=2.744638368312735e-05
hmmm	O=0.9998849630355835|NORM=6.13630109000951e-05
.	O=0.999880313873291|NORM=3.659110370790586e-05
maneh	O=0.9567322134971619|NORM=0.04176124185323715
di	O=0.9998376369476318|NORM=0.00010197588562732562
mana	O=0.9999428987503052|NORM=2.9481761885108426e-05
skrg	NORM=0.9996405839920044|O=0.00020814951858483255
?	O=0.9998557567596436|NORM=3.4466804208932444e-05

subhanallahh	O=0.9993258714675903|NORM=0.0006409172201529145
.	O=0.9998944997787476|NORM=3.631541767390445e-05
signal	O=0.998599112033844|NORM=0.0012272954918444157
telkomsel	O=0.9992784857749939|NORM=0.0006108824163675308
bikin	NORM=0.9937791228294373|O=0.005940682720392942
gemesssss	NORM=0.9991037249565125|O=0.0007910144049674273
.	O=0.9998762607574463|NORM=4.618662569555454e-05
tiap	O=0.9989480376243591|NORM=0.0008778987685218453
mlm	NORM=0.9898026585578918|O=0.009869183413684368
pasti	O=0.999879002571106|NORM=7.817706500645727e-05
ngadat	NORM=0.9948280453681946|O=0.005060218274593353
yoo	NORM=0.8289036750793457|O=0.1703285276889801
weslah	O=0.9997803568840027|NORM=0.00018651902792043984
tak	O=0.9999125003814697|NORM=6.257250061025843e-05
tinggal	O=0.9998916387557983|NORM=8.061731932684779e-05
turu	NORM=0.997700035572052|O=0.00220128009095788
wae	O=0.9997977614402771|NORM=0.00015560549218207598
good	O=0.9999161958694458|NORM=5.077854439150542e-05
night	O=0.9998223185539246|NORM=0.000123277073726058
all	O=0.9999110698699951|NORM=5.112293365527876e-05

liat	NORM=0.9995418787002563|O=0.000337901059538126
film	O=0.9977502226829529|NORM=0.0020701417233794928
yg	NORM=0.9996746778488159|O=0.00022288371110334992
lagi	O=0.9835177659988403|NORM=0.016235342249274254
on	O=0.9987119436264038|NORM=0.0011733942665159702
going	O=0.9993574023246765|NORM=0.00050495530012995
di	O=0.9997475743293762|NORM=0.0001939458743436262
bioskop	O=0.9962459206581116|NORM=0.0034624843392521143
kok	O=0.9997760653495789|NORM=0.00019077281467616558
gak	NORM=0.9996275901794434|O=0.0002258608874399215
ada	O=0.998843789100647|NORM=0.0010543826501816511
yg	NORM=0.9996802806854248|O=0.0002154672401957214
seru	O=0.998434841632843|NORM=0.0014215725241228938
ya	O=0.9996623992919922|NORM=0.0002891912590712309

ya	O=0.9999144077301025|NORM=5.3251867939252406e-05
,	O=0.9998308420181274|NORM=4.83382391394116e-05
gue	NORM=0.9996488094329834|O=0.0002252201666124165
pernah	O=0.9999097585678101|NORM=4.4335236452752724e-05
berpikiran	O=0.996658205986023|NORM=0.0032391517888754606
seperti	O=0.9999071359634399|NORM=4.9066173232859e-05
itu	O=0.9999165534973145|NORM=4.040389831061475e-05
.	O=0.9998747110366821|NORM=3.984952491009608e-05
dan	O=0.9999405145645142|NORM=3.8186655729077756e-05
percayalah	O=0.9997791647911072|NORM=0.00019827726646326482
guys	O=0.9998894929885864|NORM=7.589185406686738e-05
,	O=0.9998867511749268|NORM=3.449621726758778e-05
nope	NORM=0.824658215045929|O=0.17487497627735138
,	O=0.9998806715011597|NORM=3.452154851402156e-05
having	O=0.999921441078186|NORM=3.2449537684442475e-05
a	O=0.9999061822891235|NORM=3.8423513615271077e-05
partner	O=0.9998948574066162|NORM=4.68732432636898e-05
is	O=0.99993896484375|NORM=2.7743344617192633e-05
not	O=0.999943733215332|NORM=2.4583720005466603e-05
helping	O=0.9999287128448486|NORM=3.367083627381362e-05
your	O=0.9999279975891113|NORM=3.045411176572088e-05
own	O=0.999929666519165|NORM=2.86229005723726e-05
deep	O=0.9999253749847412|NORM=4.119471486774273e-05
personal	O=0.9998970031738281|NORM=4.130435991100967e-05
crisis	O=0.9999035596847534|NORM=4.4639793486567214e-05
.	O=0.9998877048492432|NORM=3.6874072975479066e-05
lo	NORM=0.9996324777603149|O=0.00023598436382599175
sendiri	O=0.9999339580535889|NORM=3.859355274471454e-05
yang	O=0.9999129772186279|NORM=5.826869164593518e-05
harus	O=0.9999451637268066|NORM=3.3563414035597816e-05
deal	O=0.9999243021011353|NORM=3.882205055560917e-05
with	O=0.9999270439147949|NORM=2.9734743293374777e-05
your	O=0.9999271631240845|NORM=3.173544246237725e-05
own	O=0.9999263286590576|NORM=2.8078426112188026e-05
emotion	O=0.9999077320098877|NORM=4.797270230483264e-05
.	O=0.9998940229415894|NORM=3.609714258345775e-05
kenapa	O=0.9999074935913086|NORM=5.233030242379755e-05
?	O=0.9998524188995361|NORM=4.759928924613632e-05
karena	O=0.9999029636383057|NORM=4.3201445805607364e-05
cuma	O=0.9998997449874878|NORM=6.906525231897831e-05
diri	O=0.9999101161956787|NORM=5.984434028505348e-05
lo	NORM=0.9995284080505371|O=0.00030683173099532723
yang	O=0.999901533126831|NORM=5.48549578525126e-05
cukup	O=0.9999289512634277|NORM=4.677370088757016e-05
baik	O=0.9999486207962036|NORM=2.9346387236728333e-05
untuk	O=0.9999426603317261|NORM=3.0407831218326464e-05
kesehatan	O=0.9999146461486816|NORM=5.45053044334054e-05
jiwa	O=0.9999148845672607|NORM=5.1303355576237664e-05
lo	NORM=0.9994874000549316|O=0.0003463260654825717
.	O=0.9998284578323364|NORM=5.765586320194416e-05

@snaeuntv	O=0.9999170303344727|NORM=4.211800842313096e-05
mau	O=0.9999405145645142|NORM=2.7791980755864643e-05
bilang	O=0.999906063079834|NORM=5.081605922896415e-05
itu	O=0.9999243021011353|NORM=4.5220975152915344e-05
bunga	O=0.999840497970581|NORM=9.863577724900097e-05
tapi	O=0.9999357461929321|NORM=3.270120214438066e-05
yang	O=0.9998992681503296|NORM=5.901431359234266e-05
lain	O=0.9999314546585083|NORM=3.7655750929843634e-05
udah	NORM=0.9997629523277283|O=0.00013594503980129957
pada	O=0.9996243715286255|NORM=0.0003443039895500988
protes	O=0.9997493624687195|NORM=0.00019709384650923312
.	O=0.9998995065689087|NORM=2.9235141482786275e-05
i'll	NORM=0.9987145662307739|O=0.0010899353073909879
give	O=0.9999260902404785|NORM=3.359101901878603e-05
you	O=0.9999380111694336|NORM=3.121246845694259e-05
a	O=0.9999234676361084|NORM=3.496930003166199e-05
bunch	O=0.9994192123413086|NORM=0.0005236441502347589
of	O=0.999927282333374|NORM=3.2150222978089005e-05
love	O=0.9999394416809082|NORM=2.711743763939012e-05
as	O=0.9999098777770996|NORM=5.332053842721507e-05
well	O=0.9999371767044067|NORM=3.130834738840349e-05
.	O=0.9998636245727539|NORM=4.698850534623489e-05
good	O=0.9998396635055542|NORM=9.079106530407444e-05
morning	O=0.9998793601989746|NORM=8.141746366163716e-05
https://t.co/sq9u86eeks	O=0.9999244213104248|NORM=4.503626041696407e-05

@republikaonline	O=0.9999234676361084|NORM=3.784499494940974e-05
@sony86172074	O=0.999942421913147|NORM=3.163243309245445e-05
muke	NORM=0.9784849286079407|O=0.02135789766907692
gile	NORM=0.9963293671607971|O=0.003562621772289276
ente	O=0.9998918771743774|NORM=8.022366091609001e-05
pak	O=0.9999072551727295|NORM=6.848740304121748e-05
kyai	O=0.9999221563339233|NORM=4.0395687392447144e-05
.	O=0.9999001026153564|NORM=3.215017932234332e-05
dl	NORM=0.9996639490127563|O=0.0002601920277811587
ane	NORM=0.8473641872406006|O=0.15226027369499207
respect	O=0.9998600482940674|NORM=0.00012191962014185265
ame	NORM=0.9371001720428467|O=0.06268735975027084
ente	O=0.9998482465744019|NORM=0.00011317895405227318
.	O=0.999916672706604|NORM=2.6693407562561333e-05
semenjak	O=0.6540616750717163|NORM=0.34427785873413086
ente	O=0.9998432397842407|NORM=0.0001223050057888031
masuk	O=0.9999254941940308|NORM=4.149544838583097e-05
politik	O=0.9998898506164551|NORM=6.475603731814772e-05
omongan	O=0.9997871518135071|NORM=0.00016689191397745162
ente	O=0.9998910427093506|NORM=8.020783570827916e-05
banyak	O=0.9999390840530396|NORM=3.534381903591566e-05
yg	NORM=0.9997994303703308|O=0.00012186828098492697
ngawur	O=0.999704897403717|NORM=0.0002565622271504253
.	O=0.9999045133590698|NORM=2.9771981644444168e-05
ente	O=0.9998072981834412|NORM=0.00015150710532907397
paham	O=0.9996795654296875|NORM=0.00028745128656737506
isi	O=0.999845027923584|NORM=0.00012531706306617707
quran	O=0.9997867941856384|NORM=0.00016047184180933982
n	NORM=0.999437153339386|O=0.00045281072380021214
hadist	O=0.9996967315673828|NORM=0.0002475061046425253
tp	NORM=0.999818742275238|O=0.00011888163135154173
ente	O=0.9998434782028198|NORM=0.00012113575940020382
ngga	NORM=0.9997339844703674|O=0.00015692603483330458
paham	O=0.9989312291145325|NORM=0.0009974961867555976
apa	O=0.9999353885650635|NORM=3.936707798857242e-05
itu	O=0.9998781681060791|NORM=6.852395745227113e-05
politik	O=0.9998821020126343|NORM=7.234046643134207e-05
.	O=0.9999077320098877|NORM=2.5744095182744786e-05
istighfar	O=0.9845565557479858|NORM=0.015240894630551338
lah	O=0.9998807907104492|NORM=9.892349771689624e-05
sebelum	O=0.9999352693557739|NORM=3.416886102058925e-05
ajal	O=0.9997798800468445|NORM=0.00016650518227834255
menjemput	O=0.9998698234558105|NORM=7.705995813012123e-05
.	O=0.9998898506164551|NORM=2.9810269552399404e-05
coz	NORM=0.9997686743736267|O=0.00013605348067358136
we	O=0.9999210834503174|NORM=4.988077489542775e-05
are	O=0.9999308586120605|NORM=3.6933241062797606e-05
love	O=0.9999446868896484|NORM=3.010084583365824e-05
u	NORM=0.9995404481887817|O=0.00035490826121531427
as	O=0.9999538660049438|NORM=2.4573724658694118e-05
kyai	O=0.9999332427978516|NORM=3.361032213433646e-05
not	O=0.9999492168426514|NORM=2.5067100068554282e-05
politicus	NORM=0.6545100808143616|O=0.3448752164840698
.	O=0.999909520149231|NORM=2.650886199262459e-05
#inaelectionobserversos	O=0.9999315738677979|NORM=3.9233986171893775e-05

pengen	NORM=0.9992232322692871|O=0.0006125930231064558
deh	O=0.9997465014457703|NORM=0.0002067798050120473
ketemu	O=0.9997840523719788|NORM=0.00016012605919968337
temen	NORM=0.9974974989891052|O=0.001969297416508198
lama	O=0.9998044371604919|NORM=0.00014690957323182374
gitu	NORM=0.9979392886161804|O=0.0018656827742233872
tapi	O=0.9998657703399658|NORM=8.65119363879785e-05
dulu	O=0.9999293088912964|NORM=4.291456571081653e-05
kasarannya	O=0.9771700501441956|NORM=0.022694557905197144
cuman	NORM=0.9996159076690674|O=0.0002346944238524884
sekedar	O=0.9998515844345093|NORM=0.00011281068145763129
tau	NORM=0.9991018772125244|O=0.0007222338463179767
atau	O=0.9998753070831299|NORM=7.545496919192374e-05
sekedar	O=0.9998363256454468|NORM=0.00011430865561123937
kenal	O=0.9996589422225952|NORM=0.0002343600644962862
.	O=0.9998606443405151|NORM=4.3123302020831034e-05
pengen	NORM=0.9995803236961365|O=0.00029496365459635854
tau	NORM=0.9994974136352539|O=0.0003343912831041962
aja	NORM=0.9995068311691284|O=0.00035700216540135443
cerita	O=0.9997742772102356|NORM=0.00013448581739794463
hidup	O=0.9998075366020203|NORM=0.00012440905265975744
orang	O=0.9998088479042053|NORM=0.00010923470836132765
gimana	O=0.9998325109481812|NORM=0.0001337956782663241
.	O=0.9998679161071777|NORM=4.095997428521514e-05
gue	NORM=0.9995317459106445|O=0.0002888712042476982
percaya	O=0.999756395816803|NORM=0.00014622783055528998
sih	O=0.9999306201934814|NORM=4.6698762162122875e-05
there	O=0.9996752738952637|NORM=0.0002820559311658144
must	O=0.9999252557754517|NORM=4.905386595055461e-05
be	O=0.9999309778213501|NORM=3.998954707640223e-05
some	O=0.9999421834945679|NORM=2.6356385205872357e-05
insight	O=0.999861478805542|NORM=7.920665666460991e-05
that	O=0.9999244213104248|NORM=3.405930692679249e-05
could	O=0.9999220371246338|NORM=4.3401276343502104e-05
surprise	O=0.9998743534088135|NORM=9.847154433373362e-05
you	O=0.9999431371688843|NORM=2.958764525828883e-05

@jmnchmy	O=0.9998767375946045|NORM=6.576992018381134e-05
jakarta	O=0.9997376799583435|NORM=0.0002126960171153769
timur	O=0.9998481273651123|NORM=8.183715544873849e-05
.	O=0.9998636245727539|NORM=4.9334812501911074e-05
wish	O=0.9995114803314209|NORM=0.00040646918932907283
me	O=0.9990028738975525|NORM=0.0008574450039304793
luckk	O=0.9975436329841614|NORM=0.0023151517380028963

kepengen	O=0.9750635027885437|NORM=0.02481193281710148
nyanding	O=0.9836979508399963|NORM=0.016172215342521667
,	O=0.9997780919075012|NORM=7.912923319963738e-05
nanging	O=0.9997244477272034|NORM=0.00022052924032323062
koe	O=0.9995983242988586|NORM=0.000355886819306761
not	O=0.9998973608016968|NORM=7.3063543823082e-05
responding	O=0.999826967716217|NORM=0.0001440864580217749
https://t.co/jjxrmzgre1	O=0.9998558759689331|NORM=9.96421294985339e-05

masih	O=0.9999086856842041|NORM=6.916250276844949e-05
ada	O=0.9995205402374268|NORM=0.0004138493968639523
aje	NORM=0.996742308139801|O=0.003147989744320512
orang	O=0.9997686743736267|NORM=0.00020265800412744284
dagang	O=0.9998067021369934|NORM=0.0001404392096446827
gak	NORM=0.9995802044868469|O=0.0002913062344305217
ngasih	NORM=0.9991710186004639|O=0.0006986488588154316
tau	NORM=0.9993270635604858|O=0.000571611279156059
harga	O=0.9998747110366821|NORM=9.476657578488812e-05
.	O=0.999906063079834|NORM=3.7621663068421185e-05
"	O=0.9999209642410278|NORM=4.506970799411647e-05
dm	O=0.9999023675918579|NORM=7.620869291713461e-05
for	O=0.9999151229858398|NORM=5.2346629672683775e-05
price	O=0.9999109506607056|NORM=6.464596663136035e-05
"	O=0.9999300241470337|NORM=4.163044286542572e-05
like	O=0.9999305009841919|NORM=4.3579155317274854e-05
,	O=0.9998983144760132|NORM=3.574824222596362e-05
wtf	O=0.9997671246528625|NORM=0.00019107171101495624
,	O=0.9998922348022461|NORM=3.650092185125686e-05
do	O=0.9999265670776367|NORM=4.686927786679007e-05
you	O=0.9999340772628784|NORM=3.386003663763404e-05
want	O=0.9999470710754395|NORM=2.739656156336423e-05
my	O=0.9999418258666992|NORM=2.5752558940439485e-05
money	O=0.999903678894043|NORM=3.653282328741625e-05
or	O=0.9999399185180664|NORM=3.244280378567055e-05
not	O=0.9999397993087769|NORM=3.182209547958337e-05
?	O=0.9999163150787354|NORM=3.696117710205726e-05
https://t.co/faflauenik	O=0.9999282360076904|NORM=4.621537300408818e-05

