꼴릿꼴릿하노	NORM=0.8668741583824158|O=0.133010596036911

년들	NORM=0.6519404649734497|O=0.3479190170764923
허영심	O=0.9948384165763855|NORM=0.005141993053257465
만땅	O=0.9986844658851624|NORM=0.0012984577333554626
프로포즈	O=0.9984832406044006|NORM=0.0014855393674224615
가방	O=0.9986851811408997|NORM=0.0012870368082076311
브라덜샤워	O=0.8413206338882446|NORM=0.15862585604190826
3천만원	O=0.9988752007484436|NORM=0.0010914738522842526
결혼식	O=0.9977173805236816|NORM=0.0022619992960244417
거르는거지	O=0.9910669922828674|NORM=0.008910395205020905
안쓴다는건아님	O=0.9979660511016846|NORM=0.0019967954140156507

맞아요	O=0.9997028708457947|NORM=0.00028746513999067247
잘해도	O=0.9997249245643616|NORM=0.0002655557182151824
요즘애들	O=0.9992666840553284|NORM=0.000723768665920943
같지	O=0.9997565150260925|NORM=0.0002352433220949024
않게	O=0.9998127818107605|NORM=0.00017879853839986026
소리	O=0.9998108744621277|NORM=0.0001765985507518053
들으면	O=0.999810516834259|NORM=0.0001817889860831201
칭찬처럼	O=0.9997196793556213|NORM=0.00027318342472426593
들리지	O=0.9998314380645752|NORM=0.0001595685607753694
않아요	O=0.9998103976249695|NORM=0.00017981280689127743

군데	O=0.9994829893112183|NORM=0.0005071017658337951
공룡	O=0.9980788230895996|NORM=0.001904733944684267
다들	O=0.9991675615310669|NORM=0.0008237697766162455
웨케	O=0.977510929107666|NORM=0.022471699863672256
몸집	O=0.9992178678512573|NORM=0.0007762374589219689
커	O=0.999622106552124|NORM=0.0003724279231391847

요즘	O=0.999849796295166|NORM=0.0001340992166660726
저런	O=0.9998214840888977|NORM=0.00016413051343988627
외모	O=0.9998261332511902|NORM=0.0001561362878419459
가진	O=0.9998712539672852|NORM=0.00011739628098439425
일본	O=0.9997921586036682|NORM=0.00019611507013905793
남배우	O=0.997613787651062|NORM=0.002377632772549987
없나	O=0.9993883371353149|NORM=0.0006047619972378016
진짜	O=0.9998044371604919|NORM=0.00018841071869246662
존나	NORM=0.5131441950798035|O=0.48655447363853455
멋있네	O=0.9997883439064026|NORM=0.00020343188953120261

크	O=0.9979279041290283|NORM=0.0020606794860213995
가오지	NORM=0.8012250065803528|O=0.19862261414527893

인천사람들	O=0.9996854066848755|NORM=0.00030590631649829447
안가는	O=0.9998382329940796|NORM=0.00015092296234797686
소래포구	O=0.9995259046554565|NORM=0.0004606508882716298
ㅋㅋ	O=0.9997534155845642|NORM=0.00023757468443363905
지역주민	O=0.9996844530105591|NORM=0.0003009776119142771
마저	O=0.9997583031654358|NORM=0.00023384975793305784
외면하는	O=0.9998420476913452|NORM=0.0001507305132690817
이유	O=0.9998615980148315|NORM=0.00012916361447423697
다들	O=0.9997623562812805|NORM=0.00022974199964664876
아시죠	O=0.9997937083244324|NORM=0.00019542999507393688

와	O=0.9998058676719666|NORM=0.00018382298003416508
정말	O=0.9998666048049927|NORM=0.00012344382412265986
대단한	O=0.9998475313186646|NORM=0.00014571158681064844
청년	O=0.9998283386230469|NORM=0.00016011147818062454
일쎄	O=0.9998235106468201|NORM=0.0001697373518254608
이런	O=0.9998818635940552|NORM=0.00011136799730593339
청년들	O=0.9997275471687317|NORM=0.00026486796559765935
나와야	O=0.9998819828033447|NORM=0.00011117191024823114
우리나라	O=0.9998971223831177|NORM=9.238650090992451e-05
도	O=0.9998922348022461|NORM=0.0001006869861157611
위상	O=0.9998698234558105|NORM=0.0001222897117258981
이	O=0.9998595714569092|NORM=0.0001347134675597772
올라가지	O=0.9998767375946045|NORM=0.00011411035666242242

우리	O=0.9997145533561707|NORM=0.00027588027296587825
파카	O=0.9988622665405273|NORM=0.001122162793762982
응원해	O=0.9996250867843628|NORM=0.0003668956633191556

검사	O=0.9988177418708801|NORM=0.001168715418316424
이거	O=0.9998001456260681|NORM=0.00018990285752806813
깔아서	O=0.9997251629829407|NORM=0.000267863244516775
들어갔다가	O=0.9998226761817932|NORM=0.00017035035125445575
퀘스트	O=0.9996102452278137|NORM=0.00037806195905432105
동선	O=0.9994431138038635|NORM=0.000548973330296576
자동	O=0.9998594522476196|NORM=0.00013223379210103303
따라가는	O=0.9998397827148438|NORM=0.00015230837743729353
오토무빙	O=0.9986875653266907|NORM=0.0013011491391807795
그거	O=0.9998045563697815|NORM=0.0001855985465226695
보자마자	O=0.9997807145118713|NORM=0.0002125938335666433
바로	O=0.9998515844345093|NORM=0.0001415891747456044
삭제했는데	O=0.9998001456260681|NORM=0.00019291105854790658
병신같은	NORM=0.781317412853241|O=0.2185502052307129
K게임	O=0.9994829893112183|NORM=0.0005068295286037028
역시	O=0.9998451471328735|NORM=0.00014756810560356826
다	O=0.9998513460159302|NORM=0.00014152635412756354
똑같다	O=0.9998170733451843|NORM=0.00017482858675066382
자동사냥	O=0.999177873134613|NORM=0.0008142124861478806
도	O=0.9996919631958008|NORM=0.00030089489882811904
그렇고	O=0.9997753500938416|NORM=0.000217126464121975
그딴게	O=0.9990587830543518|NORM=0.0009334987262263894
게임이냐	O=0.9997846484184265|NORM=0.00020853699243161827

사진	O=0.9998630285263062|NORM=0.00011810287833213806
이뻐요	O=0.9998741149902344|NORM=0.00011369217827450484
전부다	O=0.9998641014099121|NORM=0.00012692880409304053
아이폰	O=0.9996744394302368|NORM=0.00029252388048917055
인가요	O=0.9998210072517395|NORM=0.00016537526971660554
아님	O=0.999833345413208|NORM=0.0001558911899337545
다른	O=0.9998829364776611|NORM=0.00010925344395218417
카메라	O=0.9997970461845398|NORM=0.0001838392490753904
섞여있나용	O=0.9995249509811401|NORM=0.00046804253361187875
잘	O=0.9998728036880493|NORM=0.00012078538566129282
봤어요	O=0.9998263716697693|NORM=0.00016018767200876027

낭만	O=0.999679446220398|NORM=0.0003052039537578821
까지	O=0.9997465014457703|NORM=0.0002462869742885232
있네	O=0.9998055100440979|NORM=0.00018552102847024798
ㅋㅋ	O=0.9997887015342712|NORM=0.00019843276822939515

충청도	O=0.9991787075996399|NORM=0.0008021948160603642
맛있겠냐	O=0.9930002689361572|NORM=0.006986559368669987
씨발아	NORM=0.8913809657096863|O=0.10849671810865402

기성세대	O=0.9997459053993225|NORM=0.00023903055989649147
기득권	O=0.9997380375862122|NORM=0.0002503265277482569
가지고	O=0.9998133778572083|NORM=0.0001721117296256125
있으니	O=0.9998224377632141|NORM=0.0001675642852205783
부탁	O=0.9996442794799805|NORM=0.0003480971499811858
하는게	O=0.9986701011657715|NORM=0.0013210257748141885
아니라	O=0.9987782835960388|NORM=0.0012081799795851111
주문	O=0.9997155070304871|NORM=0.00027674774173647165
하는거지	O=0.9996477365493774|NORM=0.00033840403193607926

전라도	O=0.9995204210281372|NORM=0.000468574115075171
40대	O=0.9995073080062866|NORM=0.0004764002515003085
진보대학생들	O=0.9983534812927246|NORM=0.0016350289806723595
대구청년정책	O=0.9975987076759338|NORM=0.002353533636778593
대격노	O=0.7210402488708496|NORM=0.2788599133491516

뒤질	O=0.9916064739227295|NORM=0.008372485637664795
때	O=0.9992450475692749|NORM=0.0007427277159877121
한	O=0.9996817111968994|NORM=0.0003083838091697544
번	O=0.9998031258583069|NORM=0.00018497504061087966
잘	O=0.9998503923416138|NORM=0.00014249821833800524
생각해봐라	O=0.9997976422309875|NORM=0.00019305228488519788

찍어	O=0.9991639852523804|NORM=0.000816341198515147

ㄹㅇ	NORM=0.965305507183075|O=0.033996183425188065
몇번	O=0.9988715052604675|NORM=0.0011164835887029767
을	O=0.9982842803001404|NORM=0.0017053955234587193
봐도	O=0.9997060894966125|NORM=0.0002876371727325022
명작	O=0.999666690826416|NORM=0.00032468739664182067

삼엽충	NORM=0.7827602624893188|O=0.2168792486190796

미국야구장	O=0.9995455145835876|NORM=0.00042404141277074814
왜	O=0.9997636675834656|NORM=0.0002298095787409693
순대	O=0.9994602799415588|NORM=0.0005327859544195235
파놐	O=0.982320249080658|NORM=0.017663924023509026
ㅋㅋ	O=0.9995782971382141|NORM=0.0004101172962691635

난	O=0.9983213543891907|NORM=0.0016681435517966747
테넷	O=0.9932419657707214|NORM=0.006725875195115805
지리면서	O=0.9990965127944946|NORM=0.0008831314044073224
봤는뎅	O=0.9874846339225769|NORM=0.012489864602684975

읽었네요	O=0.9991896748542786|NORM=0.0007980876252986491

팩트	O=0.9992234706878662|NORM=0.0007605878636240959
진짜로	O=0.9992395639419556|NORM=0.0007526513072662055
한일	O=0.998301088809967|NORM=0.0016897416207939386
단교되길	O=0.999096155166626|NORM=0.0008976078242994845
원하는	O=0.99934321641922|NORM=0.0006489978404715657
새끼들	NORM=0.9495460391044617|O=0.05016942694783211
제식갤이다	NORM=0.8842816352844238|O=0.11563090980052948
일뽕	O=0.976711094379425|NORM=0.02324310503900051
=	O=0.9852781891822815|NORM=0.014701741747558117
짱깨	NORM=0.932425320148468|O=0.06731149554252625

재밌단	O=0.9985747337341309|NORM=0.001410746481269598
무미건조한	O=0.993606686592102|NORM=0.0063805351965129375
삶	O=0.9984038472175598|NORM=0.001568856998346746
살아왔던거냐	O=0.9006254076957703|NORM=0.0993393212556839
망하기	O=0.7459460496902466|NORM=0.253999263048172
개콘수준	O=0.5500799417495728|NORM=0.4498802125453949
이구만	O=0.9271559119224548|NORM=0.07280445098876953

뜬금	O=0.9991785883903503|NORM=0.0008086799643933773
홍보	O=0.9993144273757935|NORM=0.0006378321559168398
섞어넣네	O=0.9993209838867188|NORM=0.000668452528771013

그렇읍니까	O=0.9953258037567139|NORM=0.00465684337541461
정말	O=0.9998582601547241|NORM=0.0001298835559282452
너무	O=0.9998605251312256|NORM=0.0001282409648410976
예뻤음	O=0.9998526573181152|NORM=0.00013388451770879328

디렉터	O=0.9992114305496216|NORM=0.0007691904902458191
사인회	O=0.9993512034416199|NORM=0.0006380537524819374
또	O=0.9986114501953125|NORM=0.0013793170219287276

흑누나	O=0.7878506779670715|NORM=0.21206003427505493
존나	NORM=0.6950158476829529|O=0.3046936094760895
이쁘네	O=0.9995132684707642|NORM=0.0004785297787748277
저런	O=0.9995940327644348|NORM=0.00039929323247633874
파마머리	O=0.9965697526931763|NORM=0.003418147098273039
이쁘긴	O=0.9995447993278503|NORM=0.0004505217366386205
불가능인데	O=0.9994829893112183|NORM=0.0005119973793625832
ㅋㅋ	O=0.9996161460876465|NORM=0.0003741165855899453

역시	O=0.9998549222946167|NORM=0.00013199442764744163
월클	O=0.9993810653686523|NORM=0.0005969759658910334
이다	O=0.9998383522033691|NORM=0.0001537106145406142

형님덜	O=0.5906135439872742|NORM=0.40908122062683105
국결	O=0.9990490078926086|NORM=0.0009346953593194485
좋은데	O=0.999600350856781|NORM=0.00038939176010899246
유전자	O=0.9995194673538208|NORM=0.00046630948781967163
생각합시다	O=0.999656081199646|NORM=0.0003363763971719891
혼혈	O=0.998940646648407|NORM=0.001049706945195794
밑	O=0.999129593372345|NORM=0.0008571645594201982
팔뚝	O=0.9992831349372864|NORM=0.0007022458012215793
하나	O=0.9996013045310974|NORM=0.000390661065466702
달고	O=0.9993820190429688|NORM=0.0006099921301938593
다니는데	O=0.9994045495986938|NORM=0.0005868484731763601
여자한테	O=0.9992730021476746|NORM=0.0007191664190031588
차여본적	O=0.997469425201416|NORM=0.002521473215892911
없습니더	O=0.9905598759651184|NORM=0.009416848421096802
당신의	O=0.9994778037071228|NORM=0.0005158705171197653
자식	O=0.9996194839477539|NORM=0.00037344073643907905
생각하시어	O=0.9995916485786438|NORM=0.00040053005795925856
벳녀보단	O=0.9950357675552368|NORM=0.004920152481645346
우즈벡	O=0.9964095950126648|NORM=0.0035609181504696608
갑시더	O=0.9492025375366211|NORM=0.05076030269265175

류호정	O=0.9987851977348328|NORM=0.001197594334371388
너모	O=0.9983701109886169|NORM=0.0016161637613549829
좋아	O=0.9996069073677063|NORM=0.0003829611814580858
사랑해	O=0.9996100068092346|NORM=0.00038198556285351515

나폴레옹	O=0.9975005984306335|NORM=0.0024540217127650976
모자	O=0.9994832277297974|NORM=0.0005077844834886491
는	O=0.9989493489265442|NORM=0.0010432584676891565
시밬	NORM=0.6509965658187866|O=0.348884254693985
ㅋㅋㅋㅋㅋㅋㅋㅋㅋㅋㅋ	O=0.9994553923606873|NORM=0.0005283128703013062

미친새끼들	NORM=0.96848464012146|O=0.031274836510419846
구라	O=0.5343996286392212|NORM=0.4655519127845764
칠게	O=0.909968376159668|NORM=0.09000472724437714
따로	O=0.9979544878005981|NORM=0.0020307910162955523
있지	O=0.9982592463493347|NORM=0.0017206845805048943

조센에서	O=0.9861175417900085|NORM=0.013856588862836361
사모펀드	O=0.9903360605239868|NORM=0.009539061225950718
엘리트	O=0.9924410581588745|NORM=0.007498195394873619
웅앵웅ㅋㅋㅋㅋㅋ	O=0.9766259789466858|NORM=0.0233348086476326
럭키	O=0.8853720426559448|NORM=0.1145886480808258
일수업자	O=0.5992646813392639|NORM=0.40067896246910095
병신이	NORM=0.8913668394088745|O=0.10853499919176102
뭐라노	O=0.6342774629592896|NORM=0.3656701445579529

현준이형	O=0.9998065829277039|NORM=0.00018178479513153434
진짜	O=0.9998797178268433|NORM=0.00011020452075172216
좋다	O=0.9998427629470825|NORM=0.00014383460802491754
건축가들	O=0.9996832609176636|NORM=0.00030607549706473947
멋있다	O=0.9998461008071899|NORM=0.00014502459089271724
공간	O=0.9998555183410645|NORM=0.00013303141167853028
통해	O=0.9999008178710938|NORM=9.265710832551122e-05
사람들	O=0.9998676776885986|NORM=0.00012408192560542375
체험	O=0.9998400211334229|NORM=0.00015099364100024104
바꾸잖아	O=0.9998034834861755|NORM=0.00018826991436071694

빨리	O=0.9995100498199463|NORM=0.0004727519117295742
다음화	O=0.9998154044151306|NORM=0.00017484011186752468
연재	O=0.9998000264167786|NORM=0.00019146909471601248

이건	O=0.9995899796485901|NORM=0.0003997981839347631
남녀	O=0.9952397346496582|NORM=0.0047447592951357365
문제	O=0.9984922409057617|NORM=0.001495408359915018
따질게	O=0.9747716784477234|NORM=0.02520252950489521
아니라	O=0.9988573789596558|NORM=0.001130573102273047
저런거	O=0.9961346387863159|NORM=0.003853271948173642
알고도	O=0.9993712306022644|NORM=0.0006198736373335123
결혼한놈이	NORM=0.8955262303352356|O=0.10435743629932404
바보등신	NORM=0.9323466420173645|O=0.06756816804409027
아닐까요	O=0.9986322522163391|NORM=0.0013494796585291624

짱개새끼들	NORM=0.9716963768005371|O=0.027808738872408867

예쁘네	O=0.9998195767402649|NORM=0.00016982363013084978

한국어	O=0.9994342923164368|NORM=0.0005395120242610574
온거냐	O=0.9973635077476501|NORM=0.002627158770337701
의사소통	O=0.9994031190872192|NORM=0.0005821355152875185
비자	O=0.9994630217552185|NORM=0.0005312004359439015
연장	O=0.9993559718132019|NORM=0.0006381096900440753
체류	O=0.9993090629577637|NORM=0.0006810036720708013
언어적	O=0.9995113611221313|NORM=0.0004824637435376644
해결	O=0.9993007183074951|NORM=0.0006895867991261184
와야한다	O=0.9991216063499451|NORM=0.000871608906891197
고	O=0.9989064931869507|NORM=0.0010857746237888932

어쩐지	O=0.6964293718338013|NORM=0.303483247756958

중간	O=0.9987784028053284|NORM=0.0012032977538183331
철근	O=0.9974844455718994|NORM=0.0024738635402172804
촘촘하거	O=0.9936739206314087|NORM=0.0063101304695010185
보소	O=0.997219443321228|NORM=0.002768887672573328
보고있냐	O=0.9566688537597656|NORM=0.04331103339791298
순살	O=0.9890612363815308|NORM=0.010925750248134136

저런	O=0.9998549222946167|NORM=0.00013530821888707578
부모	O=0.9998160004615784|NORM=0.00016495138697791845
한테서	O=0.9998565912246704|NORM=0.00013459185720421374
태어나는	O=0.9998611211776733|NORM=0.00012945050548296422
얘	O=0.9996485710144043|NORM=0.00034038597368635237
는	O=0.9996943473815918|NORM=0.0002988320484291762
자라서	O=0.9998525381088257|NORM=0.00013931481225881726
부모랑	O=0.9997642636299133|NORM=0.00022837908181827515
똑같은	O=0.9998387098312378|NORM=0.000154492212459445
인간	O=0.9998667240142822|NORM=0.00012295672786422074
이	O=0.9998688697814941|NORM=0.00012450595386326313
된다	O=0.9997932314872742|NORM=0.00018947027274407446
고로	O=0.9997488856315613|NORM=0.0002407737192697823
잘	O=0.999862790107727|NORM=0.00013095690519548953
한	O=0.9998283386230469|NORM=0.0001639987895032391
거니까	O=0.9998555183410645|NORM=0.00013575835328083485
벌	O=0.9998002648353577|NORM=0.00019278968102298677
을	O=0.9994339346885681|NORM=0.0005594677641056478
줄게	O=0.99970942735672|NORM=0.0002822194655891508
아니라	O=0.9997689127922058|NORM=0.000223233611905016
상을	O=0.9997130036354065|NORM=0.00027803643024526536
줘야	O=0.9998675584793091|NORM=0.0001255280221812427
한다	O=0.9998561143875122|NORM=0.00013291786308400333

비록	O=0.9996304512023926|NORM=0.0003586576203815639
무관	O=0.9997029900550842|NORM=0.00028412314713932574
지만	O=0.999742329120636|NORM=0.00024825072614476085
월드컵	O=0.9991816878318787|NORM=0.0007017022580839694
레전드	O=0.9996693134307861|NORM=0.00030780761153437197
골	O=0.9997751116752625|NORM=0.00020778441103175282
은	O=0.999760091304779|NORM=0.00023353815777227283
알차게	O=0.9997592568397522|NORM=0.00023090567265171558
넣었다	O=0.9997629523277283|NORM=0.00021711031149607152

이	O=0.9973294734954834|NORM=0.002657767618075013
새끼	NORM=0.7782382369041443|O=0.22151003777980804
금손이네	O=0.9989475607872009|NORM=0.0010428851237520576

뭐	O=0.9993440508842468|NORM=0.0006473183748312294
욕댓글	O=0.5123951435089111|NORM=0.4875156283378601
유도하다	O=0.9992400407791138|NORM=0.000749503611586988
고소하다	O=0.9990403056144714|NORM=0.0009517551516182721
합의금	O=0.9990559220314026|NORM=0.0009290970047004521
챙기다	O=0.9991306662559509|NORM=0.000851794146001339
그런거임	O=0.9982138872146606|NORM=0.0017761641647666693

윤미향	O=0.9922178983688354|NORM=0.007766561582684517
떴었는데	O=0.9844234585762024|NORM=0.01555770542472601
병신들인가	NORM=0.9539215564727783|O=0.04575159028172493

도리친다	O=0.633372962474823|NORM=0.36657288670539856
모리노	O=0.5524898171424866|NORM=0.4474317729473114
뭐	O=0.999721109867096|NORM=0.0002720578049775213
만	O=0.9997590184211731|NORM=0.00023481735843233764
하면	O=0.9997475743293762|NORM=0.0002446947619318962
일본어	O=0.9995330572128296|NORM=0.00045405005221255124
라고	O=0.9997072815895081|NORM=0.0002858131192624569
어설프게	O=0.9994804263114929|NORM=0.0005130709032528102
배운	O=0.9992146492004395|NORM=0.0007718515698798001
놈들	NORM=0.7309638261795044|O=0.26877570152282715
이	O=0.9962265491485596|NORM=0.003762328764423728
젤	O=0.6603587865829468|NORM=0.3395126461982727
문제	O=0.9888812899589539|NORM=0.011100154370069504

한녀	NORM=0.9301074147224426|O=0.06950487196445465
범접	O=0.9749262928962708|NORM=0.02504691854119301
못하는	O=0.9947156310081482|NORM=0.0052701812237501144
빵댕이노	NORM=0.9221988916397095|O=0.07754118740558624

대구	O=0.9998063445091248|NORM=0.0001801179168978706
살아보면	O=0.9998719692230225|NORM=0.00011702760093612596
좋은	O=0.9998763799667358|NORM=0.00011199589062016457
도신거	NORM=0.5139406323432922|O=0.485962837934494
아는데	O=0.9997703433036804|NORM=0.00021957315038889647
안타깝게도	O=0.9997629523277283|NORM=0.00022932120191399008
원래	O=0.9998786449432373|NORM=0.00011253574484726414
경상도	O=0.9998106360435486|NORM=0.00017694258713163435
사람	O=0.9998730421066284|NORM=0.00011817481572506949
아니면	O=0.999875545501709|NORM=0.00011593670205911621
그	O=0.9997804760932922|NORM=0.00020773023425135761
쪽	O=0.999742329120636|NORM=0.0002385239495197311
에서	O=0.9998220801353455|NORM=0.0001682527654338628
살	O=0.9998949766159058|NORM=9.733365004649386e-05
일	O=0.9998480081558228|NORM=0.00014139057020656765
이	O=0.9998660087585449|NORM=0.00012803122808691114
없음	O=0.9998315572738647|NORM=0.00015138917660806328

솔직히	O=0.9998217225074768|NORM=0.00016975711332634091
저	O=0.9998995065689087|NORM=9.18424193514511e-05
몸	O=0.9998595714569092|NORM=0.00011985687160631642
보면	O=0.9998868703842163|NORM=0.00010435421427246183
보컬	O=0.999761164188385|NORM=0.0002287166571477428
인줄	O=0.9997312426567078|NORM=0.0002603681350592524
알지	O=0.9998365640640259|NORM=0.000154794062837027
근데	O=0.9998548030853271|NORM=0.00013849421520717442
춤	O=0.998778760433197|NORM=0.0012140960898250341
개	O=0.834785521030426|NORM=0.16461515426635742
잘	O=0.9988006353378296|NORM=0.001190769486129284

근대	O=0.9998867511749268|NORM=0.00010307905176887289
진짜	O=0.9998925924301147|NORM=9.589378169039264e-05
잘생기긴	O=0.999894380569458|NORM=9.861278522294015e-05
하네	O=0.9998751878738403|NORM=0.00011501009430503473
저	O=0.9999140501022339|NORM=7.719046698184684e-05
정도면	O=0.9999083280563354|NORM=8.369753049919382e-05
감탄할	O=0.9998865127563477|NORM=0.00010520896466914564
만	O=0.9998974800109863|NORM=9.355591464554891e-05
하다	O=0.9999103546142578|NORM=8.096306555671617e-05

미필들	O=0.9936825037002563|NORM=0.00630346080288291
이반	O=0.9953978657722473|NORM=0.004547351971268654
데니소비치	O=0.9936017394065857|NORM=0.006383150815963745
하루	O=0.9995774626731873|NORM=0.0004141066747251898
꼭	O=0.9996730089187622|NORM=0.0003178805345669389
읽어봐라	O=0.9996143579483032|NORM=0.00037606165278702974

나쁘지	O=0.9995496869087219|NORM=0.00043506952351890504
않군	O=0.9974621534347534|NORM=0.002518105087801814

한녀	NORM=0.9337949752807617|O=0.06537418067455292
리즈	O=0.9809366464614868|NORM=0.01901795156300068
미성년	O=0.997399091720581|NORM=0.0025907510425895452

뭔	O=0.9915072917938232|NORM=0.008456707000732422
시발	NORM=0.9422386288642883|O=0.05688377842307091
ㅋㅋㅋㅋㅋㅋㅋㅋㅋㅋ	O=0.9996693134307861|NORM=0.0003154883743263781

로봇	O=0.9997116923332214|NORM=0.00024612812558189034
인간	O=0.9997969269752502|NORM=0.00017897911311592907
감시	O=0.9997430443763733|NORM=0.0002322211948921904
하다	O=0.9998236298561096|NORM=0.000162828408065252
사회	O=0.9998522996902466|NORM=0.00013329347711987793
오다	O=0.9997299313545227|NORM=0.0002533525403123349

글구	O=0.9985034465789795|NORM=0.001482491847127676
일본	O=0.9991335272789001|NORM=0.0008196112466976047
저런	O=0.9994298815727234|NORM=0.0005470872274599969
제국	O=0.9992881417274475|NORM=0.0006758532836101949
유지	O=0.9994307160377502|NORM=0.0005521930870600045
20년도	O=0.9987661838531494|NORM=0.0012169950641691685
못함	O=0.9986894726753235|NORM=0.0012838036054745317
걍	O=0.5395686626434326|NORM=0.46035605669021606
조센	O=0.5880724191665649|NORM=0.41187137365341187
만주	O=0.995358407497406|NORM=0.004630316514521837
대만	O=0.999119222164154|NORM=0.0008602384477853775
먹은게	O=0.9985809326171875|NORM=0.0014025814598426223
땡	O=0.6880391836166382|NORM=0.3119082748889923
필리핀지역	O=0.9970003962516785|NORM=0.0029778305906802416
먹은건	O=0.9987485408782959|NORM=0.0012405437882989645
바로	O=0.9995412826538086|NORM=0.0004438390606082976
또	O=0.9995960593223572|NORM=0.000392955873394385
미국	O=0.9995501637458801|NORM=0.00043037859722971916
에게	O=0.9996216297149658|NORM=0.0003723060945048928
참교육당함	O=0.9991976618766785|NORM=0.0007731995428912342

별	O=0.9998114705085754|NORM=0.0001740093866828829
내용	O=0.9998514652252197|NORM=0.00013438517635222524
없는데	O=0.9998875856399536|NORM=0.00010375631245551631
그냥	O=0.9998807907104492|NORM=0.00011043252743547782
읽게	O=0.9998291730880737|NORM=0.00016291769861709327
만드네	O=0.9998824596405029|NORM=0.0001098280627047643
나중에	O=0.999880313873291|NORM=0.00011160832946188748
드라마	O=0.9998865127563477|NORM=0.00010361973545514047
작가	O=0.9998961687088013|NORM=9.547282388666645e-05
로	O=0.9998551607131958|NORM=0.00013723838492296636
등장할	O=0.999897837638855|NORM=9.526379290036857e-05
듯	O=0.9998947381973267|NORM=9.810113988351077e-05

존나	NORM=0.6093552112579346|O=0.39033713936805725
귀엽네	O=0.9987547397613525|NORM=0.0012371973134577274

캬	O=0.9975570440292358|NORM=0.0024223763030022383
개	O=0.8818182349205017|NORM=0.11691787093877792
잘	O=0.9997428059577942|NORM=0.0002470965264365077
만들었네	O=0.999630331993103|NORM=0.00035933274193666875

갓본갓본	O=0.9720216393470764|NORM=0.027956170961260796
하는구나	O=0.9993021488189697|NORM=0.0006855633109807968

김정미	O=0.9997126460075378|NORM=0.00027702076476998627
노래	O=0.9997385144233704|NORM=0.00024247408146038651
좋노	O=0.9918466806411743|NORM=0.008117283694446087

이야말로	O=0.9990646243095398|NORM=0.0009248943533748388
지옥	O=0.9959768652915955|NORM=0.004012068267911673
죽인	O=0.9978408813476562|NORM=0.0021446915343403816
20년	O=0.9981416463851929|NORM=0.001839509466663003
뿐이엇네	O=0.9896091222763062|NORM=0.010376900434494019
천만명	O=0.9973465204238892|NORM=0.0026384529192000628
이었던걸	O=0.9972336888313293|NORM=0.0027526954654604197
계산하면	O=0.9991031885147095|NORM=0.0008810774888843298
새발의	NORM=0.8202583193778992|O=0.1794772893190384

나지방	O=0.7043144702911377|NORM=0.2956407964229584
업보	NORM=0.6518381834030151|O=0.3480952978134155
못던지	O=0.8471090793609619|NORM=0.1528409719467163
9이닝당	O=0.967348039150238|NORM=0.032620031386613846
볼넷	O=0.9914900660514832|NORM=0.008472797460854053

여고생	O=0.9979625940322876|NORM=0.002021464053541422
다니겠네	O=0.9983760118484497|NORM=0.0016090291319414973
개부럽다	NORM=0.8296747207641602|O=0.1702047884464264

서버	O=0.9942291975021362|NORM=0.005694043822586536
지랄하네	NORM=0.8593616485595703|O=0.14056897163391113

맞음	O=0.9994431138038635|NORM=0.0005476255901157856
딱	O=0.9996838569641113|NORM=0.0003064390330109745
앰흑	NORM=0.6143258213996887|O=0.3855428099632263
치열임	O=0.9996330738067627|NORM=0.000359160709194839
ㅋㅋㅋㅋㅋㅋㅋㅋㅋㅋㅋ	O=0.9996358156204224|NORM=0.0003514411801006645

스마트폰	O=0.9993984699249268|NORM=0.0005237174918875098
이기	O=0.9996752738952637|NORM=0.0003094370767939836
는다	O=0.9997592568397522|NORM=0.00023105787113308907

문맹시키야	O=0.5453635454177856|NORM=0.4545867443084717
젠더결정권	O=0.9407234787940979|NORM=0.05925160273909569
없으니까	O=0.9968838095664978|NORM=0.0031046736985445023
강제로	O=0.9979912042617798|NORM=0.0019970799330621958
결혼시키겠다는거잖아	O=0.996933102607727|NORM=0.0030505391769111156

이런	O=0.9998880624771118|NORM=0.00010284941527061164
분	O=0.9998719692230225|NORM=0.00011745022493414581
정말	O=0.999886155128479|NORM=0.00010488084080861881
타고난	O=0.9999045133590698|NORM=8.826532575767487e-05
몸	O=0.9998922348022461|NORM=9.724801930133253e-05
너무	O=0.9998809099197388|NORM=0.00011030979658244178
이쁘고	O=0.9998759031295776|NORM=0.00011692185216816142
와	O=0.9998623132705688|NORM=0.00013020567712374032
이렇게	O=0.9998821020126343|NORM=0.0001109259101212956
골고루	O=0.9998563528060913|NORM=0.0001367436780128628
잘	O=0.9998942613601685|NORM=9.925757331075147e-05
만들다니	O=0.9998623132705688|NORM=0.00012906815391033888
만들기	O=0.9998860359191895|NORM=0.0001051581566571258
장인임	O=0.9998658895492554|NORM=0.00012777736992575228

검은털개미	O=0.9641619324684143|NORM=0.035804543644189835

시발	NORM=0.9290921688079834|O=0.07024330645799637
죄	NORM=0.5806155204772949|O=0.4191807806491852
귀엽다	O=0.9962524771690369|NORM=0.0037369923666119576
진심으로	O=0.9979037046432495|NORM=0.002086897846311331

정보	O=0.9998561143875122|NORM=0.00013378914445638657
실제로	O=0.9998631477355957|NORM=0.00012940300803165883
포청천	O=0.9997238516807556|NORM=0.00026943982811644673
이	O=0.9996793270111084|NORM=0.00031422916799783707
개봉부	O=0.9997696280479431|NORM=0.0002216727880295366
판관직	O=0.9996101260185242|NORM=0.00038299712468869984
에	O=0.9995077848434448|NORM=0.00048512950888834894
있었던건	O=0.9997695088386536|NORM=0.00021965800260659307
1년	O=0.9997853636741638|NORM=0.0002054609649349004
남짓이다	O=0.9997915625572205|NORM=0.00020148439216427505

잘해주면	O=0.9985044002532959|NORM=0.0014712938573211432
배신할	O=0.9969321489334106|NORM=0.00305749149993062
뿐임	O=0.996841311454773|NORM=0.003147562500089407

존나	NORM=0.7201756834983826|O=0.2793651521205902
재밌게	O=0.9994245767593384|NORM=0.0005664085620082915
읽었음	O=0.9990873336791992|NORM=0.0009006778709590435
개추	O=0.9927754402160645|NORM=0.007208247669041157
나도	O=0.9993599057197571|NORM=0.0006280136876739562
가봐야겠다	O=0.9993962049484253|NORM=0.000589484057854861

똥싸면서	NORM=0.9221206307411194|O=0.07766872644424438
생각한걸	O=0.8328588008880615|NORM=0.16709654033184052
이딴글에	O=0.8433375954627991|NORM=0.15662305057048798
올러	O=0.9817013740539551|NORM=0.018276847898960114

미국	O=0.9998807907104492|NORM=0.00010219019168289378
나라	O=0.9998424053192139|NORM=0.00013495160965248942
원래	O=0.9998931884765625|NORM=9.437608969165012e-05
지구상	O=0.9998650550842285|NORM=0.00012220916687510908
가장	O=0.9998819828033447|NORM=0.00010696499521145597
차별	O=0.9997981190681458|NORM=0.00018636052845977247
심한	O=0.9998255372047424|NORM=0.0001681402645772323
생기다	O=0.9998667240142822|NORM=0.00012489574146457016
문제	O=0.9998905658721924|NORM=9.89299442153424e-05

ㅋㅋ	O=0.9986270666122437|NORM=0.001350733800791204
멍청도	O=0.9750852584838867|NORM=0.024900320917367935
사는	O=0.9993025064468384|NORM=0.0006844614981673658
나보다도	O=0.9978410005569458|NORM=0.0021462333388626575
삶이	O=0.9974265694618225|NORM=0.0025633086916059256
피폐하노	O=0.5521786212921143|NORM=0.4477274417877197

이	O=0.9998505115509033|NORM=0.00013863859931007028
친구	O=0.9998062252998352|NORM=0.00016874342691153288
는	O=0.9998477697372437|NORM=0.00014445353008341044
진짜로	O=0.9998443126678467|NORM=0.00014867955178488046
좀	O=0.9998931884765625|NORM=9.935150592355058e-05
멋있노	O=0.9996881484985352|NORM=0.0003017000562977046

관상	O=0.9997397065162659|NORM=0.00024270387075375766
은	O=0.9998152852058411|NORM=0.00017770813428796828
엄청	O=0.999871015548706|NORM=0.00011755701416404918
착해보이네	O=0.999782383441925|NORM=0.00020176635007373989

재인이랑	O=0.9994481205940247|NORM=0.0005435586790554225
재명이	O=0.9994169473648071|NORM=0.0005743945948779583
반반	O=0.9993158578872681|NORM=0.0006762379198335111
섞은거	O=0.9948948621749878|NORM=0.005082268733531237
같이	O=0.9997487664222717|NORM=0.00024240629863925278
생겼누	O=0.9951796531677246|NORM=0.004806987009942532
ㅋㅋㅋ	O=0.9995959401130676|NORM=0.00039021679549477994

이런	O=0.9998086094856262|NORM=0.0001799041056074202
미묘한	O=0.9996356964111328|NORM=0.00035486239357851446
분위기	O=0.9996994733810425|NORM=0.00028011121321469545
가	O=0.9987829327583313|NORM=0.0012106024660170078
개좋음	O=0.8680952191352844|NORM=0.13185253739356995
ㅇㅇ	O=0.9919283390045166|NORM=0.008048078045248985

씹센징	NORM=0.8587626218795776|O=0.1411435306072235
저격	O=0.9937607645988464|NORM=0.006221604999154806
그랜저	O=0.9943178296089172|NORM=0.005656616762280464
만한게	O=0.9937303066253662|NORM=0.006252482999116182
잘보일려고	O=0.8780961632728577|NORM=0.12186338752508163

된장국	O=0.9991440773010254|NORM=0.0008434729534201324
맛있겠다	O=0.9997082352638245|NORM=0.00028385731275193393
나	O=0.9996337890625|NORM=0.0003597718896344304
도	O=0.9992855191230774|NORM=0.0007055650348775089
끓여봐야지	O=0.9994173049926758|NORM=0.0005687538650818169

이거	O=0.999158501625061|NORM=0.0008211644599214196
받아준	O=0.9992733597755432|NORM=0.0007114462787285447
황제	O=0.9989575147628784|NORM=0.001021040603518486
명군임	O=0.9465883374214172|NORM=0.053375158458948135

ㄹㅇ	NORM=0.9661251902580261|O=0.033166930079460144
좌편향	O=0.6860992908477783|NORM=0.3138556182384491
판사들	O=0.9844210147857666|NORM=0.015563751570880413
나라	O=0.998971700668335|NORM=0.00101451575756073
쑥대밭	O=0.9977834820747375|NORM=0.0022014915011823177
만드노	O=0.9597373008728027|NORM=0.0402328185737133

정상적으로	O=0.999852180480957|NORM=0.00013545916590373963
저런	O=0.9998053908348083|NORM=0.00018007001199293882
몸	O=0.9997977614402771|NORM=0.00018295070913154632
될려면	O=0.9997703433036804|NORM=0.0002119076525559649
6~7년	O=0.9994415640830994|NORM=0.0005498427781276405
해야되누	O=0.9989123344421387|NORM=0.0010764963226392865

열병식	O=0.9939433932304382|NORM=0.006041097454726696
왜함	O=0.9784001111984253|NORM=0.021571625024080276

공익	O=0.9918287396430969|NORM=0.008145409636199474
끝나고	O=0.9924846291542053|NORM=0.0074952575378119946
납치돼서	O=0.8023414015769958|NORM=0.19762691855430603
어색해하던거	NORM=0.6471261382102966|O=0.35281112790107727
기억난다	O=0.9986311793327332|NORM=0.0013547411654144526
그후로	O=0.9954558610916138|NORM=0.004529718775302172
오랫동안	O=0.9970046877861023|NORM=0.002981786150485277
겉돌음	O=0.9934142827987671|NORM=0.006554949097335339

조선새끼들	NORM=0.9667711853981018|O=0.03277029097080231
중국산	O=0.997383177280426|NORM=0.0025953103322535753
사라는	O=0.9987531900405884|NORM=0.0012353967176750302

도마뱀	O=0.9854034781455994|NORM=0.014561804942786694
구ㅏ엽다고	NORM=0.6560064554214478|O=0.3439037799835205
생각한적	O=0.9295304417610168|NORM=0.07044224441051483
첨이다	O=0.971185028553009|NORM=0.028796859085559845
ㅋㅋ	O=0.9986186027526855|NORM=0.0013698332477360964

조식세트	O=0.9983341097831726|NORM=0.001599824638105929
콜라	O=0.997611403465271|NORM=0.002364721614867449
마실	O=0.9993090629577637|NORM=0.0006825576419942081
서	O=0.9991618394851685|NORM=0.000832485849969089

지금	O=0.9998144507408142|NORM=0.0001757709978846833
시작	O=0.9998156428337097|NORM=0.00017198642308358103
하면	O=0.9998049139976501|NORM=0.00018522584286984056
고인물	O=0.9993624091148376|NORM=0.0006253673345781863
이랑	O=0.9993909597396851|NORM=0.0005953250802122056
pvp	O=0.9965403079986572|NORM=0.0034366885665804148
뜨면	O=0.9995174407958984|NORM=0.0004708112683147192
기스	O=0.9986273050308228|NORM=0.0013409595703706145
도	O=0.9991470575332642|NORM=0.0008433532202616334
못	O=0.9994223117828369|NORM=0.0005678112502209842
낸다는데	O=0.9913193583488464|NORM=0.008662655018270016
ㄹ으	NORM=0.9224599599838257|O=0.07708069682121277

부연설명하자면	O=0.9957661628723145|NORM=0.004214363172650337
이런	O=0.9997270703315735|NORM=0.00026216599508188665
인간유형들	O=0.9993645548820496|NORM=0.0006253054598346353
특징이	O=0.9995916485786438|NORM=0.0003991740522906184
자기	O=0.9998100399971008|NORM=0.00018271633598487824
기분이	O=0.9992262125015259|NORM=0.0007656741654500365
상해있는데	O=0.9995972514152527|NORM=0.00039187257061712444
다른	O=0.9998263716697693|NORM=0.00016517267795279622
가족들이	O=0.9995555281639099|NORM=0.0004341440217103809
하하호호하는	O=0.9940798282623291|NORM=0.005903057288378477
꼴을	O=0.9943878054618835|NORM=0.005600982345640659
눈뜨고	O=0.9990291595458984|NORM=0.000959877681452781
못봄자기	O=0.9773091673851013|NORM=0.022674452513456345
기분	O=0.9997279047966003|NORM=0.00026524343411438167
눈치	O=0.9993413090705872|NORM=0.0006499426672235131
보면서	O=0.9996404647827148|NORM=0.00034841729211620986
설설	O=0.9993818998336792|NORM=0.000608312024269253
기어야	O=0.9996310472488403|NORM=0.0003615048190113157
만족함감히	O=0.9991148114204407|NORM=0.0008762104553170502
내가	O=0.9997279047966003|NORM=0.0002645973872859031
안좋은데	O=0.9991000890731812|NORM=0.0008866866119205952
니들은	O=0.9990456700325012|NORM=0.0009431710350327194
신나?	O=0.8750400543212891|NORM=0.12492761015892029
빡돌아서	O=0.7664304375648499|NORM=0.23353338241577148
트집잡고	O=0.5798450708389282|NORM=0.42010459303855896
망쳐놓고	O=0.8747332692146301|NORM=0.12523311376571655
지는	O=0.66837477684021|NORM=0.33156874775886536
화풀려서	O=0.9003015160560608|NORM=0.09966883063316345
티비	O=0.9966769218444824|NORM=0.0032867586705833673
보고	O=0.9988093376159668|NORM=0.00117787579074502
껄껄껄	O=0.8372320532798767|NORM=0.16270805895328522
웃음	O=0.9970689415931702|NORM=0.0029157858807593584

경제적으로	O=0.999690055847168|NORM=0.00029628531774505973
기생하다	O=0.9994364380836487|NORM=0.0005484683788381517
씨발	NORM=0.9512929916381836|O=0.048197582364082336
새끼들	NORM=0.9630061388015747|O=0.03651236370205879
저	O=0.9993483424186707|NORM=0.0006412064540199935
정도	O=0.9994574189186096|NORM=0.0005238329758867621
굽신굽신	O=0.9463599324226379|NORM=0.05361425504088402
거려야지	O=0.997595489025116|NORM=0.002380285644903779

동남아계열	O=0.9523195028305054|NORM=0.04763004183769226
애	O=0.9986134767532349|NORM=0.0013796729035675526
안쓰럽고	O=0.9988276362419128|NORM=0.0011656687129288912
그래서	O=0.999782383441925|NORM=0.00020867954299319535
보는	O=0.9998058676719666|NORM=0.00018256335170008242
내내	O=0.9998106360435486|NORM=0.00018044417083729059
불편했을텐데	O=0.9996647834777832|NORM=0.00032802665373310447
백인	O=0.9996824264526367|NORM=0.0003083393385168165
귀엽네	O=0.9996984004974365|NORM=0.00028941966593265533

송지효	O=0.9992223978042603|NORM=0.0007676574168726802
최고	O=0.9995613694190979|NORM=0.0004178807430434972
여배우	O=0.997556209564209|NORM=0.0024335640482604504
ㄹㅇ	NORM=0.9717658162117004|O=0.027491586282849312

퍼리들	O=0.96651291847229|NORM=0.03345582261681557
살짝	O=0.9989786148071289|NORM=0.0010078035993501544
이해가	O=0.999303936958313|NORM=0.0006851080106571317
될지도	O=0.9990744590759277|NORM=0.0009086605277843773

쿠라마	O=0.9862372875213623|NORM=0.01373168732970953
죽이고	O=0.9663671255111694|NORM=0.03360215947031975
사스케	O=0.516396164894104|NORM=0.48341259360313416
눈깔	O=0.9968159794807434|NORM=0.0031763704027980566
터뜨려서	O=0.9990529417991638|NORM=0.0009399829432368279
밸런스	O=0.9988283514976501|NORM=0.0011625060578808188
조절하던데	O=0.9993009567260742|NORM=0.0006910066585987806
차라리	O=0.998969316482544|NORM=0.001022856100462377
시점을	O=0.9989124536514282|NORM=0.0010807859944179654
100년후로	O=0.9950094223022461|NORM=0.004978414159268141
보내든가	O=0.9989575147628784|NORM=0.0010338686406612396
기존캐	O=0.8957309126853943|NORM=0.10423566401004791
능욕을	O=0.9907549023628235|NORM=0.009235312230885029
왜	O=0.9985289573669434|NORM=0.0014649672666564584
하는거지	O=0.9987888932228088|NORM=0.0012004689779132605

쓰	O=0.7003965377807617|NORM=0.2984628677368164

젊은	O=0.9998354911804199|NORM=0.00015527085633948445
김혜수	O=0.9997417330741882|NORM=0.0002505773154553026
리사	O=0.959296464920044|NORM=0.040664512664079666
느낌도	O=0.9996517896652222|NORM=0.0003418184060137719
좀	O=0.9998252987861633|NORM=0.00016731885261833668
있네	O=0.9997218251228333|NORM=0.00026751006953418255

파운드	O=0.9979996085166931|NORM=0.001956954365596175
쏘노	O=0.9855965971946716|NORM=0.014381123706698418

4	O=0.9993983507156372|NORM=0.000590573821682483
학년	O=0.9991908669471741|NORM=0.0007963576936163008
인데	O=0.9995985627174377|NORM=0.00039433251367881894
교수님	O=0.9998102784156799|NORM=0.00017777808534447104
처럼	O=0.9998131394386292|NORM=0.00017714023124426603
생겼네	O=0.9998546838760376|NORM=0.00013640441466122866
하버드	O=0.9997978806495667|NORM=0.00018725998234003782
공부	O=0.999868631362915|NORM=0.00011704328062478453
가	O=0.9998757839202881|NORM=0.00011746972450055182
많이	O=0.9998961687088013|NORM=9.650992433307692e-05
힘든	O=0.9998852014541626|NORM=0.00010425238724565133
가부다	O=0.9995869994163513|NORM=0.00040470148087479174

올라왔던거	O=0.9997054934501648|NORM=0.00028153450693935156
또	O=0.9997832179069519|NORM=0.0002069550973828882
올라오네	O=0.9996756315231323|NORM=0.00031162629602476954
네	O=0.9998459815979004|NORM=0.00014155867393128574
다음	O=0.9998010993003845|NORM=0.00018523380276747048
바이럴	O=0.9996354579925537|NORM=0.0003508215304464102

폭발물처리반	NORM=0.5161193609237671|O=0.48381614685058594

누칼협	NORM=0.9236269593238831|O=0.07626476883888245
나가시덩가	NORM=0.8690797686576843|O=0.13082490861415863

진짜	O=0.9997934699058533|NORM=0.00019535784667823464
존나	NORM=0.7144812345504761|O=0.2851732671260834
재미있어보이는데	O=0.9998445510864258|NORM=0.0001474537857575342
처음에	O=0.9998030066490173|NORM=0.00018994903075508773
팀	O=0.9998025298118591|NORM=0.00018194814037997276
찾고	O=0.9998582601547241|NORM=0.00013445595686789602
시작하는게	O=0.9998394250869751|NORM=0.00015284394612535834
너무	O=0.9998409748077393|NORM=0.00015103325131349266
어려울거같음	O=0.9997490048408508|NORM=0.00024185790971387178
ㄹㅇ	NORM=0.9513020515441895|O=0.048036858439445496
;;	O=0.9933304190635681|NORM=0.006650702096521854

실붕이들	O=0.6901935935020447|NORM=0.309733510017395
얘기	O=0.9957400560379028|NORM=0.0042413813062012196
아니놐	O=0.8555384278297424|NORM=0.14437322318553925
ㅋㅋㅋㅋㅋㅋㅋㅋㅋㅋㅋㅋㅋㅋㅋㅋㅋㅋㅋㅋㅋㅋㅋㅋㅋㅋ	O=0.9995806813240051|NORM=0.00040573920705355704

글로	O=0.9993330836296082|NORM=0.0006575193838216364
줄줄줄	O=0.9827876091003418|NORM=0.017195595428347588
적어놓으니	O=0.9994925260543823|NORM=0.0004978726501576602
많아보이지	O=0.9996210336685181|NORM=0.00036847597220912576
전부	O=0.9998182654380798|NORM=0.00017436490452382714
일반적인	O=0.9997606873512268|NORM=0.0002308168332092464
집안일	O=0.999269425868988|NORM=0.0007229734910652041
아니노	O=0.8893570899963379|NORM=0.11055580526590347
부모세대들은	O=0.9995172023773193|NORM=0.0004720362776424736
저거	O=0.9994747042655945|NORM=0.0005026119761168957
곱절로	O=0.9991530179977417|NORM=0.0008389053982682526
당연시하며	O=0.9995322227478027|NORM=0.0004604205605573952
다했는데	O=0.9989334940910339|NORM=0.001059188274666667
ㅋㅋ	O=0.9997100234031677|NORM=0.00028047667001374066

차차기대선	O=0.993950605392456|NORM=0.005951919127255678
준스	O=0.8819928765296936|NORM=0.11796876043081284
기다	O=0.9860158562660217|NORM=0.013955773785710335

증액	O=0.9991082549095154|NORM=0.000865112233441323
두창견입네	NORM=0.9123626351356506|O=0.08756676316261292
권리당원	O=0.9978238344192505|NORM=0.00216517667286098
책임당원	O=0.9977954626083374|NORM=0.0021930343937128782
딱봐도	O=0.9931501746177673|NORM=0.006839520297944546
유승민	O=0.9987853169441223|NORM=0.0012049321085214615
김무성계	O=0.9990813732147217|NORM=0.0009090776438824832
권리당원이더라도	O=0.9968515038490295|NORM=0.003135984530672431
말이다	O=0.9990574717521667|NORM=0.0009277689969167113

존나	NORM=0.5335604548454285|O=0.46615147590637207
웃기네	O=0.9987117052078247|NORM=0.00127972976770252

그러고보니	O=0.9966335892677307|NORM=0.003343090880662203
오뎅	O=0.7079022526741028|NORM=0.29195690155029297
다꾸앙	NORM=0.7737987041473389|O=0.2261187732219696
일본거	O=0.803115725517273|NORM=0.19683440029621124
닭도리탕	O=0.7690239548683167|NORM=0.2309049367904663

평행세계	O=0.9997521042823792|NORM=0.00022258424723986536
같은	O=0.9998605251312256|NORM=0.00012627335672732443
느낌	O=0.9997654557228088|NORM=0.00021477305563166738

현재	O=0.9994320273399353|NORM=0.0005597223644144833
한녀	NORM=0.8797525763511658|O=0.11992250382900238
혼하면	O=0.6810910105705261|NORM=0.31882742047309875
좋은	O=0.9993277788162231|NORM=0.0006637327605858445
직장	O=0.9995879530906677|NORM=0.0003996079321950674
다니고	O=0.9992067217826843|NORM=0.000784031639341265
집차	O=0.5751243829727173|NORM=0.42479872703552246
다해가도	O=0.9929110407829285|NORM=0.007078678347170353
처가	O=0.987826406955719|NORM=0.012157646007835865
대릴사위	O=0.7497488260269165|NORM=0.25020092725753784
노릇하게	O=0.9967024922370911|NORM=0.0032886648550629616
된다	O=0.9988893866539001|NORM=0.0011010603047907352
궁금하면	O=0.9995989203453064|NORM=0.0003940995957236737
결혼한	O=0.9993871450424194|NORM=0.0006056735292077065
주위	O=0.9994879961013794|NORM=0.0005025501013733447
사람	O=0.9995916485786438|NORM=0.0004026045498903841
물어봐라	O=0.9995842576026917|NORM=0.0004102740786038339
10이면	O=0.9984075427055359|NORM=0.0015839083353057504
10	O=0.999459445476532|NORM=0.0005317664472386241
비슷한	O=0.9997653365135193|NORM=0.00022793481184635311
소리	O=0.9997335076332092|NORM=0.00025637782528065145
나올껄	O=0.9997270703315735|NORM=0.000265884940745309

미국	O=0.9998657703399658|NORM=0.00011691274994518608
10블럭	O=0.9997133612632751|NORM=0.0002648374065756798
떨어진	O=0.9998735189437866|NORM=0.00011701126641128212
거리	O=0.9998763799667358|NORM=0.00011306023225188255
소방차	O=0.9997634291648865|NORM=0.00022600858937948942
사이렌	O=0.9997840523719788|NORM=0.00020738696912303567
소리	O=0.9997853636741638|NORM=0.0002013194898609072
명확하게	O=0.9998486042022705|NORM=0.00014568882761523128
들린다	O=0.9998094439506531|NORM=0.00017352330905850977

현금	O=0.9996590614318848|NORM=0.00032961025135591626
선물	O=0.999630331993103|NORM=0.00035893989843316376
화교들	O=0.9775695204734802|NORM=0.02241273783147335
퍼뜨린	O=0.9987911581993103|NORM=0.001187427551485598
거임	O=0.9986752867698669|NORM=0.0013133673928678036
돌반지	O=0.9786490797996521|NORM=0.021330853924155235
같이	O=0.996228814125061|NORM=0.0037615818437188864
좆센	O=0.7973951101303101|NORM=0.20255179703235626
전통문화	O=0.9982402324676514|NORM=0.0017339768819510937
아님	O=0.9988403916358948|NORM=0.0011390226427465677

라이벌	O=0.9964549541473389|NORM=0.003502792678773403
자초하다	O=0.9995939135551453|NORM=0.00039748483686707914
적	O=0.9993429780006409|NORM=0.0006485002231784165

딸배	O=0.5783160924911499|NORM=0.4214724004268646
대리	O=0.9977186918258667|NORM=0.002269687131047249
기본	O=0.9997941851615906|NORM=0.00019620470993686467
보험	O=0.9994072914123535|NORM=0.0005567058105953038
다넣고	O=0.9997972846031189|NORM=0.00019512489961925894
한다	O=0.9997710585594177|NORM=0.00021638860926032066
위에	O=0.9996490478515625|NORM=0.00034488202072679996
사건	O=0.9996985197067261|NORM=0.0002917179954238236
은	O=0.9995575547218323|NORM=0.00043603929225355387
식당	O=0.999756395816803|NORM=0.00023653839889448136
에서	O=0.9997789263725281|NORM=0.0002140702708857134
무보험	O=0.9996284246444702|NORM=0.00035896030021831393
기사	O=0.9996509552001953|NORM=0.00034021996543742716
한데	O=0.9997603297233582|NORM=0.00022936149616725743
시켜서	O=0.9997034668922424|NORM=0.00028890155954286456
생긴일임	O=0.9937747716903687|NORM=0.0062104021199047565
안넣으면	O=0.9996013045310974|NORM=0.00039155755075626075
일	O=0.9997689127922058|NORM=0.00022504582011606544
도	O=0.9996674060821533|NORM=0.00032663371530361474
못한다	O=0.9997062087059021|NORM=0.0002848924486897886

형소법	O=0.9971252083778381|NORM=0.0028606774285435677
개정	O=0.9992383718490601|NORM=0.0007526306435465813
해야함	O=0.99953293800354|NORM=0.0004579602391459048
판사새끼들	NORM=0.9592013359069824|O=0.04048066958785057
잘못	O=0.8368678092956543|NORM=0.16307850182056427
국회의원들	O=0.9850019812583923|NORM=0.014977926388382912
일	O=0.9992345571517944|NORM=0.0007579732337035239
안하는거지	O=0.9976929426193237|NORM=0.002296800957992673
뭐	O=0.9973860383033752|NORM=0.0025964886881411076
구속요건	O=0.9992427825927734|NORM=0.0007381319883279502
피해자	O=0.9996941089630127|NORM=0.0002978035481646657
위해	O=0.999711811542511|NORM=0.0002810343576129526
위험	O=0.9995986819267273|NORM=0.0003943953779526055
있을	O=0.999622106552124|NORM=0.00037245790008455515
때	O=0.9995967745780945|NORM=0.00039625162025913596
문구	O=0.9992057681083679|NORM=0.000784322910476476
추가	O=0.9995375871658325|NORM=0.0004564463160932064
판새들	NORM=0.9523707032203674|O=0.04738442972302437
영장	O=0.9978805780410767|NORM=0.0021111397072672844
허가	O=0.9992030262947083|NORM=0.000782536983024329

늙어서	O=0.999539852142334|NORM=0.00044907411211170256
저정도인거임	O=0.9990441203117371|NORM=0.000945157662499696
ㅋㅋ	O=0.999402642250061|NORM=0.0005832152091898024
슈주	O=0.7432056665420532|NORM=0.2567344605922699
초창기에는	O=0.9996138215065002|NORM=0.000377427670173347
어지간한	O=0.9994375109672546|NORM=0.0005501379491761327
걸그룹	O=0.9991747736930847|NORM=0.0007831430993974209
보다	O=0.9997783303260803|NORM=0.00021236737666185945
이뻤다	O=0.9995942711830139|NORM=0.0003854930982924998

그거는	O=0.9987936019897461|NORM=0.0011966329766437411
더블제타	O=0.9824405312538147|NORM=0.017495131120085716

트와이스같은	O=0.995756208896637|NORM=0.004228721838444471
그룹	O=0.9985705614089966|NORM=0.0013312108349055052

대구에서	O=0.9998383522033691|NORM=0.00015249536954797804
착한사람은	O=0.9996020197868347|NORM=0.0003875478287227452
수성구	O=0.9997245669364929|NORM=0.0002658188750501722
출신밖에	O=0.9991562366485596|NORM=0.0008362613152712584
없다	O=0.9998136162757874|NORM=0.0001779798767529428
내가	O=0.9998095631599426|NORM=0.00018219841876998544
출신이라	O=0.9992653727531433|NORM=0.00072745222132653
이말하는게	O=0.9935395121574402|NORM=0.006445750128477812
아니다	O=0.9993476271629333|NORM=0.0006359309772960842
출신사람한테	O=0.9994446635246277|NORM=0.0005481047555804253
도움받은적이	O=0.9949014186859131|NORM=0.005084289703518152
많아서	O=0.9996911287307739|NORM=0.00029915248160250485
그렇다	O=0.9996190071105957|NORM=0.0003655010659713298

내고	O=0.996759831905365|NORM=0.0032235507387667894
수업	O=0.9992713332176208|NORM=0.0007076676120050251
들으니까	O=0.9992225170135498|NORM=0.0007633819477632642
모태솔로인	O=0.9583994746208191|NORM=0.041578181087970734
거임	O=0.9913438558578491|NORM=0.008620553649961948

롤대남	O=0.7894235253334045|NORM=0.21053342521190643
반중롤깨	NORM=0.8878245949745178|O=0.11207982152700424
라는	O=0.9646216034889221|NORM=0.03535618633031845
듣고	O=0.990295946598053|NORM=0.009688186459243298
띵해져서	O=0.7993775606155396|NORM=0.20058608055114746
롤도	O=0.9541577696800232|NORM=0.045815542340278625
접음	O=0.91877281665802|NORM=0.08119586110115051

빠따	O=0.520767331123352|NORM=0.47892338037490845
들고	O=0.9988415837287903|NORM=0.0011431494494900107
돈	O=0.9996354579925537|NORM=0.0003365494485478848
달라고	O=0.9996757507324219|NORM=0.00031149262213148177
해버리네	O=0.9993948936462402|NORM=0.0005889575695618987
ㅋㅋㅋ	O=0.9995482563972473|NORM=0.0004259844426997006

들어올린다	O=0.9989402890205383|NORM=0.0010082983644679189

받다	O=0.9983218312263489|NORM=0.0016625261632725596
용돈	O=0.9984862208366394|NORM=0.0014884956181049347
때	O=0.9989905953407288|NORM=0.0010020132176578045
힘들다	O=0.9982128143310547|NORM=0.001773441326804459
지내다	O=0.9980615973472595|NORM=0.0019164553377777338
미니멈	O=0.9543051719665527|NORM=0.045667003840208054
벌다	O=0.9977618455886841|NORM=0.0022258872631937265
누구	O=0.9985300302505493|NORM=0.001463923486880958
욕	O=0.9899200201034546|NORM=0.010065585374832153
선택	O=0.9978159666061401|NORM=0.002177493879571557
설거지	O=0.9983038902282715|NORM=0.0016801052261143923

좋은	O=0.9999071359634399|NORM=7.635266229044646e-05
현상	O=0.9998714923858643|NORM=0.00010750476212706417
대통령	O=0.9998601675033569|NORM=0.0001234382070833817
잘하신다	O=0.9998677968978882|NORM=0.00011789458221755922

10억	O=0.9990641474723816|NORM=0.0008522695861756802
줘	O=0.9996399879455566|NORM=0.0003460288280621171
감	O=0.9990274906158447|NORM=0.0009661367512308061

존재하는	O=0.9985508322715759|NORM=0.001431642915122211
간첩	O=0.9956128597259521|NORM=0.004353272262960672
있다	O=0.9872633814811707|NORM=0.012723451480269432
명심하자	O=0.9881874918937683|NORM=0.011799436993896961
잡힌	O=0.9961511492729187|NORM=0.0038297371938824654
정신차려야한다	O=0.9669094085693359|NORM=0.033068299293518066

위	O=0.9996886253356934|NORM=0.0003045815974473953
커신	O=0.9993512034416199|NORM=0.000635808683000505

석방하다	O=0.9534475803375244|NORM=0.04652860760688782
종신당대표	O=0.8006439208984375|NORM=0.19930614531040192
종신대선후보	O=0.9602085947990417|NORM=0.03976224362850189
응원하다	O=0.9966500401496887|NORM=0.0033358035143464804

진짜	O=0.9998689889907837|NORM=0.00012282469833735377
ㅅㅂ	NORM=0.9328171014785767|O=0.06683189421892166
여자력	O=0.9998160004615784|NORM=0.00017481354007031769
하늘	O=0.9998300075531006|NORM=0.00016144601977430284
찌르네	O=0.9998072981834412|NORM=0.00018423463916406035
ㅋㅋ	O=0.9997919201850891|NORM=0.0001993736659642309
한녀민국	O=0.9521861672401428|NORM=0.047767747193574905
연예인	O=0.9997960925102234|NORM=0.00019323248125147074
여배우	O=0.9997133612632751|NORM=0.00027700379723683
누가	O=0.999848484992981|NORM=0.00014496245421469212
못	O=0.999850869178772|NORM=0.00014224548067431897
이긴다	O=0.9998031258583069|NORM=0.00018828922475222498

베르단디	O=0.9908666610717773|NORM=0.008827700279653072
는	O=0.9988031387329102|NORM=0.0011864015832543373
ㅇㅈ	NORM=0.9121679067611694|O=0.08763638883829117
이지	O=0.9280997514724731|NORM=0.07184058427810669

막짤	O=0.9953032732009888|NORM=0.004683382343500853
좀	O=0.9992762207984924|NORM=0.0007168898591771722
간지나다	O=0.967717170715332|NORM=0.03225920721888542
솔직히	O=0.999483585357666|NORM=0.0005098607507534325

얘네는	O=0.9998459815979004|NORM=0.0001433166762581095
원래	O=0.9998964071273804|NORM=9.083405893761665e-05
그냥	O=0.9998942613601685|NORM=9.360692638438195e-05
예의바른	O=0.9998372793197632|NORM=0.0001520483783679083
민족	O=0.9998527765274048|NORM=0.00012945436174049973
아니냐	O=0.9998838901519775|NORM=0.00010799295705510303
내가	O=0.9999097585678101|NORM=7.927849219413474e-05
본	O=0.9998910427093506|NORM=9.552761184750125e-05
일본애들은	O=0.9998595714569092|NORM=0.00012996775330975652
다	O=0.9999048709869385|NORM=8.614524267613888e-05
그랬음	O=0.9998700618743896|NORM=0.00011688571976264939

이거	O=0.9994747042655945|NORM=0.0005029576714150608
존나	NORM=0.6024316549301147|O=0.3970271050930023
웃기네	O=0.9996355772018433|NORM=0.0003542133199516684
ㅋㅋㅋㅋㅋㅋㅋㅋㅋㅋㅋㅋㅋㅋ	O=0.9996497631072998|NORM=0.00033894783700816333

근집트임	O=0.9942203760147095|NORM=0.0057348874397575855
근라미드	O=0.980872392654419|NORM=0.01894129253923893
뽕	O=0.5277340412139893|NORM=0.4721815586090088
쳐맞고	NORM=0.8493941426277161|O=0.1505233198404312
근집트	O=0.9725850224494934|NORM=0.027343763038516045
후회함	O=0.9940813183784485|NORM=0.0058783539570868015
유투버들	O=0.9819582104682922|NORM=0.018009573221206665
근집트는	O=0.9929678440093994|NORM=0.007001684978604317
근트버로만	O=0.9831820130348206|NORM=0.01678183674812317
즐기라는	O=0.9980875849723816|NORM=0.0018967957003042102
헛소리가	O=0.8829059600830078|NORM=0.11706111580133438
근트버	O=0.9351474046707153|NORM=0.0648064911365509
영상만	O=0.9982432126998901|NORM=0.0017442858079448342
외국인이다	O=0.9989936947822571|NORM=0.0009955479763448238
깁미	O=0.7026368975639343|NORM=0.2973039448261261
근달러가	O=0.9342684745788574|NORM=0.06569954752922058
기본임	O=0.9976333379745483|NORM=0.0023502151016145945

딸배헌터	O=0.968853771686554|NORM=0.031104683876037598
뜨고나서	O=0.9846590757369995|NORM=0.0153271509334445
나도	O=0.9988129138946533|NORM=0.0011728985700756311
동네	O=0.9986556768417358|NORM=0.001330143422819674
딸배들	O=0.7828770875930786|NORM=0.21705402433872223
유심히	O=0.9990389347076416|NORM=0.0009523640037514269
살펴보는데	O=0.9993444085121155|NORM=0.000640612852293998
나름	O=0.9994407296180725|NORM=0.0005490710027515888
얌전하게	O=0.9984439015388489|NORM=0.0015449650818482041
다니더라	O=0.9991304278373718|NORM=0.000852916098665446
지역차	O=0.9982563853263855|NORM=0.0017319315811619163
확실한듯	O=0.9993374943733215|NORM=0.0006518024601973593

3년	O=0.998856782913208|NORM=0.0011237600119784474
TSMC	O=0.9974064230918884|NORM=0.002548007294535637
모가지	O=0.9990744590759277|NORM=0.0009169491240754724
거고	O=0.998997151851654|NORM=0.0009930218802765012
7년	O=0.9983789920806885|NORM=0.0016101974761113524
바뀔	O=0.999026894569397|NORM=0.000964525097515434

좌좀들	NORM=0.8574016690254211|O=0.14248347282409668
필히	O=0.9994303584098816|NORM=0.0005628197686746716
봐야할	O=0.9997003078460693|NORM=0.0002925716107711196
명작	O=0.9996910095214844|NORM=0.00030171844991855323
보고	O=0.9997864365577698|NORM=0.0002078190736938268
좀	O=0.9998131394386292|NORM=0.0001810827961890027
깨어나길	O=0.999763548374176|NORM=0.0002289808471687138
바람	O=0.9997959733009338|NORM=0.00019399965822231025

뭔가	O=0.9998254179954529|NORM=0.00016148593567777425
예쁜	O=0.9997841715812683|NORM=0.0002023858978645876
트젠같다	O=0.9994670748710632|NORM=0.0005166973569430411
느낌이	O=0.9998347759246826|NORM=0.00015629197878297418

역시	O=0.999869704246521|NORM=0.00012187812535557896
잘	O=0.999882698059082|NORM=0.000109546170278918
생기고	O=0.999870777130127|NORM=0.00012156193406553939
예쁜	O=0.9999008178710938|NORM=9.082337783183903e-05
거	O=0.9998871088027954|NORM=0.00010422634659335017
좋아하는	O=0.9999068975448608|NORM=8.449258893961087e-05
건	O=0.9998722076416016|NORM=0.00012005286407656968
만국	O=0.9996029734611511|NORM=0.0003903315810021013
공통이다	O=0.9998070597648621|NORM=0.00018301611999049783
ㅋㅋㅋㅋㅋㅋㅋㅋ	O=0.9996978044509888|NORM=0.0002892141928896308
활동명도	O=0.9997802376747131|NORM=0.00021308311261236668
본인이랑	O=0.9995887875556946|NORM=0.0004051746800541878
넘	O=0.9961394667625427|NORM=0.003826240310445428
찰떡	O=0.9992197751998901|NORM=0.0007742626476101577

이보다	O=0.9993438124656677|NORM=0.0006408122717402875
폐급	NORM=0.7399730086326599|O=0.2599599361419678
일수	O=0.9984151124954224|NORM=0.0015716392081230879

근데	O=0.9998884201049805|NORM=9.786840382730588e-05
진짜	O=0.9998996257781982|NORM=8.732322021387517e-05
근육	O=0.9997996687889099|NORM=0.0001796334981918335
부담스럽지	O=0.9998494386672974|NORM=0.00014083794667385519
않게	O=0.9998772144317627|NORM=0.00011309289402561262
너무	O=0.9998780488967896|NORM=0.00011058650125050917
이쁘게	O=0.9998125433921814|NORM=0.0001785570348147303
만들어졌다	O=0.9998742341995239|NORM=0.00010774060501717031

영포티햄	O=0.9996355772018433|NORM=0.0003420923603698611
젊은	O=0.9998764991760254|NORM=0.00010988597205141559
감각	O=0.999858021736145|NORM=0.00013235713413450867
보소	O=0.9997881054878235|NORM=0.00019989858265034854
캬	O=0.9989758729934692|NORM=0.0010086997644975781
ㅋㅋㅋ	O=0.9996973276138306|NORM=0.00028844221378676593

그러네	O=0.9995488524436951|NORM=0.00044107058783993125
ㅋㅋㅋ	O=0.9996342658996582|NORM=0.0003507784567773342
영화	O=0.9997645020484924|NORM=0.00022336294932756573
진행	O=0.9997134804725647|NORM=0.0002783360832836479
더뎌지는거	O=0.9961734414100647|NORM=0.003814282128587365
우려해서	O=0.9994986057281494|NORM=0.0004947722773067653
저지랄한건데	O=0.8319333791732788|NORM=0.16801601648330688
결국에	O=0.9993902444839478|NORM=0.000602907151915133
늦게	O=0.9976751208305359|NORM=0.002315663266927004
전전이랑	O=0.9989896416664124|NORM=0.0009999546455219388
전작은	O=0.9991518259048462|NORM=0.0008410713053308427
3년텀인데	O=0.9164251685142517|NORM=0.08353865891695023
이번엔	O=0.9996616840362549|NORM=0.0003316161164548248
5년이나	O=0.9989469647407532|NORM=0.0010470215929672122
끌어서	O=0.9996484518051147|NORM=0.00034453466651029885
개봉하노	O=0.9968005418777466|NORM=0.003188809147104621
ㅋㅋㅋㅋ	O=0.9996992349624634|NORM=0.00028789095813408494

호르몬	O=0.9996589422225952|NORM=0.0003152745484840125
직접적	O=0.9998512268066406|NORM=0.00014198204735293984
체외	O=0.9998459815979004|NORM=0.0001463145890738815
배출	O=0.9998140931129456|NORM=0.00017945801664609462
냄새	O=0.9997536540031433|NORM=0.00023983296705409884
당연히	O=0.9998631477355957|NORM=0.00013073222362436354
반응	O=0.9998679161071777|NORM=0.00012566833174787462
분비물	O=0.9998351335525513|NORM=0.00015806966985110193
변화	O=0.9998797178268433|NORM=0.0001142026885645464
체취	O=0.999775230884552|NORM=0.00021694596216548234
이야기	O=0.9998747110366821|NORM=0.00011833356984425336
거	O=0.9998849630355835|NORM=0.00010805457714013755
아닌가	O=0.9998737573623657|NORM=0.00011955217632930726
교수	O=0.9998113512992859|NORM=0.00018214558076579124
없다고	O=0.9997149109840393|NORM=0.00027483206940814853
단언	O=0.9996336698532104|NORM=0.0003601817588787526
수	O=0.9997913241386414|NORM=0.00020349633996374905
레퍼런스	O=0.9998094439506531|NORM=0.00018245261162519455
게	O=0.9998728036880493|NORM=0.00012109368981327862
존재하나	O=0.9998651742935181|NORM=0.00012762031110469252

시대	O=0.9997634291648865|NORM=0.0002133237139787525
다르다	O=0.9997853636741638|NORM=0.00019082608923781663
않다	O=0.9998175501823425|NORM=0.00016150267038028687

알랭들롱	O=0.9181396961212158|NORM=0.0818229466676712
대박	O=0.9990739822387695|NORM=0.000909810361918062
이엿네	O=0.9869586825370789|NORM=0.01302680466324091
잘	O=0.999650239944458|NORM=0.00034289908944629133
생겻네	O=0.9986538887023926|NORM=0.00132592988666147
ㅎ	O=0.9901269674301147|NORM=0.009852777235209942

누구보다	O=0.9994730353355408|NORM=0.0005136398249305785
남여평등	O=0.9986447691917419|NORM=0.0013189957244321704
외치지만	O=0.9989125728607178|NORM=0.0010699160629883409
징집	NORM=0.836287796497345|O=0.1636093109846115
집지키는개	NORM=0.8327805995941162|O=0.16712966561317444
꺌꺌꺌	O=0.5908888578414917|NORM=0.4090544283390045
거리는	O=0.9961234927177429|NORM=0.003852501278743148
터진	O=0.9936789870262146|NORM=0.006286208983510733
수준이라	O=0.9987607002258301|NORM=0.0012305373093113303
기대도	O=0.9990876913070679|NORM=0.0009011910879053175
안한다	O=0.99933260679245|NORM=0.0006483847391791642

춤추는거	O=0.9992965459823608|NORM=0.0006929824012331665
감독이랑	O=0.9989981055259705|NORM=0.0009942386532202363
다툰	O=0.9992885589599609|NORM=0.0007015959708951414
이후라	O=0.9993612170219421|NORM=0.00063327670795843
역멋으라고	O=0.9993057250976562|NORM=0.0006875512772239745
넣은	O=0.9997124075889587|NORM=0.0002813388709910214
장면이란	O=0.9996867179870605|NORM=0.00030767093994654715
카더라	O=0.99943608045578|NORM=0.0005428069271147251
맞는거임	O=0.9997077584266663|NORM=0.00028383603785187006
춤을	O=0.9994993209838867|NORM=0.0004937467747367918
얼마나	O=0.9997033476829529|NORM=0.00028862259932793677
좃같이	O=0.8243378400802612|NORM=0.17555643618106842
췄으면	O=0.999562680721283|NORM=0.00043067880324088037
강제로	O=0.9997053742408752|NORM=0.00028900435427203774
당했단	O=0.9997701048851013|NORM=0.00022341555450111628
이야기까지	O=0.9997789263725281|NORM=0.00021540425950661302
나오는거냐	O=0.999754011631012|NORM=0.0002407892025075853
ㅋㅋㅋㅋ	O=0.9997523427009583|NORM=0.0002354398457100615

난	O=0.999761164188385|NORM=0.00022879891912452877
니	O=0.9998216032981873|NORM=0.0001676398969721049
세대	O=0.9996851682662964|NORM=0.000283087050775066
가	O=0.9998352527618408|NORM=0.00015576159057673067
싫어	O=0.9997915625572205|NORM=0.0001850761182140559

병신새끼들	NORM=0.9697359800338745|O=0.02991974726319313
압수수색	O=0.990630567073822|NORM=0.009341875091195107
울고불고	O=0.5610851049423218|NORM=0.43887248635292053
넘쳐서	O=0.9606945514678955|NORM=0.03928486630320549
못자고	O=0.9387379288673401|NORM=0.061231743544340134
지랄할껄	NORM=0.9612099528312683|O=0.03855099901556969
아마	O=0.9918988943099976|NORM=0.008083106949925423
자살한다고	O=0.9910998940467834|NORM=0.00888359360396862
지랄발광할거다	O=0.8971287608146667|NORM=0.10283250361680984
300번넘게	O=0.9671310186386108|NORM=0.032840751111507416
압수수색하는	O=0.9549192786216736|NORM=0.045054979622364044
개새끼들	NORM=0.9654909372329712|O=0.03425941616296768

반항	O=0.9981029033660889|NORM=0.0018728319555521011
역겨운	O=0.9962616562843323|NORM=0.0037183791864663363

깔아야하는	O=0.9994930028915405|NORM=0.0004980398225598037
비용	O=0.9996691942214966|NORM=0.000310115865431726
기준	O=0.9998014569282532|NORM=0.00018890007049776614
사람들	O=0.9997676014900208|NORM=0.00022378879657480866
대다수	O=0.9998176693916321|NORM=0.0001761189050739631
조건	O=0.9998160004615784|NORM=0.0001739306899253279
복지	O=0.9993879795074463|NORM=0.0005980496644042432
봐도	O=0.9995680451393127|NORM=0.0004212590283714235
장난	O=0.9962794184684753|NORM=0.003704644739627838
아닐건데	O=0.9995725750923157|NORM=0.00041816465090960264
통일하자고	O=0.9996485710144043|NORM=0.00034478778252378106
해도	O=0.9997345805168152|NORM=0.0002534431405365467
입장	O=0.9997796416282654|NORM=0.00021173690038267523
에서는	O=0.9997290968894958|NORM=0.0002649519592523575
달갑지않은	O=0.9996318817138672|NORM=0.00036109541542828083
조건임	O=0.999541163444519|NORM=0.000450217688921839

링크	O=0.9816932678222656|NORM=0.018107915297150612

존나	NORM=0.5335610508918762|O=0.4661508798599243
웃기네	O=0.9987117052078247|NORM=0.0012797291856259108

어떻게	O=0.9998495578765869|NORM=0.0001397677988279611
사람이름	O=0.9997573494911194|NORM=0.00022823773906566203
이	O=0.9997463822364807|NORM=0.00024647373356856406
탈룰라	O=0.9996522665023804|NORM=0.0003381395945325494
ㅋㅋㅋㅋ	O=0.999765932559967|NORM=0.00021451116481330246

따자하오	O=0.6607386469841003|NORM=0.3391961455345154
중궈	NORM=0.9145109057426453|O=0.08527716994285583

잘	O=0.9997710585594177|NORM=0.0002196596033172682
그렸네	O=0.9996566772460938|NORM=0.00033172074472531676

하이에나	O=0.8736246228218079|NORM=0.12632344663143158

나	O=0.9996747970581055|NORM=0.00031796388793736696
포켓몬	O=0.9981802701950073|NORM=0.0017546220915392041
한번도	O=0.9992044568061829|NORM=0.0007841536425985396
안	O=0.9996527433395386|NORM=0.0003380220732651651
해봤지만	O=0.9991015195846558|NORM=0.0008832899620756507
블화2	O=0.9963840246200562|NORM=0.003557344200089574
썬앤문	O=0.9837086796760559|NORM=0.016255689784884453
소드실드는	O=0.9769033193588257|NORM=0.02307933010160923
극호임	O=0.9804931282997131|NORM=0.019482841715216637

카메라	O=0.9998175501823425|NORM=0.00016919299378059804
매체	O=0.9998025298118591|NORM=0.00018395634833723307
사람	O=0.9997926354408264|NORM=0.00020016006601508707
비춰주는게	O=0.9995319843292236|NORM=0.00046027559437789023
다르더라	O=0.999593198299408|NORM=0.0003925492928829044
살찐거	O=0.7718642950057983|NORM=0.2280133068561554
아닌데	O=0.999524712562561|NORM=0.00046632197336293757
TV	O=0.9996792078018188|NORM=0.00031279816175810993
실물	O=0.9996272325515747|NORM=0.00036593657569028437
유튜브	O=0.9996813535690308|NORM=0.00030311287264339626
대충	O=0.9997408986091614|NORM=0.0002515496453270316
그런거	O=0.9997456669807434|NORM=0.0002446704893372953
볼때	O=0.9997401833534241|NORM=0.0002498905814718455
확	O=0.9994738698005676|NORM=0.0005206813802942634
다름	O=0.9996864795684814|NORM=0.000304718385450542
제일	O=0.9997044205665588|NORM=0.0002888963499572128
살찌게	O=0.9988858103752136|NORM=0.0011064994614571333
나와서	O=0.9996870756149292|NORM=0.0003054520639125258
말랐으면	O=0.999671459197998|NORM=0.00032116094371303916
실제	O=0.9998525381088257|NORM=0.00014048904995433986
보면	O=0.9997773766517639|NORM=0.00021509580255951732
걍	O=0.9435194730758667|NORM=0.05642295256257057
스켈레톤	O=0.9990212917327881|NORM=0.0009606022504158318
정상같으면	O=0.9994874000549316|NORM=0.0005038279923610389
존나	O=0.5426388382911682|NORM=0.45725780725479126
말랐고	O=0.9995220899581909|NORM=0.00046863991883583367
통통하면	O=0.9989515542984009|NORM=0.0010421043261885643
정상임	O=0.9995720982551575|NORM=0.00042070969357155263
물론	O=0.9997710585594177|NORM=0.00022106636606622487
아예	O=0.9997045397758484|NORM=0.0002892765623982996
씹돼지	NORM=0.6615587472915649|O=0.3378514349460602
제외	O=0.9260607957839966|NORM=0.0738559439778328
그리고	O=0.9997633099555969|NORM=0.00023013453755993396
얼굴	O=0.9997642636299133|NORM=0.00022935365268494934
막쓰는거	O=0.9996088147163391|NORM=0.0003842800797428936
같은	O=0.9998229146003723|NORM=0.00017099118849728256
애들이	O=0.9997575879096985|NORM=0.00023592163051944226
실제보면	O=0.9997605681419373|NORM=0.0002306018432136625
잘생기고	O=0.9997172951698303|NORM=0.0002750081184785813
예쁨	O=0.9997170567512512|NORM=0.0002761025680229068
무조건	O=0.9991940855979919|NORM=0.0007945658289827406
너프시키는게	O=0.9889926314353943|NORM=0.01099412702023983
있나봄	O=0.9966358542442322|NORM=0.0033517051488161087

비혼하기로	O=0.7989338636398315|NORM=0.20101173222064972
결혼할	O=0.9962467551231384|NORM=0.003734811907634139
맘	O=0.9950628876686096|NORM=0.004915329162031412
못박았는데	NORM=0.5594168305397034|O=0.4405110776424408
꺼내는지	O=0.8852503895759583|NORM=0.11469826102256775
안감	O=0.9975075721740723|NORM=0.0024751799646764994

국회법상	O=0.9994994401931763|NORM=0.0004905725363641977
관례로	O=0.9992765784263611|NORM=0.0007038392941467464
4-5분	O=0.9960227012634277|NORM=0.003960691392421722
이야기해왔었음	O=0.9981914162635803|NORM=0.0017905889544636011

안정환	O=0.9997966885566711|NORM=0.00019139068899676204
근	O=0.9995861649513245|NORM=0.0004024954396300018
몇년간	O=0.9994268417358398|NORM=0.0005567744956351817
과체중	O=0.9996709823608398|NORM=0.00031978427432477474

