"	O=0.9999669790267944|NORM=2.947738357761409e-05
Geil	O=0.9999172687530518|NORM=6.604852387681603e-05
,	O=0.9999841451644897|NORM=1.1950420230277814e-05
geiler	O=0.9998960494995117|NORM=7.581987301819026e-05
Kloppo	O=0.9796496629714966|NORM=0.020327230915427208
.	O=0.9999866485595703|NORM=8.593766324338503e-06

schonmal	NORM=0.999427080154419|O=0.00048671290278434753
frühstückende	O=0.9783902168273926|NORM=0.021593842655420303
Chinesen	O=0.9999465942382812|NORM=4.149497544858605e-05
im	O=0.999971866607666|NORM=2.5915596779668704e-05
ICE	O=0.9906042218208313|NORM=0.009382802061736584
neben	O=0.9999532699584961|NORM=3.5858956834999844e-05
dir	O=0.9999727010726929|NORM=1.4277976333687548e-05
gehabt	O=0.9999445676803589|NORM=5.0592916522873566e-05
?	O=0.9999825954437256|NORM=1.349935064354213e-05

Lust	O=0.9999014139175415|NORM=7.997173088369891e-05
auf	O=0.9999594688415527|NORM=3.856238254229538e-05
einen	O=0.9999754428863525|NORM=2.2456219085142948e-05
schönen	O=0.999954342842102|NORM=3.073475090786815e-05
Adventskalender	O=0.9999145269393921|NORM=7.245135202538222e-05
?	O=0.9999862909317017|NORM=7.542099865531782e-06

Die	O=0.999779999256134|NORM=0.00020210887305438519
selben	O=0.9821178317070007|NORM=0.017838066443800926
Handwerker	O=0.9985858201980591|NORM=0.0013996573397889733
,	O=0.9999814033508301|NORM=1.4829413885308895e-05
die	O=0.9999796152114868|NORM=1.667118885961827e-05
behaupten	O=0.9999347925186157|NORM=5.780795618193224e-05
,	O=0.999976396560669|NORM=1.611207153473515e-05
ich	O=0.9999755620956421|NORM=1.840398726926651e-05
hätte	O=0.9999592304229736|NORM=3.2864172681001946e-05
ihnen	O=0.9999567270278931|NORM=2.7401867555454373e-05
meine	O=0.9999614953994751|NORM=2.884888817789033e-05
Wohnung	O=0.9999654293060303|NORM=2.0184534150757827e-05
verwehrt	O=0.9999613761901855|NORM=2.9838627597200684e-05
.	O=0.9999794960021973|NORM=1.283650635741651e-05

DVD	O=0.9993657469749451|NORM=0.0006165670929476619
Robots	O=0.9998600482940674|NORM=0.00012293750478420407
:	O=0.9999898672103882|NORM=6.005198883940466e-06
Sitzendorf	O=0.9999107122421265|NORM=8.451829489786178e-05
an	O=0.9999632835388184|NORM=3.0686205718666315e-05
der	O=0.9999799728393555|NORM=1.7227135685971007e-05
Schmida	O=0.7469619512557983|NORM=0.25283488631248474
|	O=0.9999551773071289|NORM=3.66466811101418e-05
Von	O=0.9997414946556091|NORM=0.00020635483087971807
den	O=0.999976634979248|NORM=1.9567904018913396e-05
Machern	O=0.9997428059577942|NORM=0.0002399214281467721
von	O=0.9999610185623169|NORM=2.2021642507752404e-05
ICE	O=0.9977262616157532|NORM=0.0022664458956569433
AGE	O=0.9995571970939636|NORM=0.0004297096747905016
habe	O=0.9996930360794067|NORM=0.0002923432912211865
ich	O=0.9999790191650391|NORM=1.6138163118739612e-05
den	O=0.9998815059661865|NORM=0.00010129178554052487
Film	O=0.9999294281005859|NORM=6.0686736105708405e-05
ROBOTS	O=0.7874608635902405|NORM=0.2124435305595398
zu	O=0.9999581575393677|NORM=3.425182876526378e-05
verkaufen	O=0.9999591112136841|NORM=3.187568290741183e-05
Versan	NORM=0.9990160465240479|O=0.0007495921454392374
...	O=0.9999641180038452|NORM=3.099623427260667e-05

Trudi	O=0.9986205101013184|NORM=0.0011745064985007048
28020	O=0.9996728897094727|NORM=0.00016705086454749107
-	O=0.9999796152114868|NORM=1.4660939086752478e-05
Geschenkset	O=0.998795747756958|NORM=0.0010582921095192432
,	O=0.999972939491272|NORM=2.332721123821102e-05
Appetit	O=0.9998892545700073|NORM=0.0001035184832289815
und	O=0.9999264478683472|NORM=7.039259799057618e-05
Spielen	O=0.9999840259552002|NORM=1.3704933735425584e-05
blau	O=0.9979140162467957|NORM=0.0020673067774623632
:	O=0.9999802112579346|NORM=1.4440191080211662e-05
Trudi®	O=0.9997689127922058|NORM=0.00022084315423853695
28020	O=0.9995088577270508|NORM=0.00027031140052713454
Geschenkset	O=0.999133288860321|NORM=0.0007557343342341483
'	O=0.9998766183853149|NORM=0.00011678665032377467
Appetit	O=0.999911904335022|NORM=8.057452214416116e-05
und	O=0.9999500513076782|NORM=4.737283234135248e-05
Spielen	O=0.9999819993972778|NORM=1.512432936578989e-05
'	O=0.9999678134918213|NORM=2.919233520515263e-05
blauTrudi-	O=0.9877520799636841|NORM=0.012224458158016205
Ka	NORM=0.994902491569519|O=0.0050513651221990585
...	O=0.9999666213989258|NORM=2.730835331021808e-05

Haarewaschen	O=0.9981001019477844|NORM=0.0018635718151926994
sieht	O=0.9999614953994751|NORM=1.9889383111149073e-05
auch	O=0.9999793767929077|NORM=1.6392465113312937e-05
immer	O=0.999981164932251|NORM=1.5149247701629065e-05
aus	O=0.9999755620956421|NORM=2.0481575120356865e-05
wie	O=0.9999682903289795|NORM=2.1291381926857866e-05
PulsaderSchlitzSuizid	O=0.9999043941497803|NORM=8.045214781304821e-05
in	O=0.9999741315841675|NORM=2.122998921549879e-05
der	O=0.9999529123306274|NORM=4.3157851905561984e-05
Badewanne	O=0.9998372793197632|NORM=0.00011141232243971899
*	O=0.999981164932251|NORM=1.3950991160527337e-05
nerv	O=0.993432879447937|NORM=0.006552668754011393
*	O=0.9999802112579346|NORM=1.2701782907242887e-05

aawww	NORM=0.9101106524467468|O=0.08984724432229996
,	O=0.9999514818191528|NORM=3.6770827136933804e-05
ich	O=0.9999251365661621|NORM=6.98582298355177e-05
hoff	O=0.941493034362793|NORM=0.0584123432636261
so	O=0.9998792409896851|NORM=9.761870751390234e-05
,	O=0.9999094009399414|NORM=7.971637387527153e-05
dass	O=0.9988659620285034|NORM=0.0010956407058984041
es	O=0.9999819993972778|NORM=1.2385627087496687e-05
klappt	O=0.999906063079834|NORM=5.9177811635890976e-05
%PosSmiley	O=0.9999583959579468|NORM=2.0832902009715326e-05
%PosSmiley	O=0.9999402761459351|NORM=2.4175807993742637e-05

...	O=0.9999589920043945|NORM=3.710639430209994e-05
les	O=0.9492861032485962|NORM=0.05065979063510895
'	NORM=0.8254490494728088|O=0.1744905561208725
grad	NORM=0.9989482760429382|O=0.00103637739084661
.	O=0.9999860525131226|NORM=9.687819328974001e-06

bekomme	NORM=0.9991569519042969|O=0.000820174696855247
ich	O=0.9999629259109497|NORM=3.3036463719327e-05
einen	O=0.9999147653579712|NORM=8.118401456158608e-05
online	NORM=0.8399111032485962|O=0.1600361317396164
advendskalender	NORM=0.9945271611213684|O=0.005368310958147049
von	O=0.9999444484710693|NORM=4.4269338104641065e-05
dir	O=0.9999655485153198|NORM=1.5023539162939414e-05
?	O=0.9999796152114868|NORM=1.6418940504081547e-05

oh	NORM=0.9954656958580017|O=0.004528865218162537
gott	NORM=0.6114521026611328|O=0.3884633183479309
,	O=0.999961256980896|NORM=3.375935921212658e-05
mir	O=0.9999494552612305|NORM=4.473709486774169e-05
graust	O=0.8410521745681763|NORM=0.15882936120033264
es	O=0.9999496936798096|NORM=3.7967376556480303e-05
vor	O=0.9995712637901306|NORM=0.00041565706487745047
unserem	O=0.9999285936355591|NORM=6.408751505659893e-05
mittelfeld	NORM=0.9793462753295898|O=0.02057034894824028
nächste	O=0.9999189376831055|NORM=7.393851410597563e-05
woche	NORM=0.9757663011550903|O=0.024030061438679695
.	O=0.9999815225601196|NORM=1.4553354048985057e-05

Und	O=0.9998767375946045|NORM=0.00011074593930970877
nacher	O=0.6382397413253784|NORM=0.3615855872631073
würd	NORM=0.9996142387390137|O=0.000312790391035378
's	NORM=0.9998670816421509|O=0.00010350700904382393
immer	O=0.9999746084213257|NORM=1.9983244783361442e-05
schneller	O=0.9999725818634033|NORM=1.6091324141598307e-05
%PosSmiley	O=0.99994957447052|NORM=2.866895738407038e-05

ich	NORM=0.9710176587104797|O=0.028972400352358818
geh	NORM=0.9996230602264404|O=0.00036536541301757097
jz	NORM=0.999861478805542|O=0.00013159308582544327
dann	O=0.9999631643295288|NORM=2.5711955458973534e-05
schlafen	O=0.9998724460601807|NORM=9.750556637300178e-05
%PosSmiley	O=0.9999547004699707|NORM=2.3780197807354853e-05

Ich	O=0.9999732971191406|NORM=1.9592427634052e-05
kriegs	NORM=0.9993353486061096|O=0.00035252951784059405
einfach	O=0.9999527931213379|NORM=3.830442074104212e-05
nicht	O=0.9999769926071167|NORM=1.6411460819654167e-05
HIN	NORM=0.999619722366333|O=0.0003487930807750672
,	O=0.9999542236328125|NORM=4.130014349357225e-05
mal	O=0.9999465942382812|NORM=4.6962253691162914e-05
anzufangen	O=0.9998849630355835|NORM=9.735885396366939e-05
&gt;&lt;	O=0.9995385408401489|NORM=0.00045405278797261417
""""	O=0.9999659061431885|NORM=2.953143120976165e-05

warum	NORM=0.9970768690109253|O=0.002906021662056446
haben	O=0.9999806880950928|NORM=1.389598492096411e-05
Weihnachtsmänner	O=0.9999556541442871|NORM=3.209213900845498e-05
Bärte	O=0.9986600875854492|NORM=0.0012648208066821098

meine	NORM=0.998141884803772|O=0.0018054400570690632
Güte	O=0.9949541687965393|NORM=0.005018952768296003
...	O=0.9999831914901733|NORM=1.2456726835807785e-05

Ach	O=0.9978894591331482|NORM=0.0021000937558710575
,	O=0.999980092048645|NORM=1.4933350030332804e-05
ok	O=0.9780555367469788|NORM=0.021919474005699158
.	O=0.9999816417694092|NORM=1.28046958707273e-05
Sollten	O=0.9999328851699829|NORM=5.739694461226463e-05
Sie	O=0.9999701976776123|NORM=1.874567533377558e-05
heute	O=0.9999613761901855|NORM=3.135225051664747e-05
oder	O=0.9996953010559082|NORM=0.000298245286103338
die	O=0.9998061060905457|NORM=0.00018382494454272091
Tage	O=0.999245285987854|NORM=0.0007443198119290173
wieder	O=0.9999843835830688|NORM=1.2179304576420691e-05
in	O=0.9999809265136719|NORM=1.5594845535815693e-05
Oberhausen	O=0.9998410940170288|NORM=0.00012533509288914502
sein	O=0.9999699592590332|NORM=2.5479454052401707e-05
,	O=0.999975323677063|NORM=1.983486072276719e-05
vllt	NORM=0.9984883069992065|O=0.0014607134507969022
.	O=0.993486225605011|NORM=0.006496291141957045
können	O=0.9998996257781982|NORM=8.810216240817681e-05
Sie	O=0.9999682903289795|NORM=2.2796402845415287e-05
das	O=0.9995549321174622|NORM=0.00039777407073415816
Netz	O=0.9999247789382935|NORM=6.602571374969557e-05
mal	O=0.9999716281890869|NORM=2.4825307264109142e-05
beobachten	O=0.9999369382858276|NORM=4.642618660000153e-05
&	O=0.9998227953910828|NORM=0.00017393419693689793
berichten	O=0.9999338388442993|NORM=5.6576540373498574e-05
?	O=0.9999843835830688|NORM=1.1289275789749809e-05
^ju	O=0.997930645942688|NORM=0.0020549220498651266

Hier	O=0.9999750852584839|NORM=1.6141440937644802e-05
ist	O=0.9999825954437256|NORM=1.3422403753793333e-05
mein	O=0.9996343851089478|NORM=0.00035727047361433506
kleines	O=0.9991376399993896|NORM=0.000849819858558476
Bruder	O=0.999915361404419|NORM=6.334244972094893e-05
❤	O=0.9999611377716064|NORM=3.254159673815593e-05
der	O=0.9998599290847778|NORM=0.00013188272714614868
jüngste	O=0.9973217844963074|NORM=0.0026658575516194105
u	NORM=0.9994679093360901|O=0.0004911728901788592
die	O=0.9996500015258789|NORM=0.0003379453846719116
älteste	O=0.9996054768562317|NORM=0.0003273356705904007
:)	O=0.9999796152114868|NORM=9.905633305606898e-06

ach	NORM=0.9989525079727173|O=0.001037989160977304
,	O=0.9999798536300659|NORM=1.6928010154515505e-05
hört	O=0.9997510313987732|NORM=0.0001973748003365472
uff	NORM=0.9119067192077637|O=0.08800466358661652
.	O=0.9999881982803345|NORM=8.543140211259015e-06

Auf	O=0.9982713460922241|NORM=0.0016745311440899968
dem	O=0.9993439316749573|NORM=0.0005779005587100983
weg	NORM=0.8466842174530029|O=0.15306900441646576
nach	O=0.9996172189712524|NORM=0.000372076581697911
friedrichshafen	NORM=0.9364718794822693|O=0.06346970051527023
fuer	NORM=0.9991642236709595|O=0.0007199704996310174
wetten	NORM=0.7056945562362671|O=0.2940472662448883
dass	O=0.9998041987419128|NORM=0.0001884187659015879
.	O=0.9999828338623047|NORM=1.3744368516199756e-05

Man	O=0.9998897314071655|NORM=8.508747851010412e-05
lebt	O=0.9999617338180542|NORM=3.00828196486691e-05
mehr	O=0.9999772310256958|NORM=1.2382934073684737e-05
in	O=0.9999699592590332|NORM=2.6950088795274496e-05
der	O=0.9999648332595825|NORM=3.2552488846704364e-05
Uni	O=0.9998785257339478|NORM=0.00010480864148121327
als	O=0.9999641180038452|NORM=2.7567675715545192e-05
zuhause	NORM=0.9981744289398193|O=0.0018053912790492177
.	O=0.9999849796295166|NORM=1.0475529052200727e-05

Wer	O=0.9999608993530273|NORM=2.4146838768501766e-05
ist	O=0.9999871253967285|NORM=7.663412361580413e-06
Live	O=0.999951958656311|NORM=4.1516654164297506e-05
dabei	O=0.999964714050293|NORM=1.9811188394669443e-05
??	O=0.9999884366989136|NORM=5.903175406274386e-06

Man	O=0.9999513626098633|NORM=3.766134614124894e-05
konnte	O=0.999977707862854|NORM=1.5192178580036853e-05
sie	O=0.9999516010284424|NORM=2.644271262397524e-05
schon	O=0.9999740123748779|NORM=1.922868614201434e-05
vom	O=0.9999473094940186|NORM=3.8920661609154195e-05
weitem	O=0.997870683670044|NORM=0.0021199441980570555
hören	O=0.9998443126678467|NORM=8.362005610251799e-05
.	O=0.9999812841415405|NORM=1.2409714145178441e-05

die	NORM=0.9945730566978455|O=0.00541089428588748
therme	NORM=0.9978634715080261|O=0.002122894860804081
ist	O=0.9998639822006226|NORM=0.00013121060328558087
6	O=0.9998888969421387|NORM=0.00010392796684755012
jahre	O=0.9981960654258728|NORM=0.001779891666956246
alt	O=0.9990583062171936|NORM=0.0008001243113540113
..	O=0.9999539852142334|NORM=4.317835919209756e-05

Gleich	O=0.999881386756897|NORM=9.173239232040942e-05
wird	O=0.9999231100082397|NORM=6.504700286313891e-05
's	NORM=0.9988250136375427|O=0.0011420632945373654
nass	O=0.6274948120117188|NORM=0.3723752796649933
.	O=0.9999829530715942|NORM=1.206243450724287e-05

japp	NORM=0.9997910857200623|O=0.0001995544007513672
geht	O=0.9992601275444031|NORM=0.0006869491189718246
,	O=0.99982750415802|NORM=0.00016499136108905077
zuviele	NORM=0.9988774657249451|O=0.001104723196476698
gedanken	NORM=0.9996204376220703|O=0.0003712496254593134
%NegSmiley	O=0.9999490976333618|NORM=2.2773583623347804e-05

gangbang	NORM=0.9991594552993774|O=0.0008329159463755786
erotik	NORM=0.9388542175292969|O=0.06111753359436989
Berlin	O=0.9998601675033569|NORM=0.00010176628711633384

jups	NORM=0.9996863603591919|O=0.00030066061299294233
ich	O=0.9999649524688721|NORM=3.145820664940402e-05
weiss	O=0.9998838901519775|NORM=9.901413432089612e-05
nciht	NORM=0.9723349809646606|O=0.027632076293230057
wohin	O=0.9998989105224609|NORM=9.536643483443186e-05
mit	O=0.9997990727424622|NORM=0.00017768728139344603
mir	O=0.9999803304672241|NORM=1.1276985787844751e-05
..	O=0.9999765157699585|NORM=2.04161860892782e-05

Nix	NORM=0.9986353516578674|O=0.001323628006502986

Und	O=0.9999039173126221|NORM=8.078277460299432e-05
die	O=0.9998440742492676|NORM=0.00014690449461340904
sich	O=0.9998823404312134|NORM=0.00011105157318525016
offenbar	O=0.999923825263977|NORM=6.796656816732138e-05
auch	O=0.9999719858169556|NORM=2.1396595911937766e-05
auf	O=0.9998142123222351|NORM=0.00017984985606744885
mich	O=0.9999790191650391|NORM=1.4122668289928697e-05
.	O=0.9999668598175049|NORM=1.99695259652799e-05

keine	NORM=0.99924635887146|O=0.0006446473998948932
freunde	NORM=0.9958872199058533|O=0.003950624261051416
?	O=0.9999659061431885|NORM=2.9127568268449977e-05

Ich	O=0.9999771118164062|NORM=1.6064504961832426e-05
muss	O=0.9999687671661377|NORM=2.681883779587224e-05
jedes	O=0.9995606541633606|NORM=0.0004316571867093444
mal	O=0.9997732043266296|NORM=0.00021710425789933652
wieder	O=0.999987006187439|NORM=9.832501746132039e-06
lachen	O=0.9999507665634155|NORM=4.298376734368503e-05
.	O=0.9999847412109375|NORM=9.886157386063132e-06

geht	NORM=0.996379554271698|O=0.0036116873379796743
nich	NORM=0.9998915195465088|O=9.80323675321415e-05
kann	O=0.9998998641967773|NORM=8.703632192919031e-05
ich	O=0.9999700784683228|NORM=2.5792074666242115e-05
nich	NORM=0.9998966455459595|O=9.300456440541893e-05
mehr	O=0.9998849630355835|NORM=0.0001037849360727705
hab	NORM=0.703106164932251|O=0.2968656122684479
nich	NORM=0.9998879432678223|O=0.00010268240293953568
genug	O=0.9995449185371399|NORM=0.00043527406523935497
speicherplatz	NORM=0.8575392961502075|O=0.14242058992385864
%PosSmiley	O=0.9999566078186035|NORM=2.076241435133852e-05

will	NORM=0.9786362051963806|O=0.021350674331188202
jz	NORM=0.999916672706604|O=7.117135100997984e-05
nich	NORM=0.999907374382019|O=7.20368989277631e-05
schleimen	NORM=0.9362490773200989|O=0.06355020403862
aber	O=0.999901294708252|NORM=8.791841537458822e-05
es	O=0.9999473094940186|NORM=4.4985354179516435e-05
is	NORM=0.9997897744178772|O=0.0001916231558425352
so	O=0.9999724626541138|NORM=1.8624190488480963e-05
%NegSmiley	O=0.9999567270278931|NORM=2.205305099778343e-05

Ich	O=0.9999494552612305|NORM=4.429874388733879e-05
.	O=0.9999786615371704|NORM=1.6197922377614304e-05

Ironisch	O=0.9999337196350098|NORM=5.519135811482556e-05
halt	O=0.7668079733848572|NORM=0.2330540269613266
%PosSmiley	O=0.9999517202377319|NORM=2.367801971558947e-05

Er	O=0.999876856803894|NORM=0.00011744206858566031
:	O=0.9999600648880005|NORM=3.1209881854010746e-05
Ich	O=0.9999781847000122|NORM=1.5107607396203093e-05
schleime	O=0.9925411939620972|NORM=0.007416808977723122
nicht	O=0.99998939037323|NORM=5.99298164161155e-06

Es	O=0.9999176263809204|NORM=7.331770757446066e-05
ist	O=0.9999716281890869|NORM=2.3057915313984267e-05
eine	O=0.9999290704727173|NORM=6.921485328348354e-05
riesenehre	NORM=0.9996547698974609|O=0.0003350785991642624
bei	O=0.9998112320899963|NORM=0.0001824258069973439
tommys	NORM=0.9971460700035095|O=0.002841223729774356
letzter	O=0.998900294303894|NORM=0.0010939163621515036
sendung	NORM=0.998630166053772|O=0.0013307477347552776
dabei	O=0.999929666519165|NORM=5.784632594441064e-05
sein	O=0.9999589920043945|NORM=3.6229997931513935e-05
zu	O=0.9998804330825806|NORM=0.0001125495764426887
duerfen	NORM=0.9990100860595703|O=0.0009147410746663809
.	O=0.9999818801879883|NORM=1.4328032193589024e-05

was	NORM=0.9986394047737122|O=0.0013503229711204767
machst	NORM=0.515241801738739|O=0.48454323410987854
heut	NORM=0.9998620748519897|O=0.00012440684076864272
schönes	O=0.9511172771453857|NORM=0.04862062633037567
?	O=0.9999858140945435|NORM=8.93075321073411e-06

SG	O=0.9898444414138794|NORM=0.010146469809114933
:	O=0.9999247789382935|NORM=6.831182690802962e-05
hesch	NORM=0.9997273087501526|O=0.00026327426894567907
mol	NORM=0.9997665286064148|O=0.00022190540039446205
lust	NORM=0.9987886548042297|O=0.0012047402560710907
ae	NORM=0.9981537461280823|O=0.0018380071269348264
heisse	O=0.9962994456291199|NORM=0.0036871659103780985
nummer	O=0.8948899507522583|NORM=0.10387079417705536
schiebe	NORM=0.9744828939437866|O=0.025499476119875908
ab	O=0.9999306201934814|NORM=5.46454539289698e-05
chf	NORM=0.9771369099617004|O=0.02284853160381317
200	O=0.9999426603317261|NORM=5.125274765305221e-05
:	O=0.9999712705612183|NORM=2.3377035176963545e-05
3.12.2011	O=0.9998632669448853|NORM=0.0001037994006765075
BIN	O=0.9466592669487|NORM=0.05331101641058922
HANNY	O=0.6297544836997986|NORM=0.37009838223457336
.	O=0.999985933303833|NORM=9.715585292724427e-06

Geht	O=0.9983502626419067|NORM=0.0016334473621100187
's	NORM=0.9997352957725525|O=0.0002225467615062371
auch	O=0.9999817609786987|NORM=1.2768551641784143e-05
ne	NORM=0.9998692274093628|O=8.65862748469226e-05
halbe	O=0.9858595728874207|NORM=0.014097497798502445
Nummer	O=0.9997856020927429|NORM=0.00019475433509796858
distanzierter	O=0.9999227523803711|NORM=6.642195512540638e-05
?	O=0.9999884366989136|NORM=5.551336016651476e-06

s21	NORM=0.9824191331863403|O=0.01755143515765667
jeder	O=0.9996528625488281|NORM=0.00033863645512610674
besetzte	O=0.9999148845672607|NORM=8.073599019553512e-05
baum	NORM=0.9991260170936584|O=0.0008649869123473763
ist	O=0.9999876022338867|NORM=8.781616998021491e-06
ein	O=0.9999523162841797|NORM=4.550465746433474e-05
geschuetzter	O=0.9766817092895508|NORM=0.023287588730454445
baum	NORM=0.9993264675140381|O=0.0006640012725256383
.	O=0.999987006187439|NORM=7.661767085664906e-06

Morgens	O=0.6582162976264954|NORM=0.3417065739631653
um	O=0.9999172687530518|NORM=7.714288221905008e-05
7	O=0.9998797178268433|NORM=0.00011438952060416341
aufstehen	O=0.9998795986175537|NORM=9.842576400842518e-05
um	O=0.9999644756317139|NORM=2.978140582854394e-05
irgendwelche	O=0.9937331080436707|NORM=0.0062390780076384544
dubiosen	O=0.9986065030097961|NORM=0.0013681200798600912
Physikarbeiten	O=0.9896405339241028|NORM=0.010323784314095974
zu	O=0.99997878074646|NORM=1.7910992028191686e-05
schreiben	O=0.999809205532074|NORM=0.00016879028407856822
...	O=0.9999818801879883|NORM=1.2690144103544299e-05

Ohhh	O=0.9997907280921936|NORM=0.0002027813607128337
Yaaaaa	O=0.9994231462478638|NORM=0.0005695982836186886
..	O=0.9999837875366211|NORM=1.1959582479903474e-05

Messe	O=0.9978827834129333|NORM=0.0021030039060860872
doch	O=0.9998974800109863|NORM=9.898214921122417e-05
bitte	O=0.9995313882827759|NORM=0.00043202031520195305
mal	O=0.9999687671661377|NORM=2.6487638024264015e-05
die	O=0.9985848665237427|NORM=0.001391545869410038
Län	NORM=0.9586784243583679|O=0.04124733805656433
...	O=0.9998493194580078|NORM=0.0001461038482375443

Geht	O=0.9998810291290283|NORM=0.00010843817290151492
das	O=0.9999494552612305|NORM=4.227721365168691e-05
wieder	O=0.9999829530715942|NORM=1.1820205145340879e-05
in	O=0.9998356103897095|NORM=0.00014438248763326555
die	O=0.9999672174453735|NORM=3.073315747315064e-05
Hose	O=0.9998339414596558|NORM=0.00014618424756918103
,	O=0.9999743700027466|NORM=1.7089980246964842e-05
sägt	NORM=0.6740999221801758|O=0.32577741146087646
einer	O=0.9999659061431885|NORM=2.7087291528005153e-05
weiter	O=0.9998829364776611|NORM=9.641647193348035e-05
kräftig	O=0.9999167919158936|NORM=7.152101898100227e-05
an	O=0.9998886585235596|NORM=9.985087672248483e-05
seinem	O=0.9999724626541138|NORM=2.014237361436244e-05
eigenen	O=0.9999767541885376|NORM=1.6119636711664498e-05
Stuhl	O=0.9997082352638245|NORM=0.0002130602515535429
.	O=0.9999840259552002|NORM=8.36144681670703e-06
FCB	O=0.9999412298202515|NORM=4.148075095145032e-05

wie	NORM=0.9989138841629028|O=0.0010770864319056273
kommt	O=0.9955000281333923|NORM=0.004486430436372757
an	O=0.9903448224067688|NORM=0.009606998413801193
auf	O=0.9996707439422607|NORM=0.00030332565074786544
so	O=0.999739944934845|NORM=0.0002445937425363809
ne	NORM=0.9999070167541504|O=6.255372136365622e-05
wette	NORM=0.9994899034500122|O=0.0005018966039642692
?	O=0.9999792575836182|NORM=1.4971154087106697e-05

Würds	NORM=0.9997767806053162|O=0.00017669277440290898
mich	O=0.9999828338623047|NORM=1.2341585716058034e-05
ned	NORM=0.9998138546943665|O=0.0001719223364489153
intressieren	O=0.999790608882904|NORM=0.0001954152248799801
,	O=0.9999696016311646|NORM=2.5800252842600457e-05
wärs	NORM=0.9998714923858643|O=9.845134627539665e-05
hart	O=0.9999767541885376|NORM=1.3497675354301464e-05
.	O=0.9999881982803345|NORM=6.946597295609536e-06

scheiss	NORM=0.9998188614845276|O=0.00013127949205227196
tag	NORM=0.9998557567596436|O=0.00013585474516730756
heute	O=0.999971866607666|NORM=2.2865788196213543e-05
wenn	O=0.9999829530715942|NORM=1.2579003850987647e-05
ich	O=0.9999600648880005|NORM=3.091041435254738e-05
wollte	O=0.9999788999557495|NORM=1.6570065781706944e-05
wie	O=0.9999524354934692|NORM=4.253920997143723e-05
ich	O=0.9999723434448242|NORM=2.230754580523353e-05
könnte	O=0.9999799728393555|NORM=1.4747283785254695e-05
!	O=0.999988317489624|NORM=6.987593224039301e-06

Da	O=0.9999744892120361|NORM=1.7201746231876314e-05
gibts	NORM=0.9999619722366333|O=2.1725474653067067e-05
nitamol	NORM=0.9746569395065308|O=0.025305241346359253
was	O=0.9998611211776733|NORM=0.00013525357644539326
von	O=0.9999158382415771|NORM=7.109653961379081e-05
dem	O=0.9999446868896484|NORM=4.686914326157421e-05
man	O=0.9999527931213379|NORM=3.9105158066377044e-05
angst	O=0.7430357336997986|NORM=0.256914883852005
haben	O=0.9999698400497437|NORM=2.1012621800764464e-05
könnte	O=0.9999442100524902|NORM=4.8501235141884536e-05
.	O=0.999987006187439|NORM=8.551126484235283e-06

Jeder	O=0.9999161958694458|NORM=5.9231937484582886e-05
wil	O=0.9591756463050842|NORM=0.04080245643854141
mich	O=0.9999868869781494|NORM=8.715109288459644e-06
nackt	O=0.9983036518096924|NORM=0.0016594624612480402
sehn	NORM=0.9998981952667236|O=8.179015276255086e-05
,	O=0.9999725818634033|NORM=2.013050834648311e-05
Laser	O=0.9735454320907593|NORM=0.0264404509216547
wie	O=0.999957799911499|NORM=3.567649036995135e-05
ich	O=0.9999817609786987|NORM=1.2802644960174803e-05
abgeh	NORM=0.9992208480834961|O=0.0007625984726473689

War	O=0.9999173879623413|NORM=6.980813486734405e-05
Harz	O=0.9999387264251709|NORM=5.1543065637815744e-05
IV	O=0.9999638795852661|NORM=2.8145674150437117e-05
schon	O=0.9999769926071167|NORM=1.888223778223619e-05
drauf	NORM=0.8765010833740234|O=0.12339933961629868
?	O=0.9999878406524658|NORM=6.948601821932243e-06

ohh	NORM=0.97869473695755|O=0.021239405497908592
ja	O=0.9985114932060242|NORM=0.0013859171885997057
!	O=0.9999856948852539|NORM=5.078137292002793e-06

Ich	O=0.9999581575393677|NORM=3.668798672151752e-05
jetzt	O=0.9999784231185913|NORM=1.78084010258317e-05
auch	O=0.9999814033508301|NORM=1.4904970157658681e-05
!	O=0.9999697208404541|NORM=1.441499716747785e-05

ich	O=0.9833449721336365|NORM=0.016582870855927467
auch	O=0.9999713897705078|NORM=2.2763884771848097e-05
.	O=0.9999831914901733|NORM=1.3091578694002237e-05

WTF	O=0.9871808886528015|NORM=0.012797262519598007
,	O=0.9999790191650391|NORM=1.283334131585434e-05
das	O=0.9999299049377441|NORM=6.043460234650411e-05
ist	O=0.9999867677688599|NORM=9.190357559418771e-06
grossrtig	NORM=0.9953814744949341|O=0.004552796483039856
YoureTheReason	O=0.9764614105224609|NORM=0.023494480177760124

grandios	O=0.5843816995620728|NORM=0.41533151268959045
!!	O=0.9999876022338867|NORM=8.037005500227679e-06

ja	NORM=0.9993632435798645|O=0.0006208303384482861
,	O=0.9999841451644897|NORM=1.1297534911136609e-05
dann	O=0.9999657869338989|NORM=2.4506474801455624e-05
..!!	O=0.9999909400939941|NORM=3.881999418808846e-06

Aaah	O=0.999690055847168|NORM=0.00021433130314107984
*-*	O=0.9999722242355347|NORM=1.6884525393834338e-05

Dann	O=0.9999799728393555|NORM=1.156883081421256e-05
isser	NORM=0.999768078327179|O=0.0001915259927045554
erst	O=0.9999841451644897|NORM=8.86774796526879e-06
in	O=0.9999727010726929|NORM=2.4046168618951924e-05
der	O=0.999971866607666|NORM=2.4698691049707122e-05
Nacht	O=0.999972939491272|NORM=1.9322436855873093e-05
zum	O=0.9999467134475708|NORM=4.5750341087114066e-05
Montag	O=0.9999663829803467|NORM=2.687763662834186e-05
fertig	O=0.9999349117279053|NORM=5.871696339454502e-05
.	O=0.9999849796295166|NORM=7.579266366519732e-06
%PosSmiley	O=0.9999598264694214|NORM=2.1087409550091252e-05

Ihr	O=0.9999746084213257|NORM=1.666894240770489e-05
hattet	O=0.999955415725708|NORM=3.4503980714362115e-05
Sex	O=0.9999369382858276|NORM=3.762974665733054e-05
?	O=0.9999839067459106|NORM=9.58274267759407e-06
"	O=0.9999539852142334|NORM=3.875498805427924e-05

Youporn	O=0.9982858300209045|NORM=0.0015988925006240606
ist	O=0.9999856948852539|NORM=9.00896338862367e-06
nicht	O=0.9999778270721436|NORM=1.5130123756534886e-05
überlastet	O=0.9999632835388184|NORM=2.8929967811563984e-05
%PosSmiley	O=0.9999663829803467|NORM=2.3894683181424625e-05

Job	O=0.9996888637542725|NORM=0.0002963404112961143
Radiologie	O=0.9998618364334106|NORM=0.00011856226774398237
Key	O=0.9999508857727051|NORM=4.464505400392227e-05
Account	O=0.9999369382858276|NORM=4.2333729652455077e-05
Manager	O=0.9999555349349976|NORM=3.1860799936112016e-05
−	O=0.9999743700027466|NORM=2.1097072021802887e-05
Karrieresprung	O=0.9998852014541626|NORM=0.00010028312681242824
in	O=0.9999547004699707|NORM=4.164850543020293e-05
der	O=0.9999613761901855|NORM=3.644845128292218e-05
Radiologie	O=0.9998666048049927|NORM=0.00011018783698091283
Standort	O=0.9999693632125854|NORM=2.2655356588074937e-05
Hamburg	O=0.9999727010726929|NORM=1.7856613339972682e-05
:	O=0.999984622001648|NORM=9.597970347385854e-06
Neumann	O=0.9999524354934692|NORM=3.2226613257080317e-05
Leadership	O=0.9999212026596069|NORM=5.909259198233485e-05
Deu	NORM=0.8650866746902466|O=0.1296224594116211
...	O=0.9999563694000244|NORM=3.698896398418583e-05

Der	O=0.9998342990875244|NORM=0.00014979873958509415
Junge	O=0.9998279809951782|NORM=0.00015714086475782096
hats	NORM=0.9999630451202393|O=2.6669353246688843e-05
drauf	NORM=0.9981985688209534|O=0.0017956428928300738
.	O=0.9999303817749023|NORM=5.797592893941328e-05
wettendass	NORM=0.9998427629470825|O=0.00012416712706908584

u	NORM=0.9997803568840027|O=0.00020750904513988644
meine	O=0.9997738003730774|NORM=0.00021940917940810323
Lehrer	O=0.9999290704727173|NORM=6.431954534491524e-05
drehen	O=0.9999591112136841|NORM=3.134037251584232e-05
auch	O=0.9999878406524658|NORM=9.711638995213434e-06
durch	O=0.9999532699584961|NORM=4.036363316117786e-05
,	O=0.9999681711196899|NORM=2.7749234504881315e-05
ehrlich	O=0.9997127652168274|NORM=0.000279479892924428
ich	O=0.999919056892395|NORM=7.804179040249437e-05
kann	O=0.999966025352478|NORM=2.685275103431195e-05
die	O=0.9999444484710693|NORM=4.9077363655669615e-05
net	NORM=0.999796450138092|O=0.00017566360475029796
mehr	O=0.9997902512550354|NORM=0.0001886160607682541
respektieren	O=0.9998774528503418|NORM=9.862813749350607e-05
%PosSmiley	O=0.9999514818191528|NORM=2.2168784198584035e-05

Enggak	NORM=0.9977092742919922|O=0.0022756890393793583
kok	O=0.9691196084022522|NORM=0.030624743551015854
di	O=0.8050389289855957|NORM=0.1947515606880188

wär	NORM=0.9998412132263184|O=0.00014003601972945035
ja	O=0.9999082088470459|NORM=8.283286297228187e-05
peinlich	O=0.9999755620956421|NORM=1.9374614566913806e-05
%PosSmiley	O=0.9999321699142456|NORM=3.217215999029577e-05

Der	O=0.9999614953994751|NORM=2.5870804165606387e-05
kommt	O=0.9999388456344604|NORM=4.3679676309693605e-05
bestimmt	O=0.9999446868896484|NORM=3.6277881008572876e-05
erst	O=0.9999791383743286|NORM=1.1508101124491077e-05
im	O=0.9999831914901733|NORM=1.2661788787227124e-05
Januar	O=0.9998809099197388|NORM=7.011249545030296e-05
und	O=0.9999356269836426|NORM=5.252913251752034e-05
Februar	O=0.9998261332511902|NORM=0.00010907619434874505
.	O=0.9999749660491943|NORM=1.5803321730345488e-05

der	NORM=0.9967105388641357|O=0.0032823465298861265
spruch	NORM=0.9993316531181335|O=0.0006551683181896806
war	O=0.9999816417694092|NORM=1.2443528248695657e-05
geil	O=0.9993498921394348|NORM=0.000563163950573653
.	O=0.9999840259552002|NORM=1.2831937056034803e-05
"	O=0.9999442100524902|NORM=5.145572868059389e-05

Die	O=0.9997336268424988|NORM=0.00025382943567819893
Castings	O=0.9999055862426758|NORM=8.183084719348699e-05

ich	NORM=0.970902144908905|O=0.029078755527734756
geh	NORM=0.9996304512023926|O=0.00035213440423831344
mit	O=0.99957674741745|NORM=0.00031329988269135356
%PosSmiley	O=0.999953031539917|NORM=2.4666023819008842e-05

2	O=0.9998764991760254|NORM=9.618074545869604e-05
:	O=0.9999743700027466|NORM=1.5406842067022808e-05
Gero	O=0.9941336512565613|NORM=0.004684092476963997
von	O=0.9999771118164062|NORM=9.029737157106865e-06
Wilpert	O=0.9999450445175171|NORM=4.671315036830492e-05
:	O=0.9999833106994629|NORM=9.791870979825035e-06
Lexikon	O=0.9997898936271667|NORM=0.00012394228542689234
der	O=0.9999610185623169|NORM=3.608118277043104e-05
Weltliteratur	O=0.9998282194137573|NORM=0.00013700977433472872
(	O=0.9999817609786987|NORM=1.4112017197476234e-05
Digitale	O=0.9999759197235107|NORM=2.1423060388769954e-05
Bibliothek	O=0.9999619722366333|NORM=2.7219537514611147e-05
13	O=0.9999829530715942|NORM=1.0836459296115208e-05
)	O=0.9999798536300659|NORM=1.1428956895542797e-05
:	O=0.9999833106994629|NORM=1.0571979146334343e-05
Tweet	O=0.9956395626068115|NORM=0.004021771252155304
Gero	O=0.9941686391830444|NORM=0.004680446349084377
von	O=0.9999752044677734|NORM=9.965511708287522e-06
Wilpert	O=0.9999265670776367|NORM=6.352550553856418e-05
:	O=0.9999805688858032|NORM=1.2289573533053044e-05
Lexikon	O=0.9998458623886108|NORM=9.466693154536188e-05
der	O=0.9998562335968018|NORM=0.0001349117956124246
We	O=0.7981111407279968|NORM=0.2018132507801056
...	O=0.9999693632125854|NORM=2.353686977585312e-05

die	NORM=0.9737053513526917|O=0.026282429695129395
party	NORM=0.9995493292808533|O=0.0004268350312486291
vergessen	O=0.9336560368537903|NORM=0.06632168591022491
wohl	O=0.9999408721923828|NORM=5.536667231353931e-05
eher	O=0.9999109506607056|NORM=7.654944056412205e-05
..	O=0.9999134540557861|NORM=8.387239358853549e-05
vielleicht	O=0.9997774958610535|NORM=0.00021527335047721863
wirds	NORM=0.9999517202377319|O=2.7084246539743617e-05
heute	O=0.9999605417251587|NORM=3.609579289332032e-05
besser	O=0.9999691247940063|NORM=2.4770617528702132e-05
..	O=0.9999513626098633|NORM=4.528512363322079e-05

STOPP	NORM=0.9485287666320801|O=0.05111877992749214
!	O=0.9999877214431763|NORM=6.9444072323676664e-06

Wenn	O=0.9999382495880127|NORM=4.820430331164971e-05
ich	O=0.999984860420227|NORM=1.2149229405622464e-05
mein	O=0.999909520149231|NORM=8.257891022367403e-05
Abi	O=0.9993250370025635|NORM=0.0006319997482933104
schaffe	O=0.9999269247055054|NORM=6.763017881894484e-05
,	O=0.9999769926071167|NORM=1.4252147593651898e-05
blüht	O=0.9992645382881165|NORM=0.0007241854909807444
mir	O=0.9999735355377197|NORM=1.9638751837192103e-05
ne	NORM=0.9998989105224609|O=7.158251537475735e-05
goldene	O=0.9999594688415527|NORM=3.617774200392887e-05
Zukunft	O=0.9999392032623291|NORM=4.5682205382036045e-05
!	O=0.9999866485595703|NORM=6.911405307619134e-06

weiste	NORM=0.9994418025016785|O=0.0005467453156597912
lisa	NORM=0.9857062101364136|O=0.014260347001254559
kann	O=0.9999405145645142|NORM=4.7710378566989675e-05
kötz	NORM=0.9998345375061035|O=0.00015252795128617436
auch	O=0.9999865293502808|NORM=1.0276291504851542e-05
gut	O=0.9999852180480957|NORM=1.13053283712361e-05
leiden	O=0.9999599456787109|NORM=2.644878622959368e-05
un	NORM=0.9993865489959717|O=0.0006060860469006002
zu	O=0.9998169541358948|NORM=0.00016654962382744998
der	O=0.9999418258666992|NORM=4.8503476136829704e-05
sagst	O=0.7461843490600586|NORM=0.25324854254722595
du	O=0.9999650716781616|NORM=2.6018560674856417e-05
nix	NORM=0.9998676776885986|O=9.825493179960176e-05
rofl	NORM=0.9993046522140503|O=0.0006814440712332726
!	O=0.9999880790710449|NORM=6.841652520961361e-06

Ik	O=0.9995354413986206|NORM=0.00045564526226371527
dacht	NORM=0.9815101623535156|O=0.01825106330215931
Gijssus	O=0.9992020726203918|NORM=0.0007735321996733546
?	O=0.999985933303833|NORM=7.834854841348715e-06

Ich	O=0.9999692440032959|NORM=2.0720442989841104e-05
hoffe	O=0.9999405145645142|NORM=4.347084177425131e-05
nich	NORM=0.9998408555984497|O=0.00013566810230258852
dass	O=0.9871906638145447|NORM=0.012697089463472366
die	O=0.9999635219573975|NORM=2.9084698326187208e-05
das	O=0.9999394416809082|NORM=4.44199686171487e-05
an	O=0.9999521970748901|NORM=3.951153121306561e-05
einem	O=0.9999459981918335|NORM=4.4697495468426496e-05
Tag	O=0.9999624490737915|NORM=2.615841913211625e-05
machen	O=0.9999489784240723|NORM=2.5296581952716224e-05
..	O=0.9999499320983887|NORM=4.409131361171603e-05

Wellenreiten	NORM=0.5387809872627258|O=0.4610357880592346
?	O=0.9999890327453613|NORM=7.0605933615297545e-06

Hahn	O=0.9999452829360962|NORM=4.932674710289575e-05
:	O=0.9999864101409912|NORM=7.408039891743101e-06
Ryanair	O=0.9999483823776245|NORM=4.6038585423957556e-05
baut	O=0.9997825026512146|NORM=0.00020452160970307887
Engagement	O=0.9999700784683228|NORM=2.4585187929915264e-05
aus	O=0.9999743700027466|NORM=1.9083749066339806e-05
:	O=0.9999836683273315|NORM=1.0360109627072234e-05
Der	O=0.9999228715896606|NORM=6.982196646276861e-05
Billigflieger	O=0.9979986548423767|NORM=0.0019666964653879404
Ryanair	O=0.9999419450759888|NORM=4.8956775572150946e-05
hat	O=0.9999445676803589|NORM=3.8016136386431754e-05
für	O=0.9999426603317261|NORM=4.421993435244076e-05
das	O=0.9998890161514282|NORM=0.00010200504766544327
kommende	O=0.9999090433120728|NORM=7.740112778265029e-05
Jahr	O=0.9999721050262451|NORM=1.3137170753907412e-05
neue	O=0.9999099969863892|NORM=7.631647895323113e-05
Strecken	O=0.9998620748519897|NORM=0.00010628382733557373
ab	O=0.9998766183853149|NORM=0.00010158323857467622
Hahn	O=0.9999217987060547|NORM=7.137501961551607e-05
ang	NORM=0.8886359930038452|O=0.10863768309354782
...	O=0.9999308586120605|NORM=6.349549221340567e-05

Hey	O=0.9999512434005737|NORM=4.023081055493094e-05
...	O=0.999987006187439|NORM=7.417736924253404e-06

no	NORM=0.9940008521080017|O=0.005964422598481178
_ad	O=0.8145570158958435|NORM=0.18348780274391174
fb	NORM=0.85547935962677|O=0.1444571316242218
in	O=0.9980582594871521|NORM=0.001929266145452857

Scheiss	NORM=0.778571367263794|O=0.2210228443145752
auf	O=0.9999064207077026|NORM=8.916926162783056e-05
die	O=0.9999374151229858|NORM=6.009195203660056e-05
Kanäle	O=0.9996064305305481|NORM=0.00035808305256068707
.	O=0.9999890327453613|NORM=5.8404170886205975e-06

Ich	O=0.9999711513519287|NORM=2.34928447753191e-05
muss	O=0.9999469518661499|NORM=4.7699944843770936e-05
mal	O=0.9998354911804199|NORM=0.00015802391862962395
ein	O=0.9982189536094666|NORM=0.0017764103831723332
paar	NORM=0.9910560846328735|O=0.008902125991880894
Japaner	O=0.9995512366294861|NORM=0.0004191753105260432
töten	O=0.9999459981918335|NORM=4.4748547225026414e-05
&gt;.&lt;	O=0.9998903274536133|NORM=0.00010440086771268398

hea	NORM=0.9974009990692139|O=0.0025904199574142694
loss	NORM=0.9997336268424988|O=0.0002607031783554703
mich	O=0.999916672706604|NORM=8.04878945928067e-05
doch	O=0.9999328851699829|NORM=6.420102727133781e-05
mit	O=0.9994578957557678|NORM=0.0005172225646674633
dem	O=0.9991750121116638|NORM=0.0007379742455668747
goile	NORM=0.9993552565574646|O=0.0006378996185958385
wormserisch	NORM=0.9998637437820435|O=0.00012798041279893368
nur	O=0.9997084736824036|NORM=0.00026864593382924795
weil	O=0.9997227787971497|NORM=0.0002687535888981074
dus	NORM=0.9990059733390808|O=0.0009873431408777833
ned	NORM=0.9998772144317627|O=0.00011589499627007172
kapierst	NORM=0.9817852973937988|O=0.018187515437602997
moi	O=0.9934843182563782|NORM=0.006494745146483183
guddi	NORM=0.9264810681343079|O=0.07346142828464508
%NegSmiley	O=0.9999547004699707|NORM=2.2437086954596452e-05

Von	O=0.999836802482605|NORM=9.395364759257063e-05
Fussball	O=0.9999449253082275|NORM=4.2601775930961594e-05
versteht	O=0.9999504089355469|NORM=3.3104934118455276e-05
sie	O=0.9999659061431885|NORM=2.479639442753978e-05
nix	NORM=0.9996451139450073|O=0.00021203332289587706
,	O=0.9999675750732422|NORM=2.6629546482581645e-05
von	O=0.9998335838317871|NORM=9.764451533555984e-05
Musik	O=0.9999507665634155|NORM=3.8375019357772544e-05
schon	O=0.999783456325531|NORM=0.0002003440458793193
.	O=0.9999880790710449|NORM=6.373703854478663e-06

jaa	NORM=0.999747097492218|O=0.0002334402670385316
,	O=0.9999598264694214|NORM=3.121570989605971e-05
schmeiss	NORM=0.6041946411132812|O=0.39559757709503174
dich	O=0.9999786615371704|NORM=1.735641671984922e-05
an	O=0.9997203946113586|NORM=0.00023936229990795255
ihn	O=0.9999608993530273|NORM=2.845819471986033e-05
ran	NORM=0.9992407560348511|O=0.000736164569389075
%PosSmiley	O=0.999946117401123|NORM=2.3609003619640134e-05

Grüner	O=0.9999328851699829|NORM=5.772328586317599e-05
Tee	O=0.9997712969779968|NORM=0.0001632742496440187
in	O=0.9999475479125977|NORM=4.0970262489281595e-05
einer	O=0.9999653100967407|NORM=2.8643746190937236e-05
offenen	O=0.9999618530273438|NORM=3.25952896673698e-05
Dos	O=0.9812803864479065|NORM=0.018568258732557297
kann	O=0.9999740123748779|NORM=1.3427909834717866e-05
sehr	O=0.9999580383300781|NORM=2.554282036726363e-05
schnell	O=0.9999470710754395|NORM=3.798386387643404e-05
oxidieren	O=0.9995388984680176|NORM=0.00039827823638916016
(	O=0.9999827146530151|NORM=1.3827258044329938e-05
mit	O=0.9999598264694214|NORM=3.171899152221158e-05
Sauerstoff	O=0.9998668432235718|NORM=8.625713235232979e-05
reagieren	O=0.9999018907546997|NORM=6.738409865647554e-05
)	O=0.9999680519104004|NORM=2.2221625840757042e-05

Wenns	NORM=0.9999127388000488|O=6.746816507074982e-05
nächste	O=0.9999196529388428|NORM=6.951823888812214e-05
Woche	O=0.9999700784683228|NORM=2.40413846768206e-05
klappt	O=0.9999536275863647|NORM=3.63563813152723e-05
(	O=0.9999840259552002|NORM=1.1874892152263783e-05
Gott	O=0.99981290102005|NORM=0.00017245965136680752
,	O=0.9999821186065674|NORM=1.1907904990948737e-05
müssen	O=0.999908447265625|NORM=7.872073183534667e-05
dringend	O=0.9999527931213379|NORM=3.703485708683729e-05
nochmal	O=0.999962568283081|NORM=2.9737275326624513e-05
drüber	NORM=0.9985243678092957|O=0.0014159512938931584
reden	O=0.9998874664306641|NORM=8.815042383503169e-05
!	O=0.9999843835830688|NORM=7.917707989690825e-06
Planung	O=0.9999366998672485|NORM=5.526952736545354e-05
=	O=0.9999606609344482|NORM=2.5259032554458827e-05
0	O=0.9999723434448242|NORM=1.7910877431859262e-05
%PosSmiley	O=0.9999560117721558|NORM=2.2981203073868528e-05
OO	O=0.999971866607666|NORM=2.253018828923814e-05
)	O=0.9999737739562988|NORM=1.8528797227190807e-05
,	O=0.9999804496765137|NORM=1.1626282685028855e-05
dann	O=0.99997878074646|NORM=1.015758425637614e-05
bring	O=0.9850611090660095|NORM=0.014902126975357533
ich	O=0.9999656677246094|NORM=2.8278609534027055e-05
Dir	O=0.999920129776001|NORM=5.556976611842401e-05
welche	O=0.9996498823165894|NORM=0.00033662718487903476
mit	O=0.9999650716781616|NORM=2.5320523491245694e-05
!	O=0.9999829530715942|NORM=9.437308108317666e-06
%PosSmiley	O=0.9999417066574097|NORM=2.7400046747061424e-05

Nachbarin	O=0.9995695948600769|NORM=0.00039254152216017246
+	O=0.9999628067016602|NORM=3.370510967215523e-05
Handwerker	O=0.999955415725708|NORM=3.234481846448034e-05
,	O=0.9999812841415405|NORM=1.4630139048676938e-05
die	O=0.9999760389328003|NORM=1.757748395903036e-05
da	O=0.9999369382858276|NORM=5.4024712881073356e-05
im	O=0.9999778270721436|NORM=1.8368100427323952e-05
Flur	O=0.9995846152305603|NORM=0.00038617360405623913
rum	NORM=0.9989239573478699|O=0.00105109135620296
standen	O=0.9998668432235718|NORM=0.0001273876550840214
.	O=0.9999839067459106|NORM=9.31557224248536e-06

Volgende	O=0.9467704892158508|NORM=0.05316475033760071
weak	O=0.9993159770965576|NORM=0.0006503525073640049
wir	O=0.9999611377716064|NORM=3.419347922317684e-05
!	O=0.9999865293502808|NORM=7.067359547363594e-06
%PosSmiley	O=0.9999686479568481|NORM=1.564506055728998e-05

dafür	NORM=0.9880257248878479|O=0.011950421147048473
habt	O=0.999957799911499|NORM=3.5869827115675434e-05
ihr	O=0.9999710321426392|NORM=2.5657287551439367e-05
hier	O=0.9998612403869629|NORM=0.00013153711915947497
sc	NORM=0.9996193647384644|O=0.0003625759272836149
...	O=0.9999022483825684|NORM=9.287567081628367e-05

"	O=0.9999674558639526|NORM=2.923389183706604e-05
Das	O=0.9999417066574097|NORM=5.0668822950683534e-05
Touchscreen	O=0.9998817443847656|NORM=6.321040564216673e-05
dieses	O=0.9999160766601562|NORM=7.300543074961752e-05
Gerätes	O=0.9994837045669556|NORM=0.0004372475668787956
ist	O=0.9999815225601196|NORM=1.2549917300930247e-05
kaputt	O=0.9999088048934937|NORM=8.362952212337404e-05
.	O=0.9999828338623047|NORM=1.0329290489607956e-05
"-"	O=0.9999779462814331|NORM=1.6609699741820805e-05

Fedor	O=0.9997199177742004|NORM=0.00026826601242646575
war	O=0.9999665021896362|NORM=2.830861194524914e-05
fur	NORM=0.9995360374450684|O=0.00041326991049572825
enige	NORM=0.9989941716194153|O=0.0009946097852662206
wochen	NORM=0.976622462272644|O=0.02335086651146412
zuruck	NORM=0.9997232556343079|O=0.0002583763562142849
im	O=0.9993664622306824|NORM=0.0006288883741945028
holland	NORM=0.944239616394043|O=0.05569808557629585
bei	O=0.9997468590736389|NORM=0.0002459382521919906
hoost	NORM=0.9886869192123413|O=0.011293916031718254
.	O=0.9999867677688599|NORM=9.582634447724558e-06

Bayern-online	O=0.9998973608016968|NORM=8.850298036122695e-05
Damals	O=0.9994159936904907|NORM=0.0005763254011981189
an	O=0.9998257756233215|NORM=0.0001591493928572163
Weihnachten	O=0.999897837638855|NORM=7.632115011801943e-05
:	O=0.9999862909317017|NORM=7.017536972853122e-06
Der	O=0.9999423027038574|NORM=4.3735428334912285e-05
überraschend	O=0.9996365308761597|NORM=0.0003551736590452492
andere	O=0.9987062215805054|NORM=0.0012625135714188218
Advent	O=0.9999431371688843|NORM=4.815032298211008e-05
"	O=0.9999877214431763|NORM=8.183012141671497e-06
Damals	O=0.9998032450675964|NORM=0.00019111033179797232
an	O=0.9998047947883606|NORM=0.00017519328685011715
Weihnachten	O=0.9998794794082642|NORM=8.983287261798978e-05
"	O=0.9999887943267822|NORM=6.360889528878033e-06
:	O=0.9999862909317017|NORM=6.971810762479436e-06
Musikalische	O=0.9999140501022339|NORM=7.823768100934103e-05
Les	NORM=0.9939594268798828|O=0.00585632398724556
...	O=0.9999673366546631|NORM=2.691193003556691e-05

aber	NORM=0.9720855951309204|O=0.02789670042693615
ich	O=0.8053216338157654|NORM=0.19463886320590973
glaub	NORM=0.9997095465660095|O=0.0002818859647959471
die	O=0.9997392296791077|NORM=0.00025199248921126127
gehn	NORM=0.9999306201934814|O=6.238968489924446e-05
eh	NORM=0.9999040365219116|O=8.576219988754019e-05
net	NORM=0.9993942975997925|O=0.0005857392097823322
drann	NORM=0.999334990978241|O=0.0006528014200739563
%NegSmiley	O=0.9999592304229736|NORM=1.9408842490520328e-05

BTW	O=0.9999581575393677|NORM=3.876295158988796e-05
!	O=0.9999874830245972|NORM=6.05070863457513e-06

Sooo	NORM=0.9426665902137756|O=0.057303935289382935
jetzt	O=0.9998012185096741|NORM=0.00019186561985407025
kann	O=0.9999638795852661|NORM=2.9835571695002727e-05
ich	O=0.9999769926071167|NORM=1.9509438061504625e-05
euch	O=0.9999674558639526|NORM=1.813913695514202e-05
das	O=0.7639914155006409|NORM=0.23536823689937592
fertige	O=0.9993979930877686|NORM=0.0005987084587104619
Cover-Art	O=0.9998998641967773|NORM=9.200305794365704e-05
zeigen	O=0.9998980760574341|NORM=6.298218067968264e-05
%PosSmiley	O=0.9999618530273438|NORM=2.1201140043558553e-05

Momentan	O=0.9971176385879517|NORM=0.0028160286601632833
steigt	O=0.9999247789382935|NORM=6.432571535697207e-05
grad	NORM=0.9999176263809204|O=6.643440428888425e-05
ne	NORM=0.9998912811279297|O=9.118067828239873e-05
Hundertschaft	O=0.9999041557312012|NORM=7.75721127865836e-05
von	O=0.9999562501907349|NORM=3.278737858636305e-05
pubertierenden	O=0.9996703863143921|NORM=0.00029933176119811833
Mädchen	O=0.9999077320098877|NORM=7.122069655451924e-05
ein	O=0.9999697208404541|NORM=2.630134258652106e-05
.	O=0.9999866485595703|NORM=7.887128049333114e-06

wat	NORM=0.9971541166305542|O=0.002830319572240114
machen	O=0.9999682903289795|NORM=1.6839319869177416e-05
die	O=0.9999368190765381|NORM=5.429416705737822e-05
?	O=0.9999861717224121|NORM=7.165614988480229e-06

DIe	NORM=0.995023250579834|O=0.004949506372213364
Stelle	O=0.999902606010437|NORM=8.85976041899994e-05
ab	O=0.9999791383743286|NORM=1.4708449270983692e-05
12:00	O=0.9999711513519287|NORM=2.0981950001441874e-05
mit	O=0.9999443292617798|NORM=4.9659607611829415e-05
der	O=0.9999679327011108|NORM=2.9898412321927026e-05
Kamera	O=0.9999353885650635|NORM=4.355664350441657e-05
,	O=0.9999711513519287|NORM=2.497442255844362e-05
zu	O=0.9999114274978638|NORM=8.360987703781575e-05
Göttlich	NORM=0.754645586013794|O=0.24518698453903198
,	O=0.9999693632125854|NORM=2.368417517573107e-05
ich	O=0.9999452829360962|NORM=4.6386649046326056e-05
konnt	NORM=0.9998747110366821|O=0.00010472112626302987
nich	NORM=0.9998619556427002|O=0.00011745050869649276
mehr	O=0.9998786449432373|NORM=9.978075831895694e-05
vor	O=0.9181110262870789|NORM=0.08174466341733932
lachen	O=0.999813973903656|NORM=0.0001703813613858074
(	O=0.9999464750289917|NORM=4.724705286207609e-05
@YouTube	O=0.9999532699584961|NORM=3.648449637694284e-05

Da	O=0.9999129772186279|NORM=7.711997022852302e-05
isT	NORM=0.9997476935386658|O=0.00022217545483727008
zu	O=0.9990680813789368|NORM=0.0009026365005411208
wenig	O=0.9997226595878601|NORM=0.00021356254001148045
Gin	O=0.9998071789741516|NORM=9.682813106337562e-05
in	O=0.9999663829803467|NORM=2.6711517421063036e-05
meinem	O=0.9999526739120483|NORM=2.4330591259058565e-05
Tonic	O=0.9989792704582214|NORM=0.0009485013433732092
und	O=0.9999771118164062|NORM=1.7289514289586805e-05
zuviel	NORM=0.7954870462417603|O=0.20312879979610443
"	O=0.9999796152114868|NORM=1.6402334949816577e-05
blabla	O=0.959858238697052|NORM=0.03994216024875641
"	O=0.9999711513519287|NORM=2.2701333364238963e-05
in	O=0.9999616146087646|NORM=3.2956428185570985e-05
der	O=0.9999759197235107|NORM=2.2091175196692348e-05
Unterhaltung	O=0.9999511241912842|NORM=2.964131999760866e-05
.	O=0.9999775886535645|NORM=1.109914683183888e-05

Okay	O=0.9996707439422607|NORM=0.00031086639501154423
das	O=0.9985244870185852|NORM=0.001403485657647252
kann	O=0.9999667406082153|NORM=2.691235022211913e-05
ich	O=0.999984622001648|NORM=1.2963000699528493e-05
nich	NORM=0.9998155236244202|O=0.0001565165730426088
mehr	O=0.9998708963394165|NORM=0.00011143519805045798
toppen	O=0.9999547004699707|NORM=3.292384644737467e-05
,	O=0.9999750852584839|NORM=1.7623511666897684e-05
ich	O=0.9999767541885376|NORM=2.0289966414566152e-05
geb	NORM=0.9955103397369385|O=0.004450558684766293
auf	O=0.9999648332595825|NORM=3.0007868190295994e-05
!	O=0.9999804496765137|NORM=1.0012881830334663e-05
%PosSmiley	O=0.999957799911499|NORM=1.6811785826575942e-05

|	O=0.9998899698257446|NORM=0.00010496699542272836
er	O=0.9997199177742004|NORM=0.0002653328701853752
sucht	O=0.9999780654907227|NORM=1.749350303725805e-05
sie	O=0.9999579191207886|NORM=2.956859316327609e-05
fuer	NORM=0.9983141422271729|O=0.0013547728303819895
eine	O=0.9998934268951416|NORM=0.00010214091162197292
Partnerschaft	O=0.9998482465744019|NORM=0.00014259008457884192
Beziehung	O=0.9999613761901855|NORM=3.0627612431999296e-05

denn	NORM=0.9994695782661438|O=0.0005236433353275061
kommentar	NORM=0.9889919757843018|O=0.010981585830450058
kann	O=0.9999792575836182|NORM=1.496044933446683e-05
ich	O=0.9999866485595703|NORM=1.0852975719899405e-05
irgendwie	O=0.9999806880950928|NORM=1.6008403690648265e-05
nicht	O=0.9999849796295166|NORM=1.182815685751848e-05
kopieren	O=0.9999216794967651|NORM=6.838559784227982e-05

Lieba	NORM=0.9996490478515625|O=0.0003454206744208932
ich	O=0.9999057054519653|NORM=8.994718518806621e-05
bin	O=0.9999642372131348|NORM=2.733066867222078e-05
noch	O=0.9999719858169556|NORM=2.2634532797383144e-05
gnadich	NORM=0.9986782670021057|O=0.001286975690163672
..	O=0.9999631643295288|NORM=3.371737329871394e-05

Golfen	O=0.9999630451202393|NORM=3.235589247196913e-05
in	O=0.9999842643737793|NORM=1.2395710655255243e-05
Spanien	O=0.9999189376831055|NORM=6.852805381640792e-05
Greenfees	O=0.9983901977539062|NORM=0.0015986349899321795
amp	O=0.7547661066055298|NORM=0.24466368556022644
Teetimes	O=0.9991021156311035|NORM=0.0008784106466919184
online	O=0.9997583031654358|NORM=0.00020285409118514508
buchen	O=0.9999470710754395|NORM=4.191239713691175e-05
:	O=0.9999823570251465|NORM=1.1271276889601722e-05
Golfen	O=0.9999767541885376|NORM=1.832124871725682e-05
auf	O=0.9999011754989624|NORM=8.604590402683243e-05
Golfplatzen	O=0.9999374151229858|NORM=5.7394252507947385e-05
in	O=0.9999762773513794|NORM=1.928777783177793e-05
Sudspanien	O=0.9939781427383423|NORM=0.005988666322082281
zu	O=0.9998887777328491|NORM=0.00010487080726306885
Sonderkondi	NORM=0.9796504974365234|O=0.020208679139614105
...	O=0.9999692440032959|NORM=2.6598878321237862e-05

Nee	NORM=0.9831429123878479|O=0.01677692122757435
ich	O=0.9999622106552124|NORM=3.555437797331251e-05
hab	NORM=0.9360462427139282|O=0.06392385065555573
kein	O=0.9996320009231567|NORM=0.0003625132667366415
iphone	NORM=0.9808823466300964|O=0.019086435437202454
das	O=0.9875284433364868|NORM=0.012455428019165993
geht	O=0.999927282333374|NORM=6.99946831446141e-05
bei	O=0.9999188184738159|NORM=7.332031236728653e-05
mir	O=0.9999818801879883|NORM=1.208243065775605e-05
nich	NORM=0.999617338180542|O=0.00037010485539212823
sorrie	NORM=0.9648168683052063|O=0.03515832498669624

sehr	NORM=0.9681431651115417|O=0.031814418733119965
gut	O=0.999955415725708|NORM=3.530278991092928e-05
,	O=0.999984860420227|NORM=1.082585185940843e-05
also	O=0.9999693632125854|NORM=2.4576214855187573e-05
ja	O=0.9998431205749512|NORM=0.00014662860485259444
,	O=0.9999842643737793|NORM=1.1341017852828372e-05
perfekt	O=0.9999606609344482|NORM=2.5456654839217663e-05
.	O=0.9999879598617554|NORM=6.634862529608654e-06
%PosSmiley	O=0.9999620914459229|NORM=1.7902906620292924e-05

-	O=0.9999682903289795|NORM=2.619569204398431e-05
hmm	O=0.9244623184204102|NORM=0.07533273845911026
und	O=0.9999597072601318|NORM=3.682228998513892e-05
rote	O=0.9969854950904846|NORM=0.0029989222530275583
Kitte	O=0.9999557733535767|NORM=3.613412627601065e-05

Ihr	O=0.9999198913574219|NORM=7.223834109026939e-05
wisst	O=0.99996018409729|NORM=3.436294718994759e-05
ja	O=0.9999701976776123|NORM=2.60430224443553e-05
nicht	O=0.9999843835830688|NORM=1.2066121598763857e-05
wie	O=0.9999138116836548|NORM=7.745008770143613e-05
gut	O=0.9999545812606812|NORM=3.6852597986580804e-05
ihrs	NORM=0.9995540976524353|O=0.000336334080202505
habt	O=0.9999778270721436|NORM=1.7998732801061124e-05
...	O=0.9999802112579346|NORM=1.370088375551859e-05
(	O=0.9999737739562988|NORM=1.48995422932785e-05
%PosSmiley	O=0.9999314546585083|NORM=3.2193129300139844e-05
"	O=0.9999626874923706|NORM=3.188455229974352e-05
)	O=0.9999715089797974|NORM=1.1549859664228279e-05

thx	NORM=0.9995362758636475|O=0.00043515555444173515
.	O=0.9999864101409912|NORM=8.640127816761378e-06

weiss	NORM=0.9953064322471619|O=0.004666006192564964
auch	O=0.9999775886535645|NORM=1.91151411854662e-05
nicht	O=0.9999740123748779|NORM=2.1669471607310697e-05
warum	O=0.9994420409202576|NORM=0.0005111065111123025

terraristik	NORM=0.9995156526565552|O=0.0004797930596396327
Andreas	O=0.999948263168335|NORM=4.6640168875455856e-05
!!	O=0.9999901056289673|NORM=5.077326477476163e-06
:	O=0.9999866485595703|NORM=6.969977675908012e-06
Andreas	O=0.9998703002929688|NORM=0.00011933247878914699
ich	O=0.9249299764633179|NORM=0.07503237575292587
wünsch	NORM=0.9998558759689331|O=0.00012351811164990067
dir	O=0.9999634027481079|NORM=2.3989370674826205e-05
alles	O=0.9999309778213501|NORM=6.014935934217647e-05
gute	O=0.9988491535186768|NORM=0.001125830807723105
.	O=0.9999871253967285|NORM=7.677947905904148e-06

oh	NORM=0.9972547888755798|O=0.0027363006956875324
ne	NORM=0.999944806098938|O=4.3285817810101435e-05
jetz	NORM=0.9997091889381409|O=0.0002827779098879546
backen	O=0.9999681711196899|NORM=2.9281627575983293e-05
die	O=0.9999685287475586|NORM=2.548398515500594e-05
da	O=0.9932376146316528|NORM=0.006718582473695278
rum	NORM=0.9996941089630127|O=0.0002791401057038456
oder	O=0.9999665021896362|NORM=2.8247179216123186e-05
so	O=0.9999620914459229|NORM=3.060235030716285e-05
%NegSmiley	O=0.9999444484710693|NORM=2.9470564186340198e-05

viel	NORM=0.9982109069824219|O=0.0017781469505280256
spass	NORM=0.9994608759880066|O=0.000520538364071399
♥	O=0.9999760389328003|NORM=2.000930362555664e-05
...	O=0.9999798536300659|NORM=1.2385788977553602e-05

-	O=0.9990701079368591|NORM=0.0009154588333331048
da	NORM=0.9665215611457825|O=0.03334365412592888
denk	O=0.6392848491668701|NORM=0.36067911982536316
ich	O=0.9999717473983765|NORM=2.221041540906299e-05
gerade	O=0.9999421834945679|NORM=4.7110923333093524e-05
i	NORM=0.968906819820404|O=0.031038066372275352
wanne	NORM=0.9972499012947083|O=0.0026950049214065075
be	O=0.9999356269836426|NORM=5.818715726491064e-05
loved	O=0.9999477863311768|NORM=2.287444112880621e-05
by	O=0.9999575614929199|NORM=3.320961332065053e-05
you	O=0.9999585151672363|NORM=1.928686469909735e-05
...	O=0.9999806880950928|NORM=1.4190709407557733e-05

Das	O=0.9998612403869629|NORM=0.00011900443496415392
is	NORM=0.9996978044509888|O=0.0002811505110003054
grauslich	O=0.9970961809158325|NORM=0.0028752866201102734
zu	O=0.9994827508926392|NORM=0.0005066073499619961
..	O=0.9999405145645142|NORM=5.429690645541996e-05

ach	NORM=0.9904168844223022|O=0.009520499967038631
soooo	NORM=0.9757111072540283|O=0.024250060319900513
das	O=0.9999101161956787|NORM=7.951795851113275e-05
is	NORM=0.9998946189880371|O=7.648119935765862e-05
was	O=0.9820926189422607|NORM=0.017880193889141083
anderes	O=0.999782145023346|NORM=0.00020665980991907418

Hilfeeee	NORM=0.9880118370056152|O=0.011964593082666397
!	O=0.9999854564666748|NORM=4.968000212102197e-06

Ich	O=0.9999676942825317|NORM=2.7537031201063655e-05
komm	NORM=0.9993438124656677|O=0.0006164953811094165
mal	O=0.9999716281890869|NORM=2.5157736672554165e-05
'	O=0.9932984709739685|NORM=0.006680494174361229
kurz	O=0.9997209906578064|NORM=0.00027013299404643476
'	O=0.9995125532150269|NORM=0.00048287748359143734
Online	O=0.9999716281890869|NORM=2.0186873371130787e-05
also	O=0.9999538660049438|NORM=4.2678078898461536e-05
mitn	NORM=0.9998034834861755|O=0.00016034464351832867
PC	O=0.9997726082801819|NORM=0.00022326508769765496
%PosSmiley	O=0.9999538660049438|NORM=2.714434958761558e-05

erlich	NORM=0.9994725584983826|O=0.00047539680963382125
?	O=0.9999867677688599|NORM=7.008324701018864e-06
%PosSmiley	O=0.9999607801437378|NORM=1.7327412933809683e-05

idd	NORM=0.9998379945755005|O=0.00014488823944702744
ik	O=0.9964901804924011|NORM=0.0035012601874768734
kin	NORM=0.9995612502098083|O=0.00040730551700107753
dich	O=0.9999699592590332|NORM=2.4096330889733508e-05
alles	O=0.9999786615371704|NORM=1.802363658498507e-05
vertellen	O=0.9999315738677979|NORM=4.666345921577886e-05
en	O=0.9999504089355469|NORM=4.5818491344107315e-05
dich	O=0.9999617338180542|NORM=3.473206743365154e-05
mich	O=0.9998327493667603|NORM=0.0001624085271032527

Er	O=0.9999678134918213|NORM=1.5085222003108356e-05
freut	O=0.9999548196792603|NORM=3.148346149828285e-05
sich	O=0.9999816417694092|NORM=1.3937340554548427e-05
bestimmt	O=0.999972939491272|NORM=1.84089585673064e-05
!!	O=0.9999901056289673|NORM=6.078294518374605e-06
**	O=0.999984622001648|NORM=9.331984983873554e-06
freu	NORM=0.9978756904602051|O=0.0020689747761934996

Virtua	O=0.9974754452705383|NORM=0.002491803141310811
Tennis	O=0.9999110698699951|NORM=6.915429548826069e-05
2009	O=0.9999397993087769|NORM=3.5893717722501606e-05
:	O=0.999987006187439|NORM=8.05551007942995e-06
Sierndorf	O=0.9999709129333496|NORM=2.0453237084439024e-05
|	O=0.999983549118042|NORM=1.095187235478079e-05
Spiel	O=0.9999511241912842|NORM=3.737905353773385e-05
fuer	NORM=0.9967238306999207|O=0.0023164411541074514
XBox	O=0.9998249411582947|NORM=0.00014948679017834365
360	O=0.9999566078186035|NORM=2.9112607080605812e-05
,	O=0.9999814033508301|NORM=1.4306096090876963e-05
noch	O=0.9999740123748779|NORM=2.1081255908939056e-05
original	O=0.9997407793998718|NORM=0.0002447306760586798
verpackt	O=0.9999277591705322|NORM=6.169970583869144e-05

Wieso	O=0.9989375472068787|NORM=0.000982744968496263
hast	O=0.9999382495880127|NORM=5.561965372180566e-05
du	O=0.9999585151672363|NORM=3.272990579716861e-05
geschrieben	O=0.9999508857727051|NORM=4.317995626479387e-05
das	NORM=0.9939244389533997|O=0.006050527095794678
du	O=0.9999381303787231|NORM=4.841175541514531e-05
seine	O=0.9997333884239197|NORM=0.00025957313482649624
wife	NORM=0.9985045194625854|O=0.0014833597233518958
bist	O=0.9999803304672241|NORM=1.360884380119387e-05
und	O=0.999925971031189|NORM=7.164961425587535e-05
soo	NORM=0.9994801878929138|O=0.0005117373657412827
??	O=0.9999803304672241|NORM=1.536183299322147e-05
%PosSmiley	O=0.9999634027481079|NORM=1.8258193449582905e-05

♥	O=0.9999784231185913|NORM=1.424169386154972e-05

Uni	O=0.9644867181777954|NORM=0.03548762574791908
Druck	O=0.9993921518325806|NORM=0.0006014301325194538
Munchen	O=0.9998818635940552|NORM=0.00011272956908214837
:	O=0.9999817609786987|NORM=8.553209227102343e-06
Angeboten	O=0.9999701976776123|NORM=2.6469217118574306e-05
werden	O=0.9999637603759766|NORM=3.103085691691376e-05
Offset	O=0.9995312690734863|NORM=0.00045083859004080296
Digital	O=0.9998422861099243|NORM=0.00012894891551695764
und	O=0.9999549388885498|NORM=4.146513674641028e-05
Buchdruck	O=0.9998108744621277|NORM=0.00018193126015830785

Gibts	NORM=0.9999569654464722|O=2.2335003450280055e-05
hier	O=0.9999803304672241|NORM=1.543109283375088e-05
irgendwo	O=0.999980092048645|NORM=1.5196070307865739e-05
ne	NORM=0.9999078512191772|O=5.5230208090506494e-05
Haltestelle	O=0.9996163845062256|NORM=0.0002505850570742041
?	O=0.9999865293502808|NORM=6.21665549260797e-06

ich	NORM=0.9865211248397827|O=0.013442088849842548
will	O=0.9999717473983765|NORM=2.4879111151676625e-05
da	O=0.9999549388885498|NORM=2.9832914151484147e-05
mitmachen	O=0.9998701810836792|NORM=8.771209104452282e-05
:)	O=0.9999687671661377|NORM=2.2907952370587736e-05

Also	O=0.9999527931213379|NORM=3.4579097700770944e-05
mcht	NORM=0.9919843077659607|O=0.007973072119057178
kein	O=0.9997777342796326|NORM=0.00021270065917633474
Blödsinn	O=0.9994229078292847|NORM=0.0005235439748503268
in	O=0.9999675750732422|NORM=2.8631357054109685e-05
meiner	O=0.9998219609260559|NORM=0.00016419852909166366
TL	NORM=0.994971752166748|O=0.00498483469709754
,	O=0.9999803304672241|NORM=1.4254140296543483e-05
ich	O=0.9999316930770874|NORM=5.642167161568068e-05
meine	O=0.9999735355377197|NORM=1.9366816559340805e-05
das	O=0.999688982963562|NORM=0.0002924193686340004
Ernst	O=0.9997207522392273|NORM=0.00026575045194476843
!	O=0.999985933303833|NORM=7.870688932598568e-06

Jetzt	O=0.9999707937240601|NORM=2.154771391360555e-05
im	O=0.9999064207077026|NORM=8.845712000038475e-05
Stream	O=0.9996944665908813|NORM=0.00029571529012173414
auf	O=0.9998619556427002|NORM=0.0001321760064456612
%Link	O=0.99988853931427|NORM=9.447975753573701e-05
:	O=0.9999843835830688|NORM=1.0063361514767166e-05
Adonis	O=0.999795138835907|NORM=0.00012984342174604535
-	O=0.9999847412109375|NORM=8.455926035821903e-06
No	O=0.9996991157531738|NORM=0.00024084623146336526
Way	O=0.9998799562454224|NORM=8.557589899282902e-05
Back	O=0.9999788999557495|NORM=1.1285328582744114e-05
(	O=0.9999864101409912|NORM=7.891647328506224e-06
Greg	O=0.9996652603149414|NORM=0.00023207913909573108
Wilson	O=0.9999513626098633|NORM=3.236369593651034e-05
Edit	O=0.9999747276306152|NORM=1.7241673049284145e-05
)	O=0.999981164932251|NORM=9.437445442017633e-06
fm303	O=0.9999228715896606|NORM=6.731088069500402e-05

Lillehammer-Quali	O=0.9998887777328491|NORM=8.913903729990125e-05
:	O=0.9999877214431763|NORM=5.896622042200761e-06
Souveräner	O=0.9999188184738159|NORM=7.150125020416453e-05
Auftakt	O=0.9998706579208374|NORM=0.00010898061009356752
für	O=0.9999421834945679|NORM=3.349130929564126e-05
Schmitt	O=0.9999210834503174|NORM=6.916355778230354e-05
:	O=0.9999849796295166|NORM=8.016623723960947e-06
Lillehammer	O=0.9998272061347961|NORM=0.00014551171625498682
-	O=0.9999821186065674|NORM=1.011768927128287e-05
Skispringer	O=0.9995816349983215|NORM=0.000386547006200999
Martin	O=0.999596893787384|NORM=0.00029756678850390017
Schmitt	O=0.9999077320098877|NORM=7.571028254460543e-05
hat	O=0.999976396560669|NORM=1.743110806273762e-05
einen	O=0.999870777130127|NORM=0.00012239962234161794
gelungenen	O=0.9998362064361572|NORM=0.00015784704010002315
...	O=0.9999779462814331|NORM=1.7393223970429972e-05

Dvd	O=0.998325526714325|NORM=0.0015971012180671096
Die	O=0.9999743700027466|NORM=1.797537515813019e-05
Frau	O=0.999968409538269|NORM=1.0957953236356843e-05
meiner	O=0.999950647354126|NORM=3.771836054511368e-05
Traume	O=0.9998915195465088|NORM=9.267312998417765e-05
online	O=0.9990004897117615|NORM=0.0009519809973426163
:	O=0.9999642372131348|NORM=2.925312401202973e-05
Die	O=0.9999713897705078|NORM=2.172727181459777e-05
Frau	O=0.9999687671661377|NORM=1.1944368452532217e-05
meiner	O=0.9999439716339111|NORM=4.526337215793319e-05
Traume	O=0.9996472597122192|NORM=0.00033332445309497416
movie	NORM=0.9772880673408508|O=0.022673534229397774
download	NORM=0.9478029012680054|O=0.05215446650981903
Actors	O=0.9998995065689087|NORM=8.307350799441338e-05
:	O=0.9999749660491943|NORM=1.8005495803663507e-05
Victor	O=0.9974499344825745|NORM=0.0019896510057151318
Janson	O=0.9999305009841919|NORM=5.228960435488261e-05
Karl	O=0.999543309211731|NORM=0.00043995550367981195
Etlinger	O=0.9999159574508667|NORM=6.511058018077165e-05
Karl	O=0.9937585592269897|NORM=0.006223056465387344
...	O=0.9999747276306152|NORM=1.9939388948841952e-05

%PosSmiley	O=0.9999613761901855|NORM=1.4672506040369626e-05

CH	O=0.9611351490020752|NORM=0.03884436935186386
:	O=0.9999605417251587|NORM=3.0139122827677056e-05
ESCORT	O=0.9957394599914551|NORM=0.004196078982204199
24	O=0.9983717799186707|NORM=0.0016193632036447525
ANFANGERIN	NORM=0.9967901110649109|O=0.003142345929518342
TEENY	NORM=0.8601168394088745|O=0.1395028829574585
:	O=0.9999759197235107|NORM=1.9354069081600755e-05
FRUSINA	O=0.939957320690155|NORM=0.05997488647699356
Ich	O=0.9999719858169556|NORM=1.727273229334969e-05
bin	O=0.99994957447052|NORM=3.082498733419925e-05
eine	O=0.9998706579208374|NORM=0.00012110231182305142
heisse	O=0.9989847540855408|NORM=0.0009431404760107398
teeny18j	O=0.9978957176208496|NORM=0.0020795988384634256

Schöne	O=0.9999610185623169|NORM=3.3632579288678244e-05
Beispiele	O=0.9999231100082397|NORM=6.002705777063966e-05
von	O=0.9999734163284302|NORM=1.8833523427019827e-05
Nachtfotografier	O=0.9973748922348022|NORM=0.002603420987725258
im	O=0.999975323677063|NORM=2.2383304894901812e-05
Nebel	O=0.9996296167373657|NORM=0.0003539154422469437
%Link	O=0.999937891960144|NORM=5.725454684579745e-05
photography	O=0.9997032284736633|NORM=0.00029142186394892633

RT	O=0.9734566807746887|NORM=0.026307327672839165
Nachti	NORM=0.9993327260017395|O=0.0005923230783082545
süsse	NORM=0.9972183704376221|O=0.002744874218478799
schlaf	NORM=0.9990628361701965|O=0.0008615708211436868
schön	O=0.9999775886535645|NORM=1.3693219443666749e-05
und	O=0.9999620914459229|NORM=3.5077770007774234e-05
träum	NORM=0.9922683835029602|O=0.00768686318770051
was	O=0.9973662495613098|NORM=0.002598074497655034
süsses	O=0.5804622173309326|NORM=0.41947323083877563

Oh	O=0.9997772574424744|NORM=0.00020909245358780026
,	O=0.9999765157699585|NORM=1.7030224626068957e-05
in	O=0.9999405145645142|NORM=5.5459135182900354e-05
der	O=0.9999765157699585|NORM=2.1316242055036128e-05
Stadthalle	O=0.9999181032180786|NORM=6.057548671378754e-05
in	O=0.999981164932251|NORM=1.4975780686654616e-05
Offenbach	O=0.9999651908874512|NORM=2.8829577786382288e-05
scheint	O=0.9999412298202515|NORM=5.200812665862031e-05
heute	O=0.9998809099197388|NORM=0.0001118929503718391
'	NORM=0.9977864027023315|O=0.002195116365328431
Erotikmesse	O=0.9999383687973022|NORM=4.676481694332324e-05
zu	O=0.9999830722808838|NORM=1.3574608601629734e-05
sein	O=0.9999749660491943|NORM=2.0071187464054674e-05
.	O=0.9999774694442749|NORM=1.2492167115851771e-05

Wie	O=0.9992220401763916|NORM=0.0007559651858173311
bei	O=0.9996858835220337|NORM=0.0002850831369869411
Anon	O=0.9999130964279175|NORM=6.884397589601576e-05
gibts	NORM=0.9999423027038574|O=2.8303580620558932e-05
bei	O=0.9998968839645386|NORM=9.261353989131749e-05
Occupy	O=0.9999045133590698|NORM=7.066568650770932e-05
viele	O=0.9998680353164673|NORM=0.00011908369197044522
Initiativen	O=0.9999023675918579|NORM=8.49640928208828e-05
@username	O=0.9999310970306396|NORM=3.900876981788315e-05

der	NORM=0.9981542229652405|O=0.0018370626494288445
typ	NORM=0.9996477365493774|O=0.00034127323306165636
hat	O=0.9999597072601318|NORM=3.586644379538484e-05
in	O=0.9999531507492065|NORM=4.4583550334209576e-05
seiner	O=0.9999450445175171|NORM=5.074234650237486e-05
amtszeit	O=0.9288132190704346|NORM=0.07096830010414124
nix	NORM=0.9997703433036804|O=0.00013475412561092526
hinbekommen	O=0.9997307658195496|NORM=0.00026137634995393455
,	O=0.9999027252197266|NORM=9.202570072375238e-05
labert	O=0.9843410849571228|NORM=0.015637721866369247
müll	NORM=0.9986244440078735|O=0.0013601951068267226
in	O=0.9999393224716187|NORM=5.8020916185341775e-05
kanada	NORM=0.9980353713035583|O=0.0019488780526444316
und	O=0.9998946189880371|NORM=0.00010154322808375582
dann	O=0.999974250793457|NORM=2.146920633094851e-05
will	O=0.9999494552612305|NORM=4.640100087272003e-05
er	O=0.9999637603759766|NORM=2.9092303520883434e-05
auch	O=0.9999778270721436|NORM=1.9897202946594916e-05
noch	O=0.99997878074646|NORM=1.8475706383469515e-05
ein	O=0.999866247177124|NORM=0.0001320893643423915
sinnloses	O=0.9998303651809692|NORM=0.00016516263713128865
buch	NORM=0.999171257019043|O=0.0007527469424530864
raus	NORM=0.9961982369422913|O=0.003742666682228446
bringen	O=0.9997377991676331|NORM=0.00025525910314172506
?	O=0.9999409914016724|NORM=5.523830986930989e-05

eine	NORM=0.9998058676719666|O=0.0001814365532482043
Kurtze	NORM=0.8463404178619385|O=0.15361051261425018
Beschreibung	O=0.9999743700027466|NORM=1.6601055904175155e-05
dazu	O=0.9999463558197021|NORM=2.990344182762783e-05
:	O=0.999984622001648|NORM=7.898176590970252e-06
Ich	O=0.9999799728393555|NORM=1.4610125617764425e-05
hab	NORM=0.8948178887367249|O=0.10513432323932648
das	O=0.9992132186889648|NORM=0.0007623348501510918
Cover-Art	O=0.9713799357414246|NORM=0.028572317212820053
...	O=0.9999648332595825|NORM=3.0138820875436068e-05

Ich	O=0.9999407529830933|NORM=5.414654515334405e-05
leg	NORM=0.9996238946914673|O=0.00034391297958791256
mich	O=0.9999749660491943|NORM=2.297592072864063e-05
mal	O=0.999968409538269|NORM=2.7765789127442986e-05
hin	O=0.9910173416137695|NORM=0.008976371958851814
...	O=0.9999608993530273|NORM=3.299351374153048e-05
%PosSmiley	O=0.9999631643295288|NORM=1.9184099073754624e-05

ich	NORM=0.764701783657074|O=0.23526638746261597
bin	O=0.999935507774353|NORM=5.4125037422636524e-05
daaa	NORM=0.9986458420753479|O=0.0013183871051296592
andrea	NORM=0.9867123365402222|O=0.013246546499431133
%PosSmiley	O=0.9999593496322632|NORM=2.032455086009577e-05

Die	O=0.9996501207351685|NORM=0.00032340080360881984
eine	O=0.9637356996536255|NORM=0.03621623292565346
eben	NORM=0.7827931046485901|O=0.21715188026428223
war	O=0.9999784231185913|NORM=1.5958279618644156e-05
aber	O=0.9999732971191406|NORM=2.2896305381436832e-05
total	O=0.9994922876358032|NORM=0.000495802378281951
von	O=0.9999734163284302|NORM=1.692530349828303e-05
ihrem	O=0.9999734163284302|NORM=1.902481926663313e-05
Aussehen	O=0.9996464252471924|NORM=0.00022703064314555377
überzeugt	O=0.9999299049377441|NORM=4.0636645280756056e-05
.	O=0.9999767541885376|NORM=1.325531593465712e-05

in	NORM=0.9983928799629211|O=0.0015851921634748578
der	O=0.9997857213020325|NORM=0.00021112823742441833
szene	NORM=0.9996997117996216|O=0.00029247882775962353
wo	O=0.9995062351226807|NORM=0.0004814312851522118
bella	NORM=0.8233018517494202|O=0.17665763199329376
und	O=0.9997667670249939|NORM=0.0002195327979279682
edward	NORM=0.9550948143005371|O=0.044884953647851944
sich	O=0.9999768733978271|NORM=2.0339564798632637e-05
streiten	O=0.999948263168335|NORM=3.8706017221556976e-05
weil	O=0.9999016523361206|NORM=9.036365372594446e-05
das	O=0.881014883518219|NORM=0.11869117617607117
baby	NORM=0.9896723031997681|O=0.010289760306477547
bella	NORM=0.6230869889259338|O=0.37687501311302185
so	O=0.999974250793457|NORM=1.773808617144823e-05
weh	O=0.9949631690979004|NORM=0.005014209076762199
tut	O=0.9999674558639526|NORM=2.7734373361454345e-05
%NegSmiley	O=0.9999425411224365|NORM=3.31562951032538e-05

ich	NORM=0.9974094033241272|O=0.002583899535238743
sag	NORM=0.9873172640800476|O=0.012663006782531738
andrea	NORM=0.941365659236908|O=0.05858434736728668
kiewel	NORM=0.9995569586753845|O=0.0004315905680414289
wirds	NORM=0.9999527931213379|O=2.9671573429368436e-05
machen	O=0.9999792575836182|NORM=1.2164870895503554e-05

aber	NORM=0.9910679459571838|O=0.008921350352466106
freut	O=0.9999463558197021|NORM=4.591515244101174e-05
mich	O=0.9999741315841675|NORM=2.0845889594056644e-05
für	O=0.9999032020568848|NORM=8.072741911746562e-05
euch	O=0.9999810457229614|NORM=1.2721650819003116e-05
%PosSmiley	O=0.9999523162841797|NORM=3.060363087570295e-05

Haha	O=0.9999682903289795|NORM=2.3552132915938273e-05
..	O=0.9999803304672241|NORM=1.5714480468886904e-05

Jägermeister	O=0.9998227953910828|NORM=0.00015028766938485205
hat	O=0.9999840259552002|NORM=1.243895439984044e-05
56	O=0.9999769926071167|NORM=1.8461829313309863e-05
Kräuter	O=0.9995200634002686|NORM=0.0004327147617004812
.	O=0.9999836683273315|NORM=1.114820406655781e-05
"	O=0.9999622106552124|NORM=3.407798067200929e-05

bitte	NORM=0.9984046816825867|O=0.0015852698124945164
bitte	O=0.9995488524436951|NORM=0.0004229416372254491
!	O=0.9999860525131226|NORM=7.047857252473477e-06
%NegSmiley	O=0.9999414682388306|NORM=2.954456977022346e-05

Es	O=0.9999628067016602|NORM=2.5745093807927333e-05
gibt	O=0.9999699592590332|NORM=2.282186869706493e-05
sicher	O=0.9999352693557739|NORM=4.944074680679478e-05
viele	O=0.9996902942657471|NORM=0.00025395015836693347
Gruende	NORM=0.9726123213768005|O=0.027234181761741638
fuer	NORM=0.998264729976654|O=0.001487731235101819
Scheidungen	O=0.7156170606613159|NORM=0.28416022658348083
,	O=0.9999743700027466|NORM=1.8825010556611232e-05
aber	O=0.9999632835388184|NORM=2.8976686735404655e-05
der	O=0.9999783039093018|NORM=1.8346156139159575e-05
Hauptgrund	O=0.9997507929801941|NORM=0.00022819619334768504
ist	O=0.9999839067459106|NORM=1.1394254215701949e-05
und	O=0.9998517036437988|NORM=0.0001435227895854041
bleibt	O=0.9999545812606812|NORM=2.9840244678780437e-05
die	O=0.9999744892120361|NORM=2.174867404391989e-05
Hochzeit	O=0.9998770952224731|NORM=8.392895688302815e-05
.	O=0.9999830722808838|NORM=9.748412594490219e-06

Jessica	O=0.9997339844703674|NORM=0.0002516235108487308
?	O=0.9999812841415405|NORM=9.687163583294023e-06

Ja	O=0.9999663829803467|NORM=2.4681035938556306e-05
natürlich	O=0.9999804496765137|NORM=1.4699803614348639e-05
!	O=0.9999772310256958|NORM=8.574421372031793e-06

gibts	NORM=0.9999626874923706|O=2.5018311134772375e-05
noch	O=0.9999319314956665|NORM=6.0216571000637487e-05
jemanden	O=0.9997672438621521|NORM=0.00022071835701353848
der	O=0.9999492168426514|NORM=4.3833901145262644e-05
das	O=0.9984797835350037|NORM=0.0014658579602837563
neue	O=0.9971598386764526|NORM=0.0027641276828944683
design	NORM=0.9893249869346619|O=0.010625912807881832
von	O=0.9999325275421143|NORM=5.253638664726168e-05
Youtube	O=0.9997298121452332|NORM=0.00024926819605752826
nicht	O=0.9999665021896362|NORM=2.1567233488895e-05
mag	O=0.9999691247940063|NORM=2.4270018911920488e-05
?	O=0.9999822378158569|NORM=1.3854800272383727e-05

-	O=0.9978899359703064|NORM=0.0021004360169172287
bei	NORM=0.9283223748207092|O=0.07154044508934021
uns	O=0.9999290704727173|NORM=6.51896552881226e-05
gibt	O=0.9996212720870972|NORM=0.0003664738032966852
s	NORM=0.988349437713623|O=0.01150678750127554
für	O=0.9997702240943909|NORM=0.00021619802282657474
jed	NORM=0.9986847043037415|O=0.0013033852446824312
...	O=0.9998382329940796|NORM=0.00015773886116221547

wie	NORM=0.9982910752296448|O=0.0016879201866686344
spät	O=0.9949856996536255|NORM=0.005005698185414076
morgens	NORM=0.9975484013557434|O=0.0024416442029178143
dann	O=0.9999845027923584|NORM=9.094169399759267e-06
so	O=0.9999364614486694|NORM=4.8863221309147775e-05
?	O=0.9999886751174927|NORM=6.3703164414619096e-06

ich	NORM=0.9833329916000366|O=0.016648055985569954
kann	O=0.9999051094055176|NORM=8.652458200231194e-05
nich	NORM=0.9998778104782104|O=0.00011228019138798118
im	O=0.9999220371246338|NORM=7.372905383817852e-05
forum	NORM=0.8342088460922241|O=0.16549482941627502
suchen	O=0.9999431371688843|NORM=4.8755831812741235e-05
,	O=0.9999408721923828|NORM=5.001475437893532e-05
weil	O=0.9999263286590576|NORM=5.706673618988134e-05
cih	NORM=0.9995371103286743|O=0.00044828513637185097
nich	NORM=0.9997633099555969|O=0.0002270108525408432
angemeldet	O=0.9999599456787109|NORM=3.063324038521387e-05
bin	O=0.999853253364563|NORM=0.00014042352268006653
,	O=0.9999079704284668|NORM=7.797590660629794e-05
ich	O=0.9999752044677734|NORM=2.03034833248239e-05
bekomme	O=0.9997932314872742|NORM=0.00019623071420937777
nen	NORM=0.9998908042907715|O=8.388752758037299e-05
zugriffsrecht-error	O=0.999006450176239|NORM=0.0009728973382152617
%NegSmiley	O=0.9999538660049438|NORM=3.073400512221269e-05

Eine	O=0.9998762607574463|NORM=0.00011039180390071124
Klospuelwette	O=0.8939085602760315|NORM=0.10600191354751587
wird	O=0.9999691247940063|NORM=2.0398752894834615e-05
schon	O=0.9999675750732422|NORM=2.7103333195555024e-05
aufgebaut	O=0.999922513961792|NORM=5.59956424694974e-05
.	O=0.9999823570251465|NORM=1.1379760508134495e-05

%PosSmiley	O=0.9999717473983765|NORM=1.546692510601133e-05
ff	O=0.9981884360313416|NORM=0.0017795446328818798

Türhüpfer	O=0.99625164270401|NORM=0.0037328361067920923
,	O=0.9999837875366211|NORM=1.1050019566027913e-05
Türhopser	O=0.9977091550827026|NORM=0.002266052644699812
,	O=0.9999852180480957|NORM=9.610826054995414e-06
Babyschaukel	O=0.9998574256896973|NORM=0.0001332068641204387
:	O=0.9999876022338867|NORM=9.536847755953204e-06
Haag	O=0.9939736723899841|NORM=0.006015889812260866
am	O=0.9999370574951172|NORM=5.5449476349167526e-05
Hausruck	NORM=0.8932726383209229|O=0.10670273751020432
|	O=0.9999663829803467|NORM=2.692869384190999e-05
Verkaufe	O=0.9997599720954895|NORM=0.00021551256941165775
Tuerhuepfer	O=0.9544966220855713|NORM=0.045437365770339966
fuer	NORM=0.9986692667007446|O=0.001235878560692072
Babys	O=0.9997777342796326|NORM=0.00018261933291796595
-	O=0.9999674558639526|NORM=2.9252829335746355e-05
ist	O=0.9999130964279175|NORM=8.325912494910881e-05
an	O=0.9987735152244568|NORM=0.0011804812820628285
der	O=0.9999278783798218|NORM=6.621970533160493e-05
Tuerzarge	NORM=0.5275066494941711|O=0.4724055230617523
zu	O=0.9998785257339478|NORM=0.00011634010297711939
...	O=0.9999736547470093|NORM=2.3241887902258895e-05

@username	O=0.9998908042907715|NORM=8.508083556080237e-05
oida	NORM=0.9832626581192017|O=0.01671135053038597
die	O=0.9997277855873108|NORM=0.0002615738194435835
Probe	O=0.9996659755706787|NORM=0.0003189219569321722
heut	NORM=0.9997655749320984|O=0.00022140081273391843
hat	O=0.9999561309814453|NORM=3.9878963434603065e-05
sich	O=0.999971866607666|NORM=2.469979881425388e-05
ja	O=0.9999537467956543|NORM=4.089022331754677e-05
ua	NORM=0.9996393918991089|O=0.0003456056583672762
zaaht	NORM=0.9991750121116638|O=0.0008134735398925841
%NegSmiley	O=0.9999648332595825|NORM=1.6254598449449986e-05

