nee	NORM=0.9998217225074768|O=0.00014360818022396415
kmoest	NORM=0.9999141693115234|O=5.0635884690564126e-05
zo	O=0.9998390674591064|NORM=0.00014691356045659631
wijf	O=0.980928361415863|NORM=0.019039912149310112
hebbe	NORM=0.9998393058776855|O=0.00013540485815610737
di	NORM=0.9985861778259277|O=0.0013757095439359546
mimuisj	O=0.9842435121536255|NORM=0.01568305864930153
noemt	O=0.9988306164741516|NORM=0.001147082424722612
kmoet	NORM=0.9999116659164429|O=4.940220242133364e-05
haar	O=0.999396800994873|NORM=0.0005226319190114737
hebbe	NORM=0.9998522996902466|O=0.00011975420056842268

hoe	NORM=0.9993122816085815|O=0.0006190906278789043
heet	O=0.9569063782691956|NORM=0.04305485635995865
'n	NORM=0.9998007416725159|O=0.0001497158664278686
dormouse	NORM=0.9964044094085693|O=0.0034869289956986904
in	O=0.999874472618103|NORM=0.00011279487080173567
't	NORM=0.9998736381530762|O=9.131307160714641e-05
nederlands	O=0.9781931638717651|NORM=0.021740403026342392
?	O=0.9999499320983887|NORM=2.204766497015953e-05
=	O=0.9999544620513916|NORM=2.8107480829930864e-05
't	NORM=0.9995786547660828|O=0.0003805753367487341
'n	NORM=0.9998167157173157|O=0.00014456947974395007
relmuis	NORM=0.6893593668937683|O=0.3104661703109741
?	O=0.999947190284729|NORM=2.5796425688895397e-05

@NielsvandenBerge	O=0.999962329864502|NORM=2.692619636945892e-05
concludeert	O=0.8966923356056213|NORM=0.10315994173288345
verkeerd	O=0.9999337196350098|NORM=5.1594790420494974e-05
te	O=0.9998242259025574|NORM=0.00013515367754735053
zijn	O=0.9997493624687195|NORM=0.0002148999337805435
geinformeerd	O=0.999536395072937|NORM=0.0004216990782879293
inzake	NORM=0.9769583344459534|O=0.022985687479376793
JSF	O=0.999883770942688|NORM=9.678459173301235e-05
nav	O=0.9791879057884216|NORM=0.020765407010912895
cableWikileaks	O=0.9996966123580933|NORM=0.00019449257524684072
.	O=0.999907374382019|NORM=2.7361531465430744e-05
Was	O=0.9998561143875122|NORM=9.213301382260397e-05
wel	O=0.9999549388885498|NORM=3.05939611280337e-05
reden	O=0.9999274015426636|NORM=4.797982910531573e-05
voor	O=0.9999586343765259|NORM=3.161747372359969e-05
debat	O=0.9997559189796448|NORM=0.0001440252672182396
.	O=0.9999217987060547|NORM=2.3723237973172218e-05
Tsja	O=0.9995755553245544|NORM=0.00041343329939991236
,	O=0.9999430179595947|NORM=2.279434738738928e-05
gewoon	O=0.9999209642410278|NORM=6.772580672986805e-05
TEGEN	NORM=0.9990532994270325|O=0.0009057304123416543
dus	O=0.9999264478683472|NORM=4.694549716077745e-05

RT	O=0.9999227523803711|NORM=5.435520870378241e-05
@dekoningjasper	O=0.999964714050293|NORM=2.6449921278981492e-05
:	O=0.9999450445175171|NORM=3.005845792358741e-05
RT	O=0.9999186992645264|NORM=5.646911813528277e-05
@Tess	O=0.9999470710754395|NORM=4.520406582741998e-05
:	O=0.9999502897262573|NORM=2.6678653739509173e-05
@dekoningjasper	O=0.9999672174453735|NORM=2.400749690423254e-05
seeeeerieus	NORM=0.9993882179260254|O=0.0005491298506967723
?	O=0.999935507774353|NORM=3.7533212889684364e-05
oooh	NORM=0.9947808384895325|O=0.005134996958076954
...	O=0.9999127388000488|NORM=3.4784858144121245e-05
¥	NORM=0.9991976618766785|O=0.0007529305876232684
volges	NORM=0.9993516802787781|O=0.000619025609921664
mij	O=0.9997493624687195|NORM=0.00018861284479498863
wel	O=0.9999455213546753|NORM=4.433867798070423e-05
/	O=0.9999388456344604|NORM=4.2649484385037795e-05
Hmm	O=0.9998683929443359|NORM=0.00010407539230072871
okeoke	NORM=0.9998281002044678|O=0.00010911553545156494
onthouden	O=0.9993041753768921|NORM=0.0006062787724658847
ahahah	O=0.9997523427009583|NORM=0.00022687006276100874

@Jorritsma	O=0.9999692440032959|NORM=2.0043182303197682e-05
@dezwarteprinses	O=0.9999591112136841|NORM=3.130237746518105e-05
@wouterhakhoff	O=0.9999665021896362|NORM=2.4609918909845874e-05
er	O=0.9996339082717896|NORM=0.0003458464052528143
zijn	O=0.9992355108261108|NORM=0.0007198918610811234
meer	O=0.9999147653579712|NORM=7.100653601810336e-05
mooie	O=0.9992570281028748|NORM=0.0005887545412406325
lokaties	O=0.9988799691200256|NORM=0.0010510040447115898
hoor	O=0.9994029998779297|NORM=0.0005713250138796866
bv	NORM=0.9550002813339233|O=0.04440801590681076
St.	O=0.991223931312561|NORM=0.008621331304311752
Pietershof	O=0.9994015693664551|NORM=0.00042872302583418787
,	O=0.9998937845230103|NORM=4.286714465706609e-05
hoofdtoren	O=0.9997251629829407|NORM=0.00023778194736223668
,	O=0.9999183416366577|NORM=3.486589412204921e-05
mariatoren	O=0.9996942281723022|NORM=0.000277454819297418
,	O=0.9999091625213623|NORM=3.532079063006677e-05

@Daljoker	O=0.9999653100967407|NORM=1.8233553419122472e-05
uuhrmmprl	NORM=0.9962299466133118|O=0.003738449653610587
.	O=0.9999041557312012|NORM=2.639945705595892e-05
Yoooo	NORM=0.9993171691894531|O=0.0006380909471772611
tnx	O=0.9649611711502075|NORM=0.034974921494722366
.	O=0.9999120235443115|NORM=2.735197813308332e-05
Zl	NORM=0.9461925029754639|O=0.0537000373005867
prbrn	NORM=0.9998370409011841|O=0.00013469117402564734
iets	O=0.9999499320983887|NORM=3.6751662264578044e-05
begr.pnder	NORM=0.9997350573539734|O=0.0002413513429928571
Te	O=0.9996594190597534|NORM=0.00027608664822764695
tweeteren	O=0.9998760223388672|NORM=9.316251816926524e-05
;)	O=0.9999374151229858|NORM=1.7250158634851687e-05

@xOrianaM	O=0.9999549388885498|NORM=2.354542084503919e-05
sorrysorry	O=0.9998934268951416|NORM=8.917813829611987e-05
mijn	O=0.9996696710586548|NORM=0.00024081848096102476
batt	NORM=0.9884480834007263|O=0.011487935669720173
is	O=0.9995342493057251|NORM=0.0004154811904300004
helemaal	O=0.9999412298202515|NORM=4.860495027969591e-05
leegg	NORM=0.9996926784515381|O=0.00025503808865323663
!	O=0.9999059438705444|NORM=4.559519948088564e-05
what	O=0.9869491457939148|NORM=0.012987937778234482
upp	O=0.9996036887168884|NORM=0.0003849934146273881
?	O=0.9999351501464844|NORM=2.0081146431039087e-05

Jaaaaa	NORM=0.9996237754821777|O=0.00032185943564400077
hooor	NORM=0.9994133710861206|O=0.0005153023521415889
!!	O=0.9998194575309753|NORM=7.691774953855202e-05
Is	O=0.9997804760932922|NORM=0.00018385601288173348
wel	O=0.9999018907546997|NORM=8.319500921061262e-05
binnengekopt	O=0.9925670623779297|NORM=0.0073880539275705814
denk	O=0.9999226331710815|NORM=6.262095121201128e-05
ik	O=0.9999309778213501|NORM=5.7159708376275375e-05
..	O=0.9998706579208374|NORM=5.493221033248119e-05
Xja	O=0.998633086681366|NORM=0.0013426156947389245

En	O=0.9997383952140808|NORM=0.0002074477233691141
ja	O=0.9998432397842407|NORM=0.00013752473751083016
,	O=0.9998973608016968|NORM=4.1927101847250015e-05
zo'n	O=0.9997279047966003|NORM=0.0002530688070692122
caramelshake	O=0.9928447604179382|NORM=0.006758068688213825
is	O=0.9995505213737488|NORM=0.00037075733416713774
toch	O=0.9999321699142456|NORM=5.3756895795231685e-05
wel	O=0.9999120235443115|NORM=6.946973007870838e-05
zoet	O=0.999360978603363|NORM=0.0005998318665660918

Ask	NORM=0.9994412064552307|O=0.0005066947778686881
nog	O=0.999880313873291|NORM=0.0001115483173634857
iet	NORM=0.9998683929443359|O=8.640885062050074e-05
weet	O=0.9998270869255066|NORM=0.00015624382649548352
zalk	NORM=0.999828577041626|O=0.00011107823229394853
het	O=0.9997907280921936|NORM=0.00019514931773301214
sture	NORM=0.9995342493057251|O=0.0003817777906078845

Uhm	O=0.99986732006073|NORM=0.00011441712558735162
kwt	NORM=0.9999034404754639|O=5.369791324483231e-05
nog	O=0.999866247177124|NORM=0.00011353807349223644
ni	NORM=0.9998867511749268|O=5.791051444248296e-05
goed	O=0.9998101592063904|NORM=0.00016505489475093782
Xx	O=0.9998401403427124|NORM=0.00013390558888204396

Hehe	O=0.9999299049377441|NORM=4.399248427944258e-05
,	O=0.9999157190322876|NORM=3.479156657704152e-05
okay	O=0.998659610748291|NORM=0.0013016121229156852
,	O=0.9999120235443115|NORM=3.8709447835572064e-05
lama	NORM=0.9982126951217651|O=0.001694559003226459
weten	O=0.9998759031295776|NORM=8.97132049431093e-05
wat	O=0.9999382495880127|NORM=4.870911652687937e-05
je	O=0.9998258948326111|NORM=0.0001377729349769652
doet	O=0.9995008707046509|NORM=0.00037780150887556374
:)	O=0.9998096823692322|NORM=6.561784539371729e-05

mogh	NORM=0.9999003410339355|O=6.431867950595915e-05
kheb	NORM=0.999897837638855|O=6.343577115330845e-05
ne	NORM=0.9991047978401184|O=0.000799953646492213
franchipan	O=0.9470533132553101|NORM=0.052660804241895676
taart	O=0.9963629841804504|NORM=0.003427093615755439
gebakken	O=0.9977797865867615|NORM=0.002128737745806575
enomda	NORM=0.9997925162315369|O=0.00016738710110075772
u	O=0.9998078942298889|NORM=0.00016981226508505642
zo	O=0.9998880624771118|NORM=9.916385170072317e-05
honger	O=0.9996894598007202|NORM=0.00023025186965242028
heeft	O=0.9998281002044678|NORM=0.00015855228411965072
zal	O=0.9998315572738647|NORM=0.00014711728726979345
ik	O=0.9999139308929443|NORM=7.297770935110748e-05
stukje	O=0.9998164772987366|NORM=0.00017182918963953853
geven	O=0.999761164188385|NORM=0.00019308665650896728
goe	NORM=0.9999068975448608|O=5.5090542446123436e-05
cutie	O=0.990865170955658|NORM=0.009078063070774078

@NiekUbachs	O=0.9998881816864014|NORM=9.245962428394705e-05
nope	NORM=0.999847412109375|O=0.00010753816604847088
!	O=0.9999090433120728|NORM=3.055208799196407e-05
Gein	O=0.99669349193573|NORM=0.003250853158533573
idee	O=0.9997879862785339|NORM=0.00015344495477620512
!	O=0.9999027252197266|NORM=2.2409554730984382e-05
Zoag	NORM=0.999894380569458|O=6.859358836663887e-05
dr	NORM=0.9998794794082642|O=7.143717084545642e-05
neet	NORM=0.9998863935470581|O=7.871794514358044e-05
ech	NORM=0.9998890161514282|O=7.168504089349881e-05
gezellig	O=0.9998822212219238|NORM=7.385997014353052e-05
oet	NORM=0.9999018907546997|O=5.6830020184861496e-05
!	O=0.9998972415924072|NORM=2.3714490453130566e-05

Haha	O=0.9996230602264404|NORM=0.00013716676039621234
sgoe	NORM=0.9998513460159302|O=0.00010902860958594829
cva	NORM=0.9979003667831421|O=0.0020060737151652575

jaa	NORM=0.9999040365219116|O=6.489798397524282e-05
srry	NORM=0.9997729659080505|O=0.00019586572307161987
kheb	NORM=0.9996780157089233|O=0.0002773799642454833
da	NORM=0.9998121857643127|O=0.00015545569476671517
nooit	O=0.9994044303894043|NORM=0.0004536707419902086
gekunnen	O=0.9160953164100647|NORM=0.08363273739814758
en	O=0.9999178647994995|NORM=6.690913141937926e-05
kga	NORM=0.9998902082443237|O=7.820672180969268e-05
da	NORM=0.9998278617858887|O=0.00013579189544543624
nooit	O=0.999890923500061|NORM=8.973603689810261e-05
kunnen	O=0.9994705319404602|NORM=0.00047178377280943096
ook	O=0.9998282194137573|NORM=0.00014322162314783782
xd	O=0.9998369216918945|NORM=0.00014613784151151776

Ik	O=0.9997709393501282|NORM=0.00014236423885449767
wil	O=0.9999163150787354|NORM=6.0256588767515495e-05
mss	NORM=0.9998218417167664|O=0.0001527587737655267
wel	O=0.9999500513076782|NORM=3.884912439389154e-05
ff	NORM=0.9993302822113037|O=0.0006146776722744107
,	O=0.9999181032180786|NORM=2.8406191631802358e-05
ma	NORM=0.9998681545257568|O=9.765412687556818e-05
laat	O=0.9999138116836548|NORM=6.109190871939063e-05
nog	O=0.9998507499694824|NORM=0.00011222063767490909
wel	O=0.9999434947967529|NORM=4.409342727740295e-05
iets	O=0.9998706579208374|NORM=0.00010225777805317193
weten	O=0.9998399019241333|NORM=0.00010386887151980773
.	O=0.9999063014984131|NORM=2.9710063245147467e-05
:)	O=0.9999483823776245|NORM=1.8205477317678742e-05
Xx	O=0.9999610185623169|NORM=2.463197051838506e-05

RT	O=0.9999399185180664|NORM=3.6720713978866115e-05
@AntiboyJurvii	O=0.9999575614929199|NORM=2.297906939929817e-05
:	O=0.9999359846115112|NORM=2.0087063603568822e-05
Kseg	NORM=0.99981290102005|O=0.0001480637729400769
jj	NORM=0.9994012117385864|O=0.0005617357674054801
eerlijk	O=0.9999275207519531|NORM=5.220837556407787e-05
ik	O=0.9999396800994873|NORM=4.9060425226343796e-05
kijk	O=0.9999157190322876|NORM=4.524379619397223e-05
gwn	NORM=0.9998685121536255|O=9.639347263146192e-05
nickelodeon	O=0.9998831748962402|NORM=9.623680671211332e-05
en	O=0.9999465942382812|NORM=3.843606464215554e-05
disneyxd	O=0.9475358724594116|NORM=0.0523928627371788
.	O=0.9999371767044067|NORM=2.1627445676131174e-05
#kangwn	O=0.9984857439994812|NORM=0.0014719970058649778
»	O=0.9998204112052917|NORM=0.00010722506704041734
hahaha	O=0.99996018409729|NORM=1.7604552340344526e-05

Transfers	O=0.99982088804245|NORM=0.0001237027463503182
van	O=0.9998470544815063|NORM=9.760746615938842e-05
#vancrombrugge	O=0.9999593496322632|NORM=2.4986993594211526e-05
vind	O=0.6787095665931702|NORM=0.32105743885040283
k	NORM=0.9998205304145813|O=0.00014407960406970233
een	O=0.9999409914016724|NORM=4.908758637611754e-05
goede	O=0.9999173879623413|NORM=4.955504118697718e-05
zaak	O=0.999927282333374|NORM=6.248946010600775e-05
als	O=0.9999352693557739|NORM=4.63322940049693e-05
ze	O=0.9999223947525024|NORM=5.2880375733366236e-05
Didilion	O=0.9975749850273132|NORM=0.0017718021990731359
verkopen	O=0.9997010827064514|NORM=0.00017365565872751176
.	O=0.9999063014984131|NORM=3.053630643989891e-05
Roef	O=0.9998879432678223|NORM=7.71515115047805e-05
en	O=0.9999411106109619|NORM=3.2887153793126345e-05
Van	O=0.9999244213104248|NORM=5.095039523439482e-05
Crombrugge	O=0.999950647354126|NORM=3.9418580854544416e-05
moeten	O=0.9996542930603027|NORM=0.00022433308186009526
de	O=0.9999239444732666|NORM=6.363605643855408e-05
concurrentie	O=0.9998900890350342|NORM=8.490326581522822e-05
maar	O=0.9999037981033325|NORM=7.998869841685519e-05
aangaan	O=0.9998923540115356|NORM=8.505566802341491e-05
al	O=0.9999113082885742|NORM=7.812399417161942e-05
denk	O=0.9997236132621765|NORM=0.0002539516135584563
k	NORM=0.9998301267623901|O=0.00013776708510704339
wel	O=0.9999520778656006|NORM=3.664478936116211e-05
voor	O=0.9999581575393677|NORM=3.346543962834403e-05
Kompany	O=0.9993322491645813|NORM=0.0006252459716051817
zijn	O=0.9998801946640015|NORM=0.00010990774899255484
systeem	O=0.9998007416725159|NORM=0.00017914372438099235
de	O=0.9998962879180908|NORM=9.602473437553272e-05
Eupense	O=0.9995484948158264|NORM=0.00041648701881058514
doelman	O=0.99982088804245|NORM=0.00013485660019796342
de	O=0.9999186992645264|NORM=7.20075549907051e-05
betere	O=0.9999014139175415|NORM=8.695598808117211e-05
voeten	O=0.9998667240142822|NORM=0.00011916840594494715
heeft	O=0.999891996383667|NORM=7.906583050498739e-05
tov	NORM=0.9998158812522888|O=0.0001473556476412341
Roef	O=0.9998382329940796|NORM=0.0001184032007586211
.	O=0.9999067783355713|NORM=3.0291894290712662e-05
Wachten	O=0.9996675252914429|NORM=0.00031409604707732797
op	O=0.9999485015869141|NORM=4.0404916944680735e-05
de	O=0.9999219179153442|NORM=6.536393630085513e-05
officiële	O=0.9999504089355469|NORM=2.7819782189908437e-05
aankondiging	O=0.9998086094856262|NORM=0.00012023450108245015
vd	NORM=0.9998457431793213|O=0.00011189359793206677
transfer	O=0.9996908903121948|NORM=0.00021686457330361009

kzal	NORM=0.9999027252197266|O=5.415873965830542e-05
em	NORM=0.9998767375946045|O=8.396230987273157e-05
eens	O=0.9998972415924072|NORM=8.092503412626684e-05
tss	NORM=0.9998906850814819|O=7.661106792511418e-05
de	O=0.999799907207489|NORM=0.00018025115423370153
favo's	O=0.995442271232605|NORM=0.00450911745429039
uithale	NORM=0.9995713829994202|O=0.00038542732363566756

Malle	NORM=0.6392067670822144|O=0.3606593608856201
babbe	NORM=0.966596782207489|O=0.033189527690410614
!	O=0.9998223185539246|NORM=5.726135350414552e-05
Niet	O=0.9998568296432495|NORM=9.760916873347014e-05
supa	NORM=0.9993230104446411|O=0.0006101882318034768
,	O=0.9998613595962524|NORM=4.681324207922444e-05
maar	O=0.9998714923858643|NORM=0.00010857228335225955
gaat	O=0.9996803998947144|NORM=0.00024381786352023482
wel	O=0.9999629259109497|NORM=2.681121441128198e-05
...	O=0.999804675579071|NORM=5.394312756834552e-05
x	O=0.9999426603317261|NORM=2.6028998036053963e-05

Nogal	O=0.9996180534362793|NORM=0.00032948204898275435
.	O=0.9998348951339722|NORM=5.007368963561021e-05
:p	O=0.9999287128448486|NORM=4.524390897131525e-05
kheb	NORM=0.9998563528060913|O=9.937125287251547e-05
met	O=0.9998200535774231|NORM=0.00014997614198364317
mn	NORM=0.9997459053993225|O=0.00021056365221738815
facebookintegratie	O=0.9991968274116516|NORM=0.00067911233054474
mss	NORM=0.999678373336792|O=0.00029400005587376654
wat	O=0.9998714923858643|NORM=9.984269127016887e-05
overdreven	O=0.9992795586585999|NORM=0.0006865956238470972
.	O=0.9998600482940674|NORM=4.467158214538358e-05
:D	O=0.9999449253082275|NORM=2.6439913199283183e-05

@DDaanV	O=0.9999653100967407|NORM=2.439623676764313e-05
ahaha	O=0.9963447451591492|NORM=0.0035861770156770945
nogsteeds	NORM=0.9946364760398865|O=0.005326177924871445
niet	O=0.9998939037322998|NORM=9.512270480627194e-05
gvd	NORM=0.9990227222442627|O=0.0009506684727966785
xD	O=0.9998433589935303|NORM=7.164807902881876e-05
mja	NORM=0.9904550909996033|O=0.009496710263192654
een	O=0.999861478805542|NORM=0.00012787702144123614
cordonbleu	O=0.9843742251396179|NORM=0.01556301862001419
dinges	NORM=0.9485958814620972|O=0.05127416551113129
is	O=0.9997339844703674|NORM=0.0002459480019751936
ook	O=0.9999350309371948|NORM=5.407584467320703e-05
lkkr	NORM=0.9998428821563721|O=0.00012752537440974265
=p	O=0.9997233748435974|NORM=0.00021947994537185878

@confusedarend	O=0.9999468326568604|NORM=4.470546264201403e-05
@clinelawton1	O=0.9999080896377563|NORM=7.224182627396658e-05
Oleeee	NORM=0.8538899421691895|O=0.14600762724876404
jullie	O=0.999638557434082|NORM=0.0003342287091072649
denken	O=0.9998418092727661|NORM=0.00012753302871715277
ik	O=0.9999208450317383|NORM=6.641516665695235e-05
ben	O=0.9995755553245544|NORM=0.00038284892798401415
serieus	O=0.9977881908416748|NORM=0.0021817516535520554
bezig	O=0.9999141693115234|NORM=7.39288589102216e-05
allee	NORM=0.9997195601463318|O=0.00025298583204858005
moat	NORM=0.996715784072876|O=0.00324738840572536
zen	NORM=0.9940690994262695|O=0.005877277813851833
kik	NORM=0.9658297300338745|O=0.03409691900014877
moar	NORM=0.9985734224319458|O=0.0014001919189468026
wa	NORM=0.9998359680175781|O=0.00014508345338981599
aant	NORM=0.999771773815155|O=0.0001921300427056849
lachen	O=0.9997199177742004|NORM=0.00024944718461483717
he	O=0.9998471736907959|NORM=0.00014083023415878415
mag	O=0.9971703886985779|NORM=0.0028146186377853155
da	NORM=0.9998390674591064|O=0.0001306513004237786
na	NORM=0.9949483871459961|O=0.005014569964259863
oek	NORM=0.9998103976249695|O=0.00015599258767906576
nie	NORM=0.9998527765274048|O=0.00011742849164875224
meer	O=0.9998915195465088|NORM=0.0001014125591609627
fw	O=0.641680896282196|NORM=0.3582302927970886
ahhaha	O=0.9999077320098877|NORM=8.26673349365592e-05
alleee	NORM=0.998677670955658|O=0.0012886569602414966
en	O=0.9998762607574463|NORM=0.00011435900523792952
“	O=0.9998119473457336|NORM=0.0001265931350644678
saus	O=0.9989909529685974|NORM=0.0009657600894570351
”	O=0.9998986721038818|NORM=8.32750738481991e-05
allee	NORM=0.999471127986908|O=0.000502932642120868
wa	NORM=0.9992566704750061|O=0.0007225300068967044
dis	NORM=0.9992114305496216|O=0.0007568823057226837
da	NORM=0.9995436072349548|O=0.0004298124404158443
na	O=0.6666834354400635|NORM=0.33317360281944275
voor	O=0.9997954964637756|NORM=0.00019513758888933808
nen	NORM=0.9998039603233337|O=0.00016464055806864053
kut	O=0.9980902075767517|NORM=0.0018305075354874134
woord	O=0.9997294545173645|NORM=0.00022816412092652172

@SashaMBVBA	O=0.999950647354126|NORM=3.8691934605594724e-05
@clinelawton1	O=0.9999103546142578|NORM=7.124206604203209e-05
eh	O=0.9985373020172119|NORM=0.0014264275087043643
rustig	O=0.9995986819267273|NORM=0.0003887175116688013
stoemn	NORM=0.9997387528419495|O=0.00018207903485745192
hoerenkind	O=0.9996546506881714|NORM=0.0003330990148242563
is	O=0.9997034668922424|NORM=0.00026221908046863973
een	O=0.9998414516448975|NORM=0.0001274815440410748
fel	O=0.9998623132705688|NORM=0.00011781974899349734
woord	O=0.9997642636299133|NORM=0.00018009645282290876
moar	NORM=0.9879305362701416|O=0.012003407813608646
euhm	O=0.998292863368988|NORM=0.0016844873316586018
verbergt	O=0.9988119602203369|NORM=0.0011310408590361476
het	O=0.999861478805542|NORM=0.00011975518282270059
feit	O=0.9995936751365662|NORM=0.00038584746653214097
nie	NORM=0.999817430973053|O=0.00010952679440379143
da	NORM=0.9998250603675842|O=0.00013281451538205147
je	O=0.9997156262397766|NORM=0.0002558078267611563
da	NORM=0.9998156428337097|O=0.00013497938925866038
kan	O=0.9997325539588928|NORM=0.000246344628976658
en	O=0.9999204874038696|NORM=7.190749602159485e-05
of	O=0.9999271631240845|NORM=6.643947563134134e-05
verstaat	O=0.998896598815918|NORM=0.0009406356839463115
eh	O=0.9998577833175659|NORM=0.0001249122724402696
dus	O=0.9998892545700073|NORM=9.326713188784197e-05

kzal	NORM=0.9998811483383179|O=5.999134373269044e-05
deze	O=0.999735414981842|NORM=0.0002245674841105938
middag	O=0.9977317452430725|NORM=0.0021590448450297117
belln	NORM=0.9998350143432617|O=0.00011865070700878277

Sava	NORM=0.9942808151245117|O=0.0055862595327198505
,	O=0.9998101592063904|NORM=6.227696576388553e-05
stuur	O=0.9993914365768433|NORM=0.00046778679825365543
die	O=0.9995750784873962|NORM=0.00035451192525215447
dag	O=0.9996896982192993|NORM=0.00027427764143794775
nog	O=0.9997393488883972|NORM=0.0002173140092054382
ff	NORM=0.998392641544342|O=0.0014788588741794229

Annelien	O=0.9998108744621277|NORM=0.00016242246783804148
,	O=0.9998866319656372|NORM=4.239296686137095e-05
Inne	NORM=0.9975825548171997|O=0.0023635285906493664
,	O=0.9999139308929443|NORM=3.3046504540834576e-05
moeten	O=0.9996095299720764|NORM=0.00027662445791065693
wij	O=0.9998430013656616|NORM=0.0001135424681706354
slaapplaats	O=0.9998051524162292|NORM=0.00017023547843564302
voorzien	O=0.9998444318771362|NORM=0.00010309139906894416
voor	O=0.9998897314071655|NORM=8.558408444514498e-05
de	O=0.9998401403427124|NORM=0.00013923777441959828
kindjes	O=0.9996987581253052|NORM=0.0002834301849361509
vnvnd	NORM=0.9998608827590942|O=9.580363257555291e-05
?	O=0.9999449253082275|NORM=2.1198760805418715e-05

zeg	NORM=0.9995837807655334|O=0.0003644977114163339
oe	NORM=0.9998606443405151|O=7.453966827597469e-05
komt	O=0.9994723200798035|NORM=0.0005001993267796934
da	NORM=0.999874472618103|O=6.664792454103008e-05
jullie	O=0.9998959302902222|NORM=7.883055513957515e-05
bij	O=0.9999145269393921|NORM=7.55622677388601e-05
ons	O=0.9999071359634399|NORM=7.577033102279529e-05
nt	NORM=0.9996262788772583|O=0.00020784501975867897
komen	O=0.9997298121452332|NORM=0.00023112756025511771
dweilen	O=0.9993696808815002|NORM=0.0006119405734352767
?	O=0.9999395608901978|NORM=1.984342270588968e-05

Pfffft	O=0.9966609477996826|NORM=0.003234920557588339
,	O=0.9998948574066162|NORM=3.5700555599760264e-05
kweet	NORM=0.9996448755264282|O=0.00032461501541547477
ni	NORM=0.9998539686203003|O=7.648926111869514e-05
gisteren	O=0.9995494484901428|NORM=0.0004268025222700089
en	O=0.9999096393585205|NORM=7.182680565165356e-05
vandaag	O=0.9998652935028076|NORM=0.00010552506137173623
gaat	O=0.9998966455459595|NORM=8.492974302498624e-05
het	O=0.9998695850372314|NORM=0.0001225237501785159
blokken	NORM=0.8271058201789856|O=0.17278483510017395
niet	O=0.9998886585235596|NORM=8.411318412981927e-05
...	O=0.9998489618301392|NORM=5.27666270500049e-05

kga	NORM=0.9998540878295898|O=6.452009984059259e-05
ne	NORM=0.9995273351669312|O=0.0003126969386357814
keer	O=0.9998688697814941|NORM=0.00010979273793054745
fb	O=0.9930639863014221|NORM=0.006566497031599283
chekken	O=0.9970406889915466|NORM=0.0028637321665883064
,	O=0.9999185800552368|NORM=2.7778070943895727e-05
brb	O=0.9960795044898987|NORM=0.003887389786541462

Vant	NORM=0.9999157190322876|O=5.301221244735643e-05
weekend	O=0.9952179789543152|NORM=0.004750249441713095
nr	NORM=0.9997987151145935|O=0.0001692732475930825
travestieteshow	O=0.9986889958381653|NORM=0.0012382316635921597
gaan	O=0.9980342984199524|NORM=0.0013173185288906097
zien	O=0.9998354911804199|NORM=9.701805538497865e-05
;	O=0.9998947381973267|NORM=5.2619187044911087e-05
strijkliggen	O=0.9991984963417053|NORM=0.0007360499002970755
gwn	NORM=0.9998243451118469|O=0.00014690942771267146
:D	O=0.9999433755874634|NORM=3.330153049319051e-05

me	NORM=0.9998557567596436|O=9.682415839051828e-05
too	NORM=0.995180606842041|O=0.004656730219721794
brb	O=0.8477598428726196|NORM=0.15200892090797424
:d	O=0.999824583530426|NORM=0.00012420868733897805
kga	NORM=0.9999237060546875|O=3.5831475543091074e-05
menne	NORM=0.99989914894104|O=6.406669126590714e-05
hond	O=0.9801848530769348|NORM=0.01969071477651596
te	O=0.9994432330131531|NORM=0.0004773811961058527
slape	NORM=0.9998598098754883|O=9.062360186362639e-05
legge	NORM=0.9994872808456421|O=0.0004782734904438257
:p	O=0.9993054866790771|NORM=0.0005283840582706034

khb	NORM=0.9998832941055298|O=8.30642384244129e-05
gn	NORM=0.999869704246521|O=9.55177383730188e-05
geld	O=0.9998227953910828|NORM=0.00013416248839348555
meet	O=0.9970629811286926|NORM=0.002901986474171281

@TanyaHoogwerf	O=0.9999423027038574|NORM=3.6620393075281754e-05
Respect	O=0.9999028444290161|NORM=7.064757664920762e-05
voor	O=0.9999446868896484|NORM=4.541279486147687e-05
je	O=0.9999054670333862|NORM=6.43821622361429e-05
rust	O=0.9998642206192017|NORM=9.786192822502926e-05
en	O=0.9999133348464966|NORM=6.941703031770885e-05
professionaliteit	O=0.9998020529747009|NORM=0.000166372032254003
vanavond	O=0.9998038411140442|NORM=0.00016221869736909866
!	O=0.9999003410339355|NORM=2.8763257432729006e-05
Wat	O=0.999937891960144|NORM=4.504760727286339e-05
'n	NORM=0.9969724416732788|O=0.002823758404701948
vertoning	O=0.9997147917747498|NORM=0.00020166250760667026
,	O=0.9999383687973022|NORM=2.4634819055791013e-05
3	O=0.999613344669342|NORM=0.00020811764989048243
hysterische	O=0.9996836185455322|NORM=0.00026998252724297345
types	O=0.9994463324546814|NORM=0.0005049152532592416
tegen	O=0.9997796416282654|NORM=0.00015421576972585171
1,	O=0.999832272529602|NORM=0.00010321941954316571
én	NORM=0.9981967806816101|O=0.0017372271977365017
een	O=0.9998928308486938|NORM=9.010649955598637e-05
slecht	O=0.9998928308486938|NORM=6.393602961907163e-05
leidende	O=0.9998179078102112|NORM=0.0001596997317392379
presentator	O=0.999721109867096|NORM=0.00019554520258679986
,	O=0.9999234676361084|NORM=3.186637331964448e-05
die	O=0.9998711347579956|NORM=9.328608575742692e-05
tot	O=0.9999277591705322|NORM=6.555965956067666e-05
overmaat	O=0.9918079972267151|NORM=0.008164694532752037
van	O=0.9999079704284668|NORM=8.338265615748242e-05
ramp	O=0.9998551607131958|NORM=0.00011517528037074953
3x	NORM=0.9985905289649963|O=0.0013483561342582107
ingreep	O=0.9984036087989807|NORM=0.0015313948970288038
als	O=0.999925971031189|NORM=6.115036376286298e-05
je	O=0.9998903274536133|NORM=9.488771320320666e-05
éindelijk	NORM=0.9995608925819397|O=0.0004038916085846722
het	O=0.9999265670776367|NORM=6.156997551443055e-05
woord	O=0.9998106360435486|NORM=0.00011761719360947609
nam	O=0.9995643496513367|NORM=0.00024854333605617285
,	O=0.9998940229415894|NORM=4.047054972033948e-05
maar	O=0.999850869178772|NORM=0.00012609944678843021
deze	O=0.9999163150787354|NORM=7.115979678928852e-05
gaf	O=0.9997227787971497|NORM=0.00019463125499896705
aan	O=0.9999585151672363|NORM=3.531559559633024e-05
de	O=0.9999138116836548|NORM=7.497189653804526e-05
3	O=0.9999047517776489|NORM=6.909629883011803e-05
die	O=0.9998863935470581|NORM=8.128599438350648e-05
constant	O=0.9998916387557983|NORM=8.409001748077571e-05
aan	O=0.9999451637268066|NORM=4.408832683111541e-05
het	O=0.9998973608016968|NORM=9.030682849697769e-05
woord	O=0.9998438358306885|NORM=0.00010302381997462362
wáren	O=0.833916187286377|NORM=0.1659802347421646
.	O=0.9998964071273804|NORM=3.417310654185712e-05

@NielsWinter	O=0.9999641180038452|NORM=2.094447881972883e-05
Ik	O=0.9999176263809204|NORM=6.015469625708647e-05
schrief	O=0.9995245933532715|NORM=0.0004603700654115528
um	NORM=0.998909592628479|O=0.0010404663626104593
vas	NORM=0.9937753677368164|O=0.0061340006068348885
op	O=0.999963641166687|NORM=2.6747333322418854e-05
.	O=0.9999250173568726|NORM=2.7647871320368722e-05
Binnekort	NORM=0.9566676020622253|O=0.043232716619968414
euverleg	NORM=0.8764450550079346|O=0.12340812385082245
met	O=0.9999270439147949|NORM=6.385668530128896e-05
mede	NORM=0.998365581035614|O=0.0016018376918509603
investeerder	O=0.9990266561508179|NORM=0.000958718010224402
@renedekievit	O=0.9999662637710571|NORM=2.2121552319731563e-05

En	O=0.828500509262085|NORM=0.17107972502708435
?	O=0.9999240636825562|NORM=4.799696398549713e-05
Had	O=0.9984539747238159|NORM=0.001453244243748486
lientje	NORM=0.9701981544494629|O=0.029516031965613365
nog	O=0.9999284744262695|NORM=5.642585165333003e-05
toffe	NORM=0.9549445509910583|O=0.044903650879859924
kado	NORM=0.9996296167373657|O=0.00032761588227003813
ideetjes	O=0.5888060331344604|NORM=0.4109421968460083
?	O=0.9999346733093262|NORM=3.001554978254717e-05
Zoen	O=0.998879611492157|NORM=0.001099401037208736

kmoe	NORM=0.9998925924301147|O=5.174339821678586e-05
toch	O=0.999900221824646|NORM=7.922000077087432e-05
ni	NORM=0.9998873472213745|O=6.248643330764025e-05
oal	NORM=0.9998726844787598|O=7.56221852498129e-05
tzelfde	NORM=0.9995707869529724|O=0.000392480957088992
zeggn	NORM=0.9998805522918701|O=7.958319474710152e-05
daj	NORM=0.9998549222946167|O=0.00010529367136768997
gie	NORM=0.9985733032226562|O=0.001384670496918261
zegt	O=0.9998742341995239|NORM=0.00010071224824059755
:p	O=0.999207079410553|NORM=0.0004905330715700984

@DDaanV	O=0.9999583959579468|NORM=2.9293072657310404e-05
kga	NORM=0.9999260902404785|O=3.710248347488232e-05
morge	NORM=0.9999008178710938|O=6.108738307375461e-05
ff	NORM=0.9996217489242554|O=0.0003331191837787628
kijke	NORM=0.9999102354049683|O=5.6354365369770676e-05
=p	O=0.9987003803253174|NORM=0.0010155034251511097

kmoe	NORM=0.9998847246170044|O=6.082098843762651e-05
het	O=0.9998921155929565|NORM=9.24407722777687e-05
nie	NORM=0.9995794892311096|O=0.00025004398776218295
weten	O=0.9998075366020203|NORM=0.00011800354695878923
fugetive	NORM=0.9998636245727539|O=0.00010100069630425423
me	O=0.9998910427093506|NORM=8.011770114535466e-05
vuilbakke	NORM=0.9932581186294556|O=0.006704290863126516
moeete	NORM=0.999863862991333|O=0.00010002795897889882
goe	NORM=0.999902606010437|O=5.9557623899308965e-05
dicht	O=0.9999135732650757|NORM=5.797451376565732e-05
zijn	O=0.9997847676277161|NORM=0.00018629281839821488
:p	O=0.9998371601104736|NORM=9.482693712925538e-05

Kunt	O=0.9982340335845947|NORM=0.0016785736661404371
maar	O=0.999748170375824|NORM=0.00021779208327643573
zien	O=0.9998142123222351|NORM=0.0001364714844385162
daje	NORM=0.9979721903800964|O=0.0019921408966183662
wint	NORM=0.754152238368988|O=0.24570664763450623
;p	O=0.9998725652694702|NORM=0.00010252797073917463

Kzie	NORM=0.9999107122421265|O=4.7914050810504705e-05
u	O=0.9998862743377686|NORM=7.463098881999031e-05
ni	NORM=0.9998944997787476|O=6.121296610217541e-05
,	O=0.999870777130127|NORM=3.120114342891611e-05
tis	NORM=0.9997268319129944|O=0.0002247733937110752
toch	O=0.9999542236328125|NORM=3.427234696573578e-05
stapletons	NORM=0.9998631477355957|O=0.00010429304529679939
he	O=0.9999353885650635|NORM=3.341056435601786e-05

swat	NORM=0.9998534917831421|O=8.968672773335129e-05
zielig	O=0.9997438788414001|NORM=0.00024079318973235786
doen	O=0.9995195865631104|NORM=0.0003752257616724819
ofni	O=0.6640443801879883|NORM=0.3358336389064789
:p	O=0.9998948574066162|NORM=8.234453707700595e-05
zou	O=0.9999018907546997|NORM=8.658307342557237e-05
het	O=0.9998641014099121|NORM=0.00011825605179183185
wel	O=0.9999451637268066|NORM=4.503573654801585e-05
wete	NORM=0.999860405921936|O=8.661804895382375e-05
moestet	NORM=0.999782383441925|O=0.00019570511358324438
erop	O=0.9999407529830933|NORM=5.274339491734281e-05
aan	O=0.9998683929443359|NORM=0.00012184915249235928
kome	NORM=0.9993682503700256|O=0.0005989344790577888
:p	O=0.9998514652252197|NORM=0.00011352578439982608

@UgbaadKilincci	O=0.9999339580535889|NORM=3.975789149990305e-05
Geeft	O=0.9990198612213135|NORM=0.0009251770679838955
niks	O=0.9997966885566711|NORM=0.00015839087427593768
,	O=0.9998865127563477|NORM=3.8575388316530734e-05
gaaop	NORM=0.9997722506523132|O=0.0001824816717999056
je	O=0.9995735287666321|NORM=0.00039829505840316415
zitten	O=0.9996941089630127|NORM=0.0002477151283528656
tot	O=0.9998636245727539|NORM=0.00011252278636675328
de	O=0.9998576641082764|NORM=0.00012912467354908586
iftar	O=0.9142990708351135|NORM=0.08549898117780685
politie	O=0.9995385408401489|NORM=0.0004162690311204642
komt	O=0.9998598098754883|NORM=0.00011421064118621871
en	O=0.9998823404312134|NORM=9.174139995593578e-05
zegt	O=0.9993754029273987|NORM=0.0004023294022772461
dit	O=0.9997721314430237|NORM=0.00014561113493982702
is	O=0.9994885921478271|NORM=0.0004504788084886968
de	O=0.9998533725738525|NORM=0.00012824713485315442
verkeerde	O=0.9996663331985474|NORM=0.00028500796179287136
heb	O=0.9987616539001465|NORM=0.001156952348537743
je	O=0.9994089603424072|NORM=0.0005312915309332311
tog	NORM=0.999845027923584|O=0.0001231290225405246
ff	NORM=0.9997841715812683|O=0.00018215765885543078
tien	O=0.9993002414703369|NORM=0.0005884344573132694
minuten	O=0.9993639588356018|NORM=0.0005601797602139413
oflanger	NORM=0.9989120960235596|O=0.0010487008839845657
in	O=0.9997982382774353|NORM=0.00016992902965284884
de	O=0.9998210072517395|NORM=0.00016250036424025893
stront	O=0.9991311430931091|NORM=0.0008410430746152997
gelegen	O=0.9995965361595154|NORM=0.0003082828479819

kzal	NORM=0.9998906850814819|O=6.379143451340497e-05
wel	O=0.9999440908432007|NORM=3.8050682633183897e-05
zien	O=0.9998012185096741|NORM=0.00012057970889145508
zeker	O=0.9999467134475708|NORM=3.695045961649157e-05
:)	O=0.9998422861099243|NORM=4.8919788241619244e-05
kzie	NORM=0.9998997449874878|O=6.219202623469755e-05
em	NORM=0.9998878240585327|O=7.876597373979166e-05
wel	O=0.9999561309814453|NORM=3.177200778736733e-05
graag	O=0.9999191761016846|NORM=5.405570482253097e-05
mr	NORM=0.999630331993103|O=0.00033854227513074875
tis	O=0.5409286618232727|NORM=0.458746075630188
gwn	NORM=0.9996490478515625|O=0.00031367651536129415
njh	NORM=0.9416927099227905|O=0.05815896764397621
kweni	NORM=0.5043784379959106|O=0.4953794777393341
:s	O=0.9999266862869263|NORM=4.217259629513137e-05

kzen	NORM=0.9998948574066162|O=6.24160238658078e-05
effe	NORM=0.9998774528503418|O=9.189576667267829e-05
brb	O=0.991876482963562|NORM=0.007999691180884838
e	O=0.9699843525886536|NORM=0.029943883419036865
kleine	O=0.9992868304252625|NORM=0.000701511453371495
eeft	NORM=0.9994839429855347|O=0.0004963955725543201
me	O=0.999803364276886|NORM=0.0001734395482344553
effe	NORM=0.9998997449874878|O=5.806550325360149e-05
vandoen	NORM=0.7617713212966919|O=0.2381216585636139

@MerelMilou	O=0.9999525547027588|NORM=3.424902388360351e-05
En	O=0.999370276927948|NORM=0.0006145135266706347
waaaaar	NORM=0.9983394145965576|O=0.0013124051038175821
gaaaa	NORM=0.9992479681968689|O=0.0007189749157987535
jeee	NORM=0.956389844417572|O=0.04353480413556099
heeeeeeen	NORM=0.9927746057510376|O=0.007175165694206953
op	O=0.9994599223136902|NORM=0.0005314926966093481
vaaaaakaaaaantiiiieeeeeee	NORM=0.9961673617362976|O=0.0037922190967947245
???!!!	O=0.9999171495437622|NORM=4.8875604989007115e-05

Kheb	NORM=0.9998992681503296|O=4.6042914618737996e-05
nu	O=0.9991589784622192|NORM=0.0007828017696738243
wel	O=0.9999209642410278|NORM=6.7671193392016e-05
ni	NORM=0.9998571872711182|O=8.699278987478465e-05
echt	O=0.9998704195022583|NORM=0.00011100175470346585
honger	O=0.9998230338096619|NORM=0.00011727312812581658
eig	NORM=0.9998703002929688|O=7.848378299968317e-05

Bbq	O=0.7188175320625305|NORM=0.28104475140571594
doen	O=0.9998693466186523|NORM=6.409282650565729e-05
we	O=0.9999366998672485|NORM=3.695354098454118e-05
mee	O=0.9999161958694458|NORM=5.500595580087975e-05
.	O=0.9999223947525024|NORM=2.2956666725804098e-05
Geocache	O=0.9981580376625061|NORM=0.0016574657056480646
waarschijnlijk	O=0.9999382495880127|NORM=2.8031778128934093e-05
niet	O=0.9999136924743652|NORM=4.193770655547269e-05
.	O=0.9999183416366577|NORM=2.2578667994821444e-05

Kmag	NORM=0.9998821020126343|O=7.11929242243059e-05
straks	O=0.9997853636741638|NORM=0.000144913763506338
mn	NORM=0.9997784495353699|O=0.00016264134319499135
attest	O=0.9997081160545349|NORM=0.00017795618623495102
voor	O=0.9999363422393799|NORM=4.576670835376717e-05
mn	NORM=0.9998067021369934|O=0.00013817055150866508
medicatie	O=0.9993898868560791|NORM=0.0005196896963752806
ophalen	O=0.9999277591705322|NORM=4.675419768318534e-05
.	O=0.9999030828475952|NORM=2.4843879145919345e-05
:)	O=0.9999406337738037|NORM=1.4846921658318024e-05

Hoe's	NORM=0.9989151954650879|O=0.0010391022078692913
't	NORM=0.9997003078460693|O=0.00023156858514994383
in	O=0.9999186992645264|NORM=6.522305920952931e-05
T-zuid	O=0.9997729659080505|NORM=0.00021061052393633872
?	O=0.9999134540557861|NORM=2.6551600967650302e-05
Ist_gezellie?	O=0.9999428987503052|NORM=2.7073419914813712e-05
Ist	NORM=0.9996947050094604|O=0.00026710002566687763
gezellie	NORM=0.9966365098953247|O=0.0032890618313103914
?	O=0.9999344348907471|NORM=2.279699947393965e-05

Zal	O=0.9997038245201111|NORM=0.0002219649322796613
niet	O=0.9998959302902222|NORM=7.395141437882558e-05
lukken	O=0.9995871186256409|NORM=0.0003741003747563809
voor	O=0.9999517202377319|NORM=3.8835223676869646e-05
vnvnd	NORM=0.9997547268867493|O=0.00021950146765448153
.	O=0.9999159574508667|NORM=2.7243215299677104e-05
Netcom	O=0.8586260080337524|NORM=0.14125795662403107
wel	O=0.9999654293060303|NORM=2.4575227143941447e-05
he	O=0.9999284744262695|NORM=4.761780292028561e-05
.	O=0.9999217987060547|NORM=2.427190338494256e-05

Hey	O=0.9999349117279053|NORM=5.0466562242945656e-05
iedereen	O=0.9999572038650513|NORM=3.0167058866936713e-05
,	O=0.9999403953552246|NORM=2.4933529857662506e-05
effe	NORM=0.999869704246521|O=7.37523369025439e-05
graag	O=0.9999412298202515|NORM=4.72069441457279e-05
compleet	O=0.9999332427978516|NORM=5.8710989833343774e-05
adres	O=0.9999420642852783|NORM=5.089068872621283e-05
sms-je	O=0.7653896808624268|NORM=0.23440028727054596
sturen	O=0.9998677968978882|NORM=7.108762656571344e-05
voor	O=0.999940037727356|NORM=4.953485768055543e-05
kerstkaart	O=0.9995343685150146|NORM=0.0004275122191756964
gebeuren	O=0.9994978904724121|NORM=0.0004914868040941656
.	O=0.9999316930770874|NORM=2.6009356588474475e-05
Dus	O=0.9999421834945679|NORM=3.310491229058243e-05
inclusief	O=0.999956488609314|NORM=3.0739331123186275e-05
postcode	O=0.999908447265625|NORM=6.0111473430879414e-05
.	O=0.9999198913574219|NORM=3.0553848773706704e-05
Halleej	NORM=0.8492597937583923|O=0.1505773514509201
,	O=0.999941349029541|NORM=2.2015119611751288e-05
Persoon	O=0.9993313550949097|NORM=0.0004770093655679375
64	O=0.9999606609344482|NORM=2.515789310564287e-05
.	O=0.9999271631240845|NORM=2.622983811306767e-05

bwa	NORM=0.9959185719490051|O=0.003954069223254919
dn	NORM=0.9894725680351257|O=0.01043786946684122
sbs	O=0.894713282585144|NORM=0.10514501482248306
2011	O=0.9992020726203918|NORM=0.000704315840266645
zouk	NORM=0.9998764991760254|O=8.528173202648759e-05
ook	O=0.9994931221008301|NORM=0.00044624341535381973
wille	NORM=0.9999037981033325|O=6.298325752140954e-05
draaien	O=0.998969316482544|NORM=0.0009997879387810826
maarja	NORM=0.890354573726654|O=0.10929349064826965

Vroegah	NORM=0.9998899698257446|O=8.07928154245019e-05
,	O=0.9999152421951294|NORM=2.944006882898975e-05
toen	O=0.9999551773071289|NORM=3.0585157219320536e-05
ik	O=0.9999597072601318|NORM=3.008367639267817e-05
nog	O=0.999954104423523|NORM=3.361855851835571e-05
eksamuns	O=0.9500564336776733|NORM=0.0498553141951561
moesdt	NORM=0.9997965693473816|O=0.00016859509923961014
maaken	NORM=0.9971566200256348|O=0.0028038800228387117
,	O=0.9999350309371948|NORM=2.53812650043983e-05
hadt	NORM=0.5849902033805847|O=0.414876252412796
ik	O=0.9999657869338989|NORM=2.465699981257785e-05
een	O=0.9999423027038574|NORM=3.96610121242702e-05
7.6	O=0.9998993873596191|NORM=6.196117465151474e-05
voor	O=0.9999539852142334|NORM=3.566628583939746e-05
neederlants	NORM=0.9360378980636597|O=0.06388600915670395
.	O=0.9999133348464966|NORM=2.6035484552267008e-05
#cumlaude	O=0.9999088048934937|NORM=6.817140092607588e-05

sffs	NORM=0.9998599290847778|O=0.00010757058771559969
slape	NORM=0.9998995065689087|O=6.73173344694078e-05
en	O=0.9998927116394043|NORM=9.10475937416777e-05
wrs	NORM=0.999876856803894|O=8.933643402997404e-05
2	O=0.9998014569282532|NORM=0.00017854398174677044
uurkes	NORM=0.9998334646224976|O=0.00012696656631305814
later	O=0.9935809373855591|NORM=0.006329310592263937
trg	NORM=0.9995772242546082|O=0.00037341369898058474
opstaan	O=0.9963843822479248|NORM=0.002854532329365611
:)	O=0.9997270703315735|NORM=6.140026380307972e-05

@SashaMBVBA	O=0.9999439716339111|NORM=4.554565384751186e-05
@clinelawton1	O=0.999940037727356|NORM=4.823934432351962e-05
a	NORM=0.9776927828788757|O=0.021501773968338966
zwijg	O=0.9953517913818359|NORM=0.0045820726081728935
ur	NORM=0.9994006156921387|O=0.00047954870387911797
basically	O=0.7622029781341553|NORM=0.23737429082393646
turkish	O=0.9620183110237122|NORM=0.03778725862503052
keb	NORM=0.9995515942573547|O=0.0004175493959337473
uw	O=0.9992741942405701|NORM=0.0006229815189726651
vader	O=0.9986888766288757|NORM=0.0012506137136369944
én	NORM=0.9957090616226196|O=0.004146586172282696
uw	O=0.9994127750396729|NORM=0.0005534457741305232
turks	O=0.8045347332954407|NORM=0.1951843947172165
wel	O=0.9998317956924438|NORM=0.00014815556642133743
al	O=0.9999032020568848|NORM=8.230581443058327e-05
gehoord	O=0.9985313415527344|NORM=0.0013335308758541942
hoor	O=0.9996954202651978|NORM=0.0002651710528880358

Hey	O=0.9998354911804199|NORM=0.0001237597898580134
!	O=0.9998651742935181|NORM=5.242244151304476e-05
Ja	O=0.9997283816337585|NORM=0.0002518251712899655
Tuurlijk	O=0.998324453830719|NORM=0.0016242805868387222
,	O=0.9998966455459595|NORM=4.0715742215979844e-05
2	O=0.9995602965354919|NORM=0.000329442584188655
febr	NORM=0.9458233714103699|O=0.053968846797943115
rond	O=0.9998886585235596|NORM=8.294729195768014e-05
20	O=0.9997696280479431|NORM=0.00013180129462853074
/	O=0.9998416900634766|NORM=0.00012599394540302455
20.30	O=0.9996930360794067|NORM=0.00015026258188299835
uur	O=0.999406099319458|NORM=0.0004031670105177909
oke	NORM=0.9997866749763489|O=0.0001641182170715183
?	O=0.9999299049377441|NORM=2.951074748125393e-05
xx	O=0.9998345375061035|NORM=0.00013648011372424662
Persoon	O=0.9985560774803162|NORM=0.0011768743861466646
54	O=0.9998904466629028|NORM=6.941875471966341e-05

Diets	O=0.9998076558113098|NORM=0.00016822805628180504
is	O=0.9998575448989868|NORM=0.00012617174070328474
zich	O=0.999862551689148|NORM=0.00010738790297182277
aant	NORM=0.9998667240142822|O=7.84057701821439e-05
amuseren	O=0.9996939897537231|NORM=0.0002722084755077958
.	O=0.9999233484268188|NORM=2.998245327034965e-05
:)	O=0.9999359846115112|NORM=2.283868525410071e-05
iedereen	O=0.9998911619186401|NORM=8.934138168115169e-05
een	O=0.9999222755432129|NORM=5.9749661886598915e-05
goede	O=0.9998747110366821|NORM=6.75561313983053e-05
blok	O=0.9991255402565002|NORM=0.0008050639880821109
aant	NORM=0.9998553991317749|O=8.63286477397196e-05
wensen	O=0.9996721744537354|NORM=0.00024866548483259976
he	O=0.9999064207077026|NORM=7.369809463853016e-05
.	O=0.999922513961792|NORM=3.2171512430068105e-05
;)	O=0.9999521970748901|NORM=1.6956948456936516e-05

wij	NORM=0.9998470544815063|O=0.0001010335108730942
gaan	O=0.9987736344337463|NORM=0.0010255819652229548
ni	NORM=0.9998741149902344|O=6.57790296827443e-05
na	NORM=0.9940464496612549|O=0.005878276191651821
dn	NORM=0.9998888969421387|O=7.41769908927381e-05
top	O=0.9997121691703796|NORM=0.0002142710582120344
100	O=0.9998679161071777|NORM=9.550827962812036e-05

moogt	NORM=0.9998809099197388|O=6.0650174418697134e-05
andrs	NORM=0.9999130964279175|O=4.8020752728916705e-05
no	O=0.9924489259719849|NORM=0.007429179269820452
ne	NORM=0.9993776679039001|O=0.0005572631489485502
ke	NORM=0.9944919347763062|O=0.005461334716528654
trugbelln	NORM=0.9997349381446838|O=0.00023173481167759746

@mvninhuys	O=0.9999308586120605|NORM=3.760573235922493e-05
Tuurlik	O=0.9990853071212769|NORM=0.0009050648077391088
.	O=0.9998754262924194|NORM=4.6381821448449045e-05
Gaef	O=0.9997742772102356|NORM=0.0002109078923240304
maar	O=0.9998550415039062|NORM=0.0001230025663971901
efkes	NORM=0.9992173910140991|O=0.0007567110587842762
dien	NORM=0.9927224516868591|O=0.007229786366224289
adres	O=0.9999231100082397|NORM=5.795416655018926e-05
door	O=0.9999191761016846|NORM=5.592922025243752e-05
,	O=0.9999428987503052|NORM=2.5088538677664474e-05
kom	O=0.9999500513076782|NORM=3.484113767626695e-05
ik	O=0.9999425411224365|NORM=5.044514546170831e-05
'm	NORM=0.9992056488990784|O=0.0007568857981823385
vanmiddaag	NORM=0.9992156028747559|O=0.0007550538866780698
bringe	NORM=0.999110758304596|O=0.0008653692784719169
...	O=0.9998886585235596|NORM=4.031605567433871e-05

Vanochtend	O=0.9995953440666199|NORM=0.00033482519211247563
bij	O=0.9999192953109741|NORM=6.446704355766997e-05
KRO	O=0.9993091821670532|NORM=0.0006564413197338581
Radio	O=0.9990612864494324|NORM=0.0004924520617350936
1	O=0.9998946189880371|NORM=7.276434189407155e-05
reactie	O=0.9989264607429504|NORM=0.0007606431609019637
gegeven	O=0.9992448091506958|NORM=0.0005977757973596454
op	O=0.9998705387115479|NORM=8.510297629982233e-05
Hillen's	O=0.9995461106300354|NORM=0.00042155402479693294
verkeerde	O=0.9998047947883606|NORM=0.00016152634634636343
signaal	O=0.9997689127922058|NORM=0.00015180124319158494
mbt	NORM=0.9996289014816284|O=0.0003232027811463922
Nld	NORM=0.9946709275245667|O=0.00527217099443078
inzet	O=0.9996492862701416|NORM=0.00024984401534311473
bij	O=0.9999186992645264|NORM=6.881186709506437e-05
anti-piraterij	O=0.99962317943573|NORM=0.0003570251865312457
operaties	O=0.9994727969169617|NORM=0.0004384766798466444
:	O=0.999904990196228|NORM=4.121061283512972e-05
http://bit.ly/h8Os9q	O=0.9999344348907471|NORM=5.5403081205440685e-05

kben	NORM=0.9998427629470825|O=9.349879110231996e-05
euhm	NORM=0.9995326995849609|O=0.00043774902587756515
te	O=0.9997181296348572|NORM=0.00018067078781314194
gevoelig	O=0.9998925924301147|NORM=8.699669706402346e-05
voor	O=0.999945878982544|NORM=4.269903001841158e-05
ziektes	O=0.9996883869171143|NORM=0.0002951927890535444
enzuu	NORM=0.9991581439971924|O=0.0007483747904188931
,	O=0.9999198913574219|NORM=2.7016416424885392e-05
aleja	NORM=0.9525207281112671|O=0.04733223840594292
kword	NORM=0.9998093247413635|O=0.0001116733328672126
te	O=0.9999436140060425|NORM=4.542179522104561e-05
snel	O=0.9999072551727295|NORM=6.26606706646271e-05
ziek	O=0.9998979568481445|NORM=8.594377140980214e-05
:)	O=0.9998672008514404|NORM=3.9494159864261746e-05

België	O=0.998030960559845|NORM=0.0018634526059031487
:	O=0.9998950958251953|NORM=5.138528285897337e-05
7	O=0.9999494552612305|NORM=2.5319450287497602e-05
milj	NORM=0.99782794713974|O=0.0021375680807977915
fietsen	O=0.9995323419570923|NORM=0.00035669392673298717
,	O=0.9999058246612549|NORM=4.3019765143981203e-05
11	O=0.9999539852142334|NORM=2.7090769435744733e-05
milj	NORM=0.9987279772758484|O=0.0012407099129632115
inwoners	O=0.9997479319572449|NORM=0.0001872920838650316
,	O=0.9999212026596069|NORM=3.55407792085316e-05
bev.	NORM=0.9989539384841919|O=0.0009842795552685857
dichtheid	O=0.999683141708374|NORM=0.000267674244241789
355	O=0.9999412298202515|NORM=4.436242670635693e-05
km²	O=0.9996721744537354|NORM=0.00030619880999438465
.	O=0.9998918771743774|NORM=3.6401834222488105e-05
Nederland	O=0.999663233757019|NORM=0.0002130254579242319
:	O=0.9999256134033203|NORM=3.715589991770685e-05
18	O=0.9999309778213501|NORM=3.3354954211972654e-05
milj	NORM=0.998539924621582|O=0.0014288335805758834
fietsen	O=0.9993778467178345|NORM=0.0004540443478617817
,	O=0.9999150037765503|NORM=3.5147444577887654e-05
16,5	O=0.999852180480957|NORM=0.00010058429324999452
milj	NORM=0.9982950091362|O=0.0016695947851985693
inwoners	O=0.9997394680976868|NORM=0.00020964001305401325
,	O=0.9999252557754517|NORM=3.251846646890044e-05
bev.	NORM=0.9988652467727661|O=0.001073608291335404
dichtheid	O=0.999731719493866|NORM=0.00021883762383367866
401	O=0.9997865557670593|NORM=0.00017498004308436066
km²	O=0.9997498393058777|NORM=0.00022855272982269526
.	O=0.9999109506607056|NORM=2.851357749023009e-05
#dus	O=0.9995291233062744|NORM=0.00043155174353159964

we	NORM=0.9998101592063904|O=0.0001046787147060968
vindn	NORM=0.999872088432312|O=7.953351450851187e-05
ze	O=0.9998501539230347|NORM=9.995012078434229e-05
nt	NORM=0.9996325969696045|O=0.00017462704272475094
meer	O=0.9995323419570923|NORM=0.00038661679718643427

@MalkopMedia	O=0.9999498128890991|NORM=3.902695243596099e-05
@AmnestySAfrica	O=0.9996837377548218|NORM=0.0002643518673721701
Oi	NORM=0.9537073969841003|O=0.04613953456282616
jy	NORM=0.9655532836914062|O=0.034362949430942535
moet	O=0.9961041212081909|NORM=0.003653916297480464
my	O=0.9841395616531372|NORM=0.015558856539428234
vid	O=0.9383101463317871|NORM=0.06133462116122246
gan	NORM=0.9986376166343689|O=0.0013101386139169335
check	O=0.9339566230773926|NORM=0.06598331034183502
hoor	O=0.9986844658851624|NORM=0.0012459178688004613

wrm	NORM=0.9998844861984253|O=7.567026477772743e-05
knn	NORM=0.9998980760574341|O=6.630373536609113e-05
mnsn	NORM=0.9998824596405029|O=8.320155757246539e-05
ni	NORM=0.9997785687446594|O=0.0001795769640011713
mr	NORM=0.9996602535247803|O=0.0002942112332675606
typn	NORM=0.9998672008514404|O=9.900275472318754e-05
?	O=0.9998835325241089|NORM=2.4130074962158687e-05

kga	NORM=0.9999109506607056|O=4.2269937694072723e-05
gn	NORM=0.9999006986618042|O=6.077104990254156e-05
mense	NORM=0.9997476935386658|O=0.00022163473477121443
op	O=0.9999257326126099|NORM=6.178277544677258e-05
me	O=0.9999490976333618|NORM=3.97944932046812e-05
shitlist	O=0.9044734835624695|NORM=0.09544005244970322
gooie	NORM=0.9998167157173157|O=0.00015043273742776364
:p	O=0.9998795986175537|NORM=9.256425983039662e-05
kmoe	NORM=0.9998948574066162|O=5.8284145779907703e-05
die	O=0.9996899366378784|NORM=0.00024937285343185067
ng	NORM=0.9998107552528381|O=0.0001593198103364557
instellen	O=0.9976674914360046|NORM=0.002215108135715127

ge	NORM=0.9998793601989746|O=5.9623922425089404e-05
muugt	NORM=0.9998524188995361|O=9.711004531709477e-05
ook	O=0.9998076558113098|NORM=0.00016830925596877933
ier	NORM=0.9998706579208374|O=6.44690080662258e-05
ontbijtn	NORM=0.9998763799667358|O=7.940296200104058e-05
oor	NORM=0.9853948354721069|O=0.014566469006240368

@mehdi_karayusuf	O=0.9999243021011353|NORM=6.251991726458073e-05
Sowieso	O=0.9811788201332092|NORM=0.018787506967782974
sportschool	O=0.9984495639801025|NORM=0.0015212418511509895
etiquette	O=0.9996436834335327|NORM=0.00031445929198525846
nowadays	O=0.997951090335846|NORM=0.0020233462564647198
is	O=0.9997517466545105|NORM=0.0002310695854248479
ergernis	O=0.9998770952224731|NORM=0.00011106889724032953
:	O=0.9997782111167908|NORM=0.00013178143126424402
selfies	O=0.9996286630630493|NORM=0.00032243612804450095
maken	O=0.9985706806182861|NORM=0.0010227198945358396
/	O=0.999884843826294|NORM=8.846744458423927e-05
appen	O=0.9897164702415466|NORM=0.010110468603670597
en	O=0.9998643398284912|NORM=0.0001177173326141201
het	O=0.9997878670692444|NORM=0.00019529694691300392
apparaat	O=0.9993307590484619|NORM=0.0006284378468990326
bezet	O=0.9969092011451721|NORM=0.0030801757238805294
houden	O=0.9998793601989746|NORM=0.00010481442586751655
wel	O=0.9998834133148193|NORM=0.00010067341645481065
meer	O=0.9998708963394165|NORM=0.00010376843420090154
dan	O=0.9998451471328735|NORM=0.00013878323079552501
20	O=0.9998107552528381|NORM=0.00013708094775211066
minuten	O=0.9991938471794128|NORM=0.0006304283160716295
/	O=0.9999094009399414|NORM=6.400621350621805e-05
spiegel	O=0.9997419714927673|NORM=0.00022137364430818707
blokkeren	O=0.9994972944259644|NORM=0.0004307687049731612
voor	O=0.9998822212219238|NORM=0.00010681171261239797
andere	O=0.9998965263366699|NORM=9.084802150027826e-05
functionel	NORM=0.5736035108566284|O=0.4258604645729065
sporters	O=0.9996410608291626|NORM=0.00034757039975374937
enz	NORM=0.9994982481002808|O=0.0004409753018990159

Anders	O=0.9872654676437378|NORM=0.012639569118618965
zou	O=0.9995467066764832|NORM=0.0004160652752034366
'k	NORM=0.9998776912689209|O=8.350705320481211e-05
wss	NORM=0.999885082244873|O=8.441721001872793e-05
ne	NORM=0.9998805522918701|O=8.000943489605561e-05
stoot	O=0.9869669079780579|NORM=0.012961878441274166
trug	NORM=0.999784529209137|O=0.00018347751756664366
gegeven	O=0.9998427629470825|NORM=0.0001361777976853773
hebbe	NORM=0.9998751878738403|O=9.996567678172141e-05

nooo	NORM=0.999798595905304|O=0.00015898320998530835
hy	NORM=0.9997091889381409|O=0.0002481430710759014
gaat	O=0.9981327652931213|NORM=0.0017110423650592566
me	O=0.9999284744262695|NORM=5.462412809720263e-05
my	NORM=0.9994457364082336|O=0.0004529132856987417
schureeeeeen	NORM=0.9991421699523926|O=0.0008336628670804203
;D	O=0.9999077320098877|NORM=4.482068106881343e-05

kijk	NORM=0.9974896907806396|O=0.0024618676397949457
veel	O=0.9989874958992004|NORM=0.0009987868834286928
filmkes	NORM=0.999579131603241|O=0.0003903073666151613
morja	NORM=0.9997703433036804|O=0.0001638692046981305
kval	NORM=0.9440991282463074|O=0.05583904683589935
ni	NORM=0.9998810291290283|O=9.657595364842564e-05
op	O=0.9998366832733154|NORM=0.00015564079512842
vrouwen	O=0.9964356422424316|NORM=0.0035516084171831608
mss	NORM=0.9998648166656494|O=0.00010096364712808281
damee	NORM=0.9996495246887207|O=0.00030368624720722437

Ik	NORM=0.9067739844322205|O=0.09309028834104538
u	NORM=0.9284361600875854|O=0.07140299677848816
ooooooook	NORM=0.9994943141937256|O=0.00042391938040964305
!	O=0.9998212456703186|NORM=6.940785533515736e-05
Xx	O=0.9999305009841919|NORM=4.905201785732061e-05

jah	NORM=0.9998915195465088|O=5.912308188271709e-05
kweet	NORM=0.9998855590820312|O=7.811273826519027e-05
moja	NORM=0.7830415368080139|O=0.2159098982810974
:o	O=0.9999104738235474|NORM=5.259417594061233e-05
kmoe	NORM=0.9998711347579956|O=7.675465167267248e-05
zowieso	NORM=0.7698880434036255|O=0.22993351519107819
morgen	O=0.9997997879981995|NORM=0.00018057769921142608
gaan	O=0.9993075132369995|NORM=0.0005011643515899777
of	O=0.9999094009399414|NORM=8.037546649575233e-05
tga	NORM=0.9998998641967773|O=6.427768676076084e-05
geen	O=0.9998052716255188|NORM=0.00015654333401471376
verzekering	O=0.9992375373840332|NORM=0.000701540382578969
niemeer	NORM=0.9996949434280396|O=0.0002526384487282485
zijn	O=0.9989570379257202|NORM=0.0009711695602163672
:o	O=0.9997552037239075|NORM=0.00015535599959548563

RT	O=0.9999279975891113|NORM=4.87470933876466e-05
@zyl_adrian	O=0.9999505281448364|NORM=3.385236414032988e-05
:	O=0.9998964071273804|NORM=3.079029556829482e-05
So	O=0.9965589642524719|NORM=0.003378727938979864
al	O=0.9965319633483887|NORM=0.0034411675296723843
julle	O=0.8225165605545044|NORM=0.17731747031211853
pragtige	O=0.9758517742156982|NORM=0.023956749588251114
Suid	O=0.7942063808441162|NORM=0.20542488992214203
Afrikaaners	NORM=0.977319598197937|O=0.02259880304336548
daar	O=0.9987323880195618|NORM=0.0011942134005948901
buite	NORM=0.9970036149024963|O=0.0029371846467256546
hoop	O=0.9921850562095642|NORM=0.007652697153389454
julle	O=0.8823739886283875|NORM=0.11743906885385513
het	O=0.9640120267868042|NORM=0.03590426594018936
n	NORM=0.9979537725448608|O=0.001900168601423502
fantastiese	O=0.5556178092956543|NORM=0.44420164823532104
dag	O=0.9993160963058472|NORM=0.0006293343030847609

daedric	NORM=0.9712411761283875|O=0.028424954041838646
armore	O=0.8554953336715698|NORM=0.14430810511112213
hebk	NORM=0.9998201727867126|O=0.000148248509503901
aan	O=0.9995993971824646|NORM=0.0003872606612276286
men	NORM=0.9969630837440491|O=0.002986373146995902
guards	O=0.9562659859657288|NORM=0.04366506263613701
gegeve	NORM=0.9997501969337463|O=0.00021861886489205062
:(	O=0.9994231462478638|NORM=0.00018169118266087025

jama	NORM=0.9999028444290161|O=6.046946145943366e-05
loona	NORM=0.9877322912216187|O=0.012186546809971333
vn	NORM=0.9998506307601929|O=0.00011666829232126474
mij	O=0.9999301433563232|NORM=5.322147990227677e-05
moete	NORM=0.9999176263809204|O=4.9054197006626055e-05
gn	NORM=0.9998855590820312|O=8.231220999732614e-05
schrik	O=0.9998326301574707|NORM=0.0001548026193631813
hebbn	NORM=0.9998496770858765|O=0.00012594966392498463
znne	NORM=0.9994667172431946|O=0.0005028045270591974
:p	O=0.9978621602058411|NORM=0.0014350650599226356

Strax	NORM=0.9991670846939087|O=0.0008068238385021687
gzellig	O=0.9973371624946594|NORM=0.002619108185172081
naar	O=0.9997332692146301|NORM=0.00017826573457568884
#heemskerk	O=0.9996473789215088|NORM=0.0002992518129758537
=p	O=0.9998959302902222|NORM=8.698296005604789e-05
mr	NORM=0.9998243451118469|O=0.0001358437439193949
eerst	O=0.9997921586036682|NORM=0.00019373768009245396
ff	NORM=0.9997636675834656|O=0.00020550981571432203
gitaar	O=0.9993882179260254|NORM=0.0005676159635186195
spelen	O=0.9984941482543945|NORM=0.0009565521031618118
!	O=0.9999141693115234|NORM=3.1521056371275336e-05

Jaaaa	NORM=0.9926190972328186|O=0.006984110455960035
!	O=0.9998743534088135|NORM=5.2000479627167806e-05
Heb	O=0.9994701743125916|NORM=0.000461979943793267
er	O=0.9995488524436951|NORM=0.0004397549491841346
zin	O=0.9996564388275146|NORM=0.00029102133703418076
in	O=0.9998270869255066|NORM=0.0001401149929733947
!	O=0.9999179840087891|NORM=3.69723784388043e-05
Xje	NORM=0.5127415657043457|O=0.4870193302631378

@J0_oST	O=0.9995344877243042|NORM=0.0003379917470738292
aaight	NORM=0.9998559951782227|O=9.024515748023987e-05
zal	O=0.50648432970047|NORM=0.4932747185230255
Vanaaf	O=0.9720156788825989|NORM=0.0279021468013525
ofzo	O=0.9997490048408508|NORM=0.00023903403780423105
wel	O=0.9997487664222717|NORM=0.0002333362790523097
ff	NORM=0.999574601650238|O=0.00038993448833934963
kijken	O=0.9990403056144714|NORM=0.0008388907881453633
man^^	O=0.9997275471687317|NORM=0.00022387506032828242

@Spartan23R	O=0.9999562501907349|NORM=2.4154716811608523e-05
aaaight	NORM=0.9994269609451294|O=0.0005280633340589702
!	O=0.9999148845672607|NORM=3.247765198466368e-05
Al	O=0.9997343420982361|NORM=0.00023451726883649826
de	O=0.9990498423576355|NORM=0.0009359868708997965
2e	O=0.9951137900352478|NORM=0.004822728224098682
keer	O=0.9970664381980896|NORM=0.002807638607919216
=p	O=0.9994159936904907|NORM=0.0005525214946828783
kga	NORM=0.9999004602432251|O=6.71100351610221e-05
zo	O=0.9975823163986206|NORM=0.0023924843408167362
ff	NORM=0.9997044205665588|O=0.00026369464467279613
kijke	NORM=0.9998014569282532|O=0.00015821742999833077
#winning	O=0.9998956918716431|NORM=8.332630386576056e-05

Tkan	NORM=0.9998908042907715|O=6.198221672093496e-05
zijn	O=0.9998650550842285|NORM=0.0001132100005634129
dak	NORM=0.7454717755317688|O=0.2543705701828003
afkom	NORM=0.8739609122276306|O=0.12585221230983734
.	O=0.999887228012085|NORM=3.367377576068975e-05
Kben	NORM=0.999895453453064|O=6.850495265098289e-05
toch	O=0.9999637603759766|NORM=2.3343864086200483e-05
maar	O=0.9999392032623291|NORM=4.540881855064072e-05
mobiel	O=0.9998201727867126|NORM=0.00014547088358085603
aant	NORM=0.9998993873596191|O=6.688492430839688e-05
worden	O=0.9999171495437622|NORM=6.152319110697135e-05
.	O=0.9998992681503296|NORM=3.346254015923478e-05
:p	O=0.9998288154602051|NORM=0.00010014700819738209

McGraard	O=0.9391987919807434|NORM=0.06057171896100044
!	O=0.9999029636383057|NORM=2.3793663785909303e-05
Goed	O=0.9999045133590698|NORM=6.713161565130576e-05
geBBQd	NORM=0.9400287866592407|O=0.05987638607621193
?	O=0.9999247789382935|NORM=1.9195293134544045e-05
Was	O=0.9998372793197632|NORM=8.678530139150098e-05
het	O=0.9999202489852905|NORM=5.542379949474707e-05
daar	O=0.9999167919158936|NORM=5.0381640903651714e-05
ook	O=0.999922513961792|NORM=4.366713255876675e-05
zo	O=0.9999387264251709|NORM=3.9699847548035905e-05
warm	O=0.9995892643928528|NORM=0.00021720328368246555
?	O=0.9999265670776367|NORM=1.883140066638589e-05
Welterusten	NORM=0.8768582940101624|O=0.12294591218233109
Zeun	O=0.9991443157196045|NORM=0.0007763442699797451

we	NORM=0.9998874664306641|O=6.10623465036042e-05
ebbn	NORM=0.9999033212661743|O=5.077116293250583e-05
bezoek	O=0.9997274279594421|NORM=0.0002534773666411638
vanavnd	NORM=0.9998942613601685|O=6.71044981572777e-05

Neen	NORM=0.999774158000946|O=0.00019443570636212826
,	O=0.999923586845398|NORM=2.3131866328185424e-05
jij	O=0.999957799911499|NORM=2.2851167159387842e-05
bent	O=0.9998052716255188|NORM=0.0001343005569651723
belangrijk	O=0.9999618530273438|NORM=2.241312358819414e-05
.	O=0.9998877048492432|NORM=2.860546373995021e-05
Mag	O=0.9999045133590698|NORM=5.51974299014546e-05
woutie	NORM=0.9996728897094727|O=0.00025217505753971636
nog	O=0.9998985528945923|NORM=6.640583887929097e-05
ff	NORM=0.9996069073677063|O=0.0003408743068575859
weggaan	O=0.9992020726203918|NORM=0.0005426614661701024
?	O=0.9999384880065918|NORM=1.669027733441908e-05

sollicitiebrief	O=0.9987095594406128|NORM=0.0011490971082821488
geschreven	O=0.9999411106109619|NORM=4.478871778701432e-05
/	O=0.9998594522476196|NORM=0.00011502386041684076
verstuurd	O=0.9995546936988831|NORM=0.0003774753713514656
,	O=0.999954104423523|NORM=2.127721563738305e-05
boodschappen	O=0.9998481273651123|NORM=0.0001314350520260632
gedaan	O=0.9996211528778076|NORM=0.00022592533787246794
voor	O=0.9999278783798218|NORM=6.338391540339217e-05
ccg	NORM=0.8568931818008423|O=0.14295808970928192
bbq	O=0.999853253364563|NORM=0.00013385716010816395
.	O=0.9999325275421143|NORM=3.3387914299964905e-05
zometeen	O=0.9981483221054077|NORM=0.0018378655659034848
Hanze	O=0.9999357461929321|NORM=5.196292113396339e-05
keuzecafe	O=0.9998675584793091|NORM=0.00012207876716274768
en	O=0.9999415874481201|NORM=4.813142368220724e-05
filmen	O=0.9998809099197388|NORM=9.047292405739427e-05
@Oostergast	O=0.9999603033065796|NORM=2.9628559786942787e-05
.	O=0.9999254941940308|NORM=3.228797504561953e-05
#drukdrukdrukdruk	O=0.9999223947525024|NORM=5.7166525948559865e-05

en	NORM=0.9998533725738525|O=9.567152301315218e-05
oke	NORM=0.9998506307601929|O=9.111472172662616e-05
oke	NORM=0.9998032450675964|O=0.00014163363084662706
Zenoke	O=0.9992891550064087|NORM=0.0006270674057304859
:)	O=0.9998929500579834|NORM=3.838787961285561e-05
kzal	NORM=0.9998660087585449|O=8.175818948075175e-05
al	O=0.9998524188995361|NORM=0.00012116480502299964
wel	O=0.9998819828033447|NORM=9.538291487842798e-05
verder	O=0.9997594952583313|NORM=0.00020241161109879613
studere	NORM=0.9984487295150757|O=0.0014958060346543789
:o	O=0.9999068975448608|NORM=6.643515371251851e-05
ng	NORM=0.9997703433036804|O=0.00017327840032521635
anderhalf	O=0.99945467710495|NORM=0.0005200905725359917
jaar	O=0.9986673593521118|NORM=0.001016375725157559
na	O=0.9883415102958679|NORM=0.011631784029304981
dit	O=0.9994822144508362|NORM=0.0005046777077950537
:)	O=0.9999141693115234|NORM=3.385445597814396e-05

en	NORM=0.9998733997344971|O=8.732776768738404e-05
woa	NORM=0.9999035596847534|O=5.456752478494309e-05
zitn	NORM=0.9999192953109741|O=4.0030859963735566e-05
die	O=0.9997898936271667|NORM=0.0001721661101328209
gastn	NORM=0.9998952150344849|O=6.922101601958275e-05
van	O=0.9997225403785706|NORM=0.00022523249208461493
westoek	NORM=0.999868631362915|O=9.224143286701292e-05
iere	NORM=0.9999072551727295|O=5.487023736350238e-05

